--------------------------------------------------------------------------------------
Timing Analyzer Summary
--------------------------------------------------------------------------------------

Type           : Worst-case tsu
Slack          : N/A
Required Time  : None
Actual Time    : 11.038 ns
From           : SRAM_DQ[14]
To             : VGA_Controller:u8|Cur_Color_B[8]
From Clock     : --
To Clock       : CLOCK_27[0]
Failed Paths   : 0

Type           : Worst-case tco
Slack          : N/A
Required Time  : None
Actual Time    : 18.985 ns
From           : AUDIO_DAC:u11|SEL_Cont[2]
To             : AUD_DACDAT
From Clock     : CLOCK_27[0]
To Clock       : --
Failed Paths   : 0

Type           : Worst-case tpd
Slack          : N/A
Required Time  : None
Actual Time    : 9.117 ns
From           : SW[1]
To             : AUD_DACDAT
From Clock     : --
To Clock       : --
Failed Paths   : 0

Type           : Worst-case th
Slack          : N/A
Required Time  : None
Actual Time    : 2.146 ns
From           : TDI
To             : USB_JTAG:u1|JTAG_REC:u0|rDATA[7]
From Clock     : --
To Clock       : CLOCK_50
Failed Paths   : 0

Type           : Clock Setup: 'TCK'
Slack          : -2.309 ns
Required Time  : 400.00 MHz ( period = 2.500 ns )
Actual Time    : 207.94 MHz ( period = 4.809 ns )
From           : USB_JTAG:u1|JTAG_TRANS:u1|rCont[1]
To             : USB_JTAG:u1|JTAG_TRANS:u1|TDO
From Clock     : TCK
To Clock       : TCK
Failed Paths   : 3

Type           : Clock Setup: 'CLOCK_50'
Slack          : 1.281 ns
Required Time  : 50.00 MHz ( period = 20.000 ns )
Actual Time    : N/A
From           : Multi_Sdram:u3|Sdram_Controller:u1|mDONE
To             : Multi_Sdram:u3|Sdram_Controller:u1|DONE
From Clock     : Multi_Sdram:u3|Sdram_Controller:u1|PLL1:sdram_pll1|altpll:altpll_component|_clk0
To Clock       : CLOCK_50
Failed Paths   : 0

Type           : Clock Setup: 'Multi_Sdram:u3|Sdram_Controller:u1|PLL1:sdram_pll1|altpll:altpll_component|_clk0'
Slack          : 10.819 ns
Required Time  : 50.00 MHz ( period = 20.000 ns )
Actual Time    : N/A
From           : CMD_Decode:u5|oSDR_Select[0]
To             : Multi_Sdram:u3|Sdram_Controller:u1|ST[0]
From Clock     : CLOCK_50
To Clock       : Multi_Sdram:u3|Sdram_Controller:u1|PLL1:sdram_pll1|altpll:altpll_component|_clk0
Failed Paths   : 0

Type           : Clock Setup: 'VGA_Audio_PLL:p1|altpll:altpll_component|_clk0'
Slack          : 23.853 ns
Required Time  : 25.20 MHz ( period = 39.682 ns )
Actual Time    : 63.18 MHz ( period = 15.829 ns )
From           : VGA_OSD_RAM:u9|Img_RAM:u0|altsyncram:altsyncram_component|altsyncram_f7o1:auto_generated|altsyncram_e132:altsyncram1|out_address_reg_a[0]
To             : VGA_OSD_RAM:u9|oRed[9]
From Clock     : VGA_Audio_PLL:p1|altpll:altpll_component|_clk0
To Clock       : VGA_Audio_PLL:p1|altpll:altpll_component|_clk0
Failed Paths   : 0

Type           : Clock Setup: 'VGA_Audio_PLL:p1|altpll:altpll_component|_clk1'
Slack          : 25.191 ns
Required Time  : 18.00 MHz ( period = 55.555 ns )
Actual Time    : 193.27 MHz ( period = 5.174 ns )
From           : AUDIO_DAC:u11|FLASH_Cont[0]
To             : AUDIO_DAC:u11|FLASH_Out_Tmp[0]
From Clock     : VGA_Audio_PLL:p1|altpll:altpll_component|_clk1
To Clock       : VGA_Audio_PLL:p1|altpll:altpll_component|_clk1
Failed Paths   : 0

Type           : Clock Hold: 'Multi_Sdram:u3|Sdram_Controller:u1|PLL1:sdram_pll1|altpll:altpll_component|_clk0'
Slack          : 0.445 ns
Required Time  : 50.00 MHz ( period = 20.000 ns )
Actual Time    : N/A
From           : Multi_Sdram:u3|Sdram_Controller:u1|command:command1|rw_flag
To             : Multi_Sdram:u3|Sdram_Controller:u1|command:command1|rw_flag
From Clock     : Multi_Sdram:u3|Sdram_Controller:u1|PLL1:sdram_pll1|altpll:altpll_component|_clk0
To Clock       : Multi_Sdram:u3|Sdram_Controller:u1|PLL1:sdram_pll1|altpll:altpll_component|_clk0
Failed Paths   : 0

Type           : Clock Hold: 'VGA_Audio_PLL:p1|altpll:altpll_component|_clk0'
Slack          : 0.445 ns
Required Time  : 25.20 MHz ( period = 39.682 ns )
Actual Time    : N/A
From           : VGA_Controller:u8|oVGA_V_SYNC
To             : VGA_Controller:u8|oVGA_V_SYNC
From Clock     : VGA_Audio_PLL:p1|altpll:altpll_component|_clk0
To Clock       : VGA_Audio_PLL:p1|altpll:altpll_component|_clk0
Failed Paths   : 0

Type           : Clock Hold: 'VGA_Audio_PLL:p1|altpll:altpll_component|_clk1'
Slack          : 0.445 ns
Required Time  : 18.00 MHz ( period = 55.555 ns )
Actual Time    : N/A
From           : AUDIO_DAC:u11|SEL_Cont[3]
To             : AUDIO_DAC:u11|SEL_Cont[3]
From Clock     : VGA_Audio_PLL:p1|altpll:altpll_component|_clk1
To Clock       : VGA_Audio_PLL:p1|altpll:altpll_component|_clk1
Failed Paths   : 0

Type           : Clock Hold: 'TCK'
Slack          : 0.445 ns
Required Time  : 400.00 MHz ( period = 2.500 ns )
Actual Time    : N/A
From           : USB_JTAG:u1|JTAG_TRANS:u1|rCont[0]
To             : USB_JTAG:u1|JTAG_TRANS:u1|rCont[0]
From Clock     : TCK
To Clock       : TCK
Failed Paths   : 0

Type           : Clock Hold: 'CLOCK_50'
Slack          : 0.445 ns
Required Time  : 50.00 MHz ( period = 20.000 ns )
Actual Time    : N/A
From           : CMD_Decode:u5|f_VGA
To             : CMD_Decode:u5|f_VGA
From Clock     : CLOCK_50
To Clock       : CLOCK_50
Failed Paths   : 0

Type           : Total number of failed paths
Slack          : 
Required Time  : 
Actual Time    : 
From           : 
To             : 
From Clock     : 
To Clock       : 
Failed Paths   : 3

--------------------------------------------------------------------------------------

