Archive member included because of file (symbol)

/opt/altera/12.1sp1/nios2eds/bin/gnu/H-i686-pc-linux-gnu/bin/../lib/gcc/nios2-elf/4.1.2/mno-hw-mul/libgcc.a(lib2-divmod.o)
                              obj/default/hello_world.o (__divsi3)
/opt/altera/12.1sp1/nios2eds/bin/gnu/H-i686-pc-linux-gnu/bin/../lib/gcc/nios2-elf/4.1.2/mno-hw-mul/libgcc.a(lib2-mul.o)
                              obj/default/hello_world.o (__mulsi3)
/opt/altera/12.1sp1/nios2eds/bin/gnu/H-i686-pc-linux-gnu/bin/../lib/gcc/nios2-elf/4.1.2/../../../../nios2-elf/lib/mno-hw-mul/libc.a(lib_a-calloc.o)
                              obj/default/hello_world.o (calloc)
/opt/altera/12.1sp1/nios2eds/bin/gnu/H-i686-pc-linux-gnu/bin/../lib/gcc/nios2-elf/4.1.2/../../../../nios2-elf/lib/mno-hw-mul/libc.a(lib_a-callocr.o)
                              /opt/altera/12.1sp1/nios2eds/bin/gnu/H-i686-pc-linux-gnu/bin/../lib/gcc/nios2-elf/4.1.2/../../../../nios2-elf/lib/mno-hw-mul/libc.a(lib_a-calloc.o) (_calloc_r)
/opt/altera/12.1sp1/nios2eds/bin/gnu/H-i686-pc-linux-gnu/bin/../lib/gcc/nios2-elf/4.1.2/../../../../nios2-elf/lib/mno-hw-mul/libc.a(lib_a-exit.o)
                              obj/default/hello_world.o (exit)
/opt/altera/12.1sp1/nios2eds/bin/gnu/H-i686-pc-linux-gnu/bin/../lib/gcc/nios2-elf/4.1.2/../../../../nios2-elf/lib/mno-hw-mul/libc.a(lib_a-fclose.o)
                              obj/default/hello_world.o (fclose)
/opt/altera/12.1sp1/nios2eds/bin/gnu/H-i686-pc-linux-gnu/bin/../lib/gcc/nios2-elf/4.1.2/../../../../nios2-elf/lib/mno-hw-mul/libc.a(lib_a-fflush.o)
                              /opt/altera/12.1sp1/nios2eds/bin/gnu/H-i686-pc-linux-gnu/bin/../lib/gcc/nios2-elf/4.1.2/../../../../nios2-elf/lib/mno-hw-mul/libc.a(lib_a-fclose.o) (_fflush_r)
/opt/altera/12.1sp1/nios2eds/bin/gnu/H-i686-pc-linux-gnu/bin/../lib/gcc/nios2-elf/4.1.2/../../../../nios2-elf/lib/mno-hw-mul/libc.a(lib_a-fgets.o)
                              obj/default/hello_world.o (fgets)
/opt/altera/12.1sp1/nios2eds/bin/gnu/H-i686-pc-linux-gnu/bin/../lib/gcc/nios2-elf/4.1.2/../../../../nios2-elf/lib/mno-hw-mul/libc.a(lib_a-findfp.o)
                              /opt/altera/12.1sp1/nios2eds/bin/gnu/H-i686-pc-linux-gnu/bin/../lib/gcc/nios2-elf/4.1.2/../../../../nios2-elf/lib/mno-hw-mul/libc.a(lib_a-fclose.o) (__sfp_lock_acquire)
/opt/altera/12.1sp1/nios2eds/bin/gnu/H-i686-pc-linux-gnu/bin/../lib/gcc/nios2-elf/4.1.2/../../../../nios2-elf/lib/mno-hw-mul/libc.a(lib_a-fopen.o)
                              obj/default/hello_world.o (fopen)
/opt/altera/12.1sp1/nios2eds/bin/gnu/H-i686-pc-linux-gnu/bin/../lib/gcc/nios2-elf/4.1.2/../../../../nios2-elf/lib/mno-hw-mul/libc.a(lib_a-fprintf.o)
                              obj/default/hello_world.o (fprintf)
/opt/altera/12.1sp1/nios2eds/bin/gnu/H-i686-pc-linux-gnu/bin/../lib/gcc/nios2-elf/4.1.2/../../../../nios2-elf/lib/mno-hw-mul/libc.a(lib_a-fread.o)
                              obj/default/hello_world.o (fread)
/opt/altera/12.1sp1/nios2eds/bin/gnu/H-i686-pc-linux-gnu/bin/../lib/gcc/nios2-elf/4.1.2/../../../../nios2-elf/lib/mno-hw-mul/libc.a(lib_a-freer.o)
                              /opt/altera/12.1sp1/nios2eds/bin/gnu/H-i686-pc-linux-gnu/bin/../lib/gcc/nios2-elf/4.1.2/../../../../nios2-elf/lib/mno-hw-mul/libc.a(lib_a-fclose.o) (_free_r)
/opt/altera/12.1sp1/nios2eds/bin/gnu/H-i686-pc-linux-gnu/bin/../lib/gcc/nios2-elf/4.1.2/../../../../nios2-elf/lib/mno-hw-mul/libc.a(lib_a-fscanf.o)
                              obj/default/hello_world.o (fscanf)
/opt/altera/12.1sp1/nios2eds/bin/gnu/H-i686-pc-linux-gnu/bin/../lib/gcc/nios2-elf/4.1.2/../../../../nios2-elf/lib/mno-hw-mul/libc.a(lib_a-fseek.o)
                              /opt/altera/12.1sp1/nios2eds/bin/gnu/H-i686-pc-linux-gnu/bin/../lib/gcc/nios2-elf/4.1.2/../../../../nios2-elf/lib/mno-hw-mul/libc.a(lib_a-fopen.o) (_fseek_r)
/opt/altera/12.1sp1/nios2eds/bin/gnu/H-i686-pc-linux-gnu/bin/../lib/gcc/nios2-elf/4.1.2/../../../../nios2-elf/lib/mno-hw-mul/libc.a(lib_a-fstatr.o)
                              /opt/altera/12.1sp1/nios2eds/bin/gnu/H-i686-pc-linux-gnu/bin/../lib/gcc/nios2-elf/4.1.2/../../../../nios2-elf/lib/mno-hw-mul/libc.a(lib_a-fseek.o) (_fstat_r)
/opt/altera/12.1sp1/nios2eds/bin/gnu/H-i686-pc-linux-gnu/bin/../lib/gcc/nios2-elf/4.1.2/../../../../nios2-elf/lib/mno-hw-mul/libc.a(lib_a-fwalk.o)
                              /opt/altera/12.1sp1/nios2eds/bin/gnu/H-i686-pc-linux-gnu/bin/../lib/gcc/nios2-elf/4.1.2/../../../../nios2-elf/lib/mno-hw-mul/libc.a(lib_a-fflush.o) (_fwalk_reent)
/opt/altera/12.1sp1/nios2eds/bin/gnu/H-i686-pc-linux-gnu/bin/../lib/gcc/nios2-elf/4.1.2/../../../../nios2-elf/lib/mno-hw-mul/libc.a(lib_a-fwrite.o)
                              obj/default/hello_world.o (fwrite)
/opt/altera/12.1sp1/nios2eds/bin/gnu/H-i686-pc-linux-gnu/bin/../lib/gcc/nios2-elf/4.1.2/../../../../nios2-elf/lib/mno-hw-mul/libc.a(lib_a-impure.o)
[...]
Memory Configuration

Name             Origin             Length             Attributes
sdram_0          0x00800000         0x00800000
sram_0           0x01080000         0x00080000
reset            0x01108000         0x00000020
onchip_mem       0x01108020         0x00004fe0
*default*        0x00000000         0xffffffff

Linker script and memory map

LOAD ../ReadMat5_bsp//obj/HAL/src/crt0.o
LOAD obj/default/hello_world.o
LOAD /opt/altera/12.1sp1/nios2eds/bin/gnu/H-i686-pc-linux-gnu/bin/../lib/gcc/nios2-elf/4.1.2/../../../../nios2-elf/lib/mno-hw-mul/libstdc++.a
LOAD /opt/altera/12.1sp1/nios2eds/bin/gnu/H-i686-pc-linux-gnu/bin/../lib/gcc/nios2-elf/4.1.2/../../../../nios2-elf/lib/mno-hw-mul/libm.a
LOAD /opt/altera/12.1sp1/nios2eds/bin/gnu/H-i686-pc-linux-gnu/bin/../lib/gcc/nios2-elf/4.1.2/mno-hw-mul/libgcc.a
START GROUP
LOAD /opt/altera/12.1sp1/nios2eds/bin/gnu/H-i686-pc-linux-gnu/bin/../lib/gcc/nios2-elf/4.1.2/../../../../nios2-elf/lib/mno-hw-mul/libc.a
LOAD /opt/altera/12.1sp1/nios2eds/bin/gnu/H-i686-pc-linux-gnu/bin/../lib/gcc/nios2-elf/4.1.2/mno-hw-mul/libgcc.a
LOAD ../ReadMat5_bsp//libhal_bsp.a
END GROUP
LOAD /opt/altera/12.1sp1/nios2eds/bin/gnu/H-i686-pc-linux-gnu/bin/../lib/gcc/nios2-elf/4.1.2/mno-hw-mul/libgcc.a
                0x00800000                __alt_mem_sdram_0 = 0x800000
                0x01080000                __alt_mem_sram_0 = 0x1080000
                0x01108000                __alt_mem_onchip_mem = 0x1108000

.entry          0x01108000       0x20
 *(.entry)
 .entry         0x01108000       0x20 ../ReadMat5_bsp//obj/HAL/src/crt0.o
                0x01108000                __reset

.exceptions     0x01108020      0x194 load address 0x00800000
                0x01108020                PROVIDE (__ram_exceptions_start, ABSOLUTE (.))
                0x01108020                . = ALIGN (0x20)
 *(.irq)
 *(.exceptions.entry.label)
 .exceptions.entry.label
                0x01108020        0x0 ../ReadMat5_bsp//libhal_bsp.a(alt_irq_entry.o)
                0x01108020                alt_irq_entry
 .exceptions.entry.label
                0x01108020        0x0 ../ReadMat5_bsp//libhal_bsp.a(alt_exception_entry.o)
                0x01108020                alt_exception
 *(.exceptions.entry.user)
 *(.exceptions.entry)
 .exceptions.entry
                0x01108020       0x54 ../ReadMat5_bsp//libhal_bsp.a(alt_exception_entry.o)
 *(.exceptions.irqtest.user)
 *(.exceptions.irqtest)
 .exceptions.irqtest
                0x01108074       0x10 ../ReadMat5_bsp//libhal_bsp.a(alt_irq_entry.o)
 *(.exceptions.irqhandler.user)
 *(.exceptions.irqhandler)
 .exceptions.irqhandler
                0x01108084        0x4 ../ReadMat5_bsp//libhal_bsp.a(alt_irq_entry.o)
 *(.exceptions.irqreturn.user)
 *(.exceptions.irqreturn)
 .exceptions.irqreturn
                0x01108088        0x4 ../ReadMat5_bsp//libhal_bsp.a(alt_irq_entry.o)
 *(.exceptions.notirq.label)
 .exceptions.notirq.label
                0x0110808c        0x0 ../ReadMat5_bsp//libhal_bsp.a(alt_irq_entry.o)
 *(.exceptions.notirq.user)
 *(.exceptions.notirq)
 .exceptions.notirq
                0x0110808c        0x8 ../ReadMat5_bsp//libhal_bsp.a(alt_exception_entry.o)
 *(.exceptions.soft.user)
 *(.exceptions.soft)
 *(.exceptions.unknown.user)
 *(.exceptions.unknown)
 .exceptions.unknown
                0x01108094        0x4 ../ReadMat5_bsp//libhal_bsp.a(alt_exception_entry.o)
 *(.exceptions.exit.label)
 .exceptions.exit.label
                0x01108098        0x0 ../ReadMat5_bsp//libhal_bsp.a(alt_irq_entry.o)
 .exceptions.exit.label
                0x01108098        0x0 ../ReadMat5_bsp//libhal_bsp.a(alt_exception_entry.o)
 *(.exceptions.exit.user)
 *(.exceptions.exit)
 .exceptions.exit
                0x01108098       0x54 ../ReadMat5_bsp//libhal_bsp.a(alt_exception_entry.o)
 *(.exceptions)
 .exceptions    0x011080ec       0xc8 ../ReadMat5_bsp//libhal_bsp.a(alt_irq_handler.o)
                0x011080ec                alt_irq_handler
                0x011081b4                PROVIDE (__ram_exceptions_end, ABSOLUTE (.))
                0x00800000                PROVIDE (__flash_exceptions_start, LOADADDR (.exceptions))

.text           0x00800194    0x13a44
                0x00800194                PROVIDE (stext, ABSOLUTE (.))
 *(.interp)
 *(.hash)
 *(.dynsym)
 *(.dynstr)
 *(.gnu.version)
 *(.gnu.version_d)
 *(.gnu.version_r)
 *(.rel.init)
 *(.rela.init)
 *(.rel.text .rel.text.* .rel.gnu.linkonce.t.*)
 *(.rela.text .rela.text.* .rela.gnu.linkonce.t.*)
 *(.rel.fini)
 *(.rela.fini)
 *(.rel.rodata .rel.rodata.* .rel.gnu.linkonce.r.*)
 *(.rela.rodata .rela.rodata.* .rela.gnu.linkonce.r.*)
 *(.rel.data .rel.data.* .rel.gnu.linkonce.d.*)
 *(.rela.data .rela.data.* .rela.gnu.linkonce.d.*)
 *(.rel.tdata .rel.tdata.* .rel.gnu.linkonce.td.*)
 *(.rela.tdata .rela.tdata.* .rela.gnu.linkonce.td.*)
 *(.rel.tbss .rel.tbss.* .rel.gnu.linkonce.tb.*)
 *(.rela.tbss .rela.tbss.* .rela.gnu.linkonce.tb.*)
 *(.rel.ctors)
 *(.rela.ctors)
 *(.rel.dtors)
 *(.rela.dtors)
 *(.rel.got)
 *(.rela.got)
 *(.rel.sdata .rel.sdata.* .rel.gnu.linkonce.s.*)
 *(.rela.sdata .rela.sdata.* .rela.gnu.linkonce.s.*)
 *(.rel.sbss .rel.sbss.* .rel.gnu.linkonce.sb.*)
 *(.rela.sbss .rela.sbss.* .rela.gnu.linkonce.sb.*)
 *(.rel.sdata2 .rel.sdata2.* .rel.gnu.linkonce.s2.*)
 *(.rela.sdata2 .rela.sdata2.* .rela.gnu.linkonce.s2.*)
 *(.rel.sbss2 .rel.sbss2.* .rel.gnu.linkonce.sb2.*)
 *(.rela.sbss2 .rela.sbss2.* .rela.gnu.linkonce.sb2.*)
 *(.rel.bss .rel.bss.* .rel.gnu.linkonce.b.*)
 *(.rela.bss .rela.bss.* .rela.gnu.linkonce.b.*)
 *(.rel.plt)
 *(.rela.plt)
 *(.rel.dyn)
 *(.init)
 *(.plt)
 *(.text .stub .text.* .gnu.linkonce.t.*)
 .text          0x00800194       0x3c ../ReadMat5_bsp//obj/HAL/src/crt0.o
                0x00800194                _start
 .text          0x008001d0      0xe0c obj/default/hello_world.o
                0x008001d0                pgmread
                0x00800614                pgmwrite
                0x00800948                main
                0x008009b4                filtrado
 .text          0x00800fdc      0x14c /opt/altera/12.1sp1/nios2eds/bin/gnu/H-i686-pc-linux-gnu/bin/../lib/gcc/nios2-elf/4.1.2/mno-hw-mul/libgcc.a(lib2-divmod.o)
                0x00801058                __divsi3
                0x008010b8                __modsi3
                0x00801118                __udivsi3
                0x00801120                __umodsi3
 .text          0x00801128       0x38 /opt/altera/12.1sp1/nios2eds/bin/gnu/H-i686-pc-linux-gnu/bin/../lib/gcc/nios2-elf/4.1.2/mno-hw-mul/libgcc.a(lib2-mul.o)
                0x00801128                __mulsi3
 .text          0x00801160       0x1c /opt/altera/12.1sp1/nios2eds/bin/gnu/H-i686-pc-linux-gnu/bin/../lib/gcc/nios2-elf/4.1.2/../../../../nios2-elf/lib/mno-hw-mul/libc.a(lib_a-calloc.o)
                0x00801160                calloc
 .text          0x0080117c       0xc8 /opt/altera/12.1sp1/nios2eds/bin/gnu/H-i686-pc-linux-gnu/bin/../lib/gcc/nios2-elf/4.1.2/../../../../nios2-elf/lib/mno-hw-mul/libc.a(lib_a-callocr.o)
                0x0080117c                _calloc_r
 .text          0x00801244       0x38 /opt/altera/12.1sp1/nios2eds/bin/gnu/H-i686-pc-linux-gnu/bin/../lib/gcc/nios2-elf/4.1.2/../../../../nios2-elf/lib/mno-hw-mul/libc.a(lib_a-exit.o)
                0x00801244                exit
 .text          0x0080127c      0x124 /opt/altera/12.1sp1/nios2eds/bin/gnu/H-i686-pc-linux-gnu/bin/../lib/gcc/nios2-elf/4.1.2/../../../../nios2-elf/lib/mno-hw-mul/libc.a(lib_a-fclose.o)
                0x0080127c                _fclose_r
                0x0080138c                fclose
 .text          0x008013a0      0x230 /opt/altera/12.1sp1/nios2eds/bin/gnu/H-i686-pc-linux-gnu/bin/../lib/gcc/nios2-elf/4.1.2/../../../../nios2-elf/lib/mno-hw-mul/libc.a(lib_a-fflush.o)
                0x008013a0                _fflush_r
                0x0080159c                fflush
 .text          0x008015d0      0x16c /opt/altera/12.1sp1/nios2eds/bin/gnu/H-i686-pc-linux-gnu/bin/../lib/gcc/nios2-elf/4.1.2/../../../../nios2-elf/lib/mno-hw-mul/libc.a(lib_a-fgets.o)
                0x008015d0                _fgets_r
                0x00801718                fgets
 .text          0x0080173c      0x2f4 /opt/altera/12.1sp1/nios2eds/bin/gnu/H-i686-pc-linux-gnu/bin/../lib/gcc/nios2-elf/4.1.2/../../../../nios2-elf/lib/mno-hw-mul/libc.a(lib_a-findfp.o)
                0x00801794                __sfp_lock_acquire
                0x00801798                __sfp_lock_release
                0x0080179c                __sinit_lock_acquire
                0x008017a0                __sinit_lock_release
                0x008017a4                __sinit
                0x00801858                __fp_unlock_all
                0x00801870                __fp_lock_all
                0x00801888                _cleanup_r
                0x00801894                _cleanup
                0x008018a4                __sfmoreglue
                0x00801940                __sfp
 .text          0x00801a30      0x110 /opt/altera/12.1sp1/nios2eds/bin/gnu/H-i686-pc-linux-gnu/bin/../lib/gcc/nios2-elf/4.1.2/../../../../nios2-elf/lib/mno-hw-mul/libc.a(lib_a-fopen.o)
                0x00801a30                _fopen_r
                0x00801b24                fopen
 .text          0x00801b40       0x60 /opt/altera/12.1sp1/nios2eds/bin/gnu/H-i686-pc-linux-gnu/bin/../lib/gcc/nios2-elf/4.1.2/../../../../nios2-elf/lib/mno-hw-mul/libc.a(lib_a-fprintf.o)
                0x00801b40                fprintf
                0x00801b6c                _fprintf_r
 .text          0x00801ba0      0x24c /opt/altera/12.1sp1/nios2eds/bin/gnu/H-i686-pc-linux-gnu/bin/../lib/gcc/nios2-elf/4.1.2/../../../../nios2-elf/lib/mno-hw-mul/libc.a(lib_a-fread.o)
                0x00801ba0                _fread_r
                0x00801dac                fread
 .text          0x00801dec      0x440 /opt/altera/12.1sp1/nios2eds/bin/gnu/H-i686-pc-linux-gnu/bin/../lib/gcc/nios2-elf/4.1.2/../../../../nios2-elf/lib/mno-hw-mul/libc.a(lib_a-freer.o)
                0x00801dec                _malloc_trim_r
                0x00801f18                _free_r
 .text          0x0080222c       0x6c /opt/altera/12.1sp1/nios2eds/bin/gnu/H-i686-pc-linux-gnu/bin/../lib/gcc/nios2-elf/4.1.2/../../../../nios2-elf/lib/mno-hw-mul/libc.a(lib_a-fscanf.o)
                0x0080222c                _fscanf_r
                0x00802254                fscanf
 .text          0x00802298      0x460 /opt/altera/12.1sp1/nios2eds/bin/gnu/H-i686-pc-linux-gnu/bin/../lib/gcc/nios2-elf/4.1.2/../../../../nios2-elf/lib/mno-hw-mul/libc.a(lib_a-fseek.o)
                0x00802298                _fseek_r
                0x008026d4                fseek
 .text          0x008026f8       0x74 /opt/altera/12.1sp1/nios2eds/bin/gnu/H-i686-pc-linux-gnu/bin/../lib/gcc/nios2-elf/4.1.2/../../../../nios2-elf/lib/mno-hw-mul/libc.a(lib_a-fstatr.o)
                0x008026f8                _fstat_r
 .text          0x0080276c      0x180 /opt/altera/12.1sp1/nios2eds/bin/gnu/H-i686-pc-linux-gnu/bin/../lib/gcc/nios2-elf/4.1.2/../../../../nios2-elf/lib/mno-hw-mul/libc.a(lib_a-fwalk.o)
                0x0080276c                _fwalk_reent
                0x00802834                _fwalk
 .text          0x008028ec       0xec /opt/altera/12.1sp1/nios2eds/bin/gnu/H-i686-pc-linux-gnu/bin/../lib/gcc/nios2-elf/4.1.2/../../../../nios2-elf/lib/mno-hw-mul/libc.a(lib_a-fwrite.o)
                0x008028ec                _fwrite_r
                0x00802998                fwrite
 .text          0x008029d8        0x0 /opt/altera/12.1sp1/nios2eds/bin/gnu/H-i686-pc-linux-gnu/bin/../lib/gcc/nios2-elf/4.1.2/../../../../nios2-elf/lib/mno-hw-mul/libc.a(lib_a-impure.o)
 .text          0x008029d8        0x0 /opt/altera/12.1sp1/nios2eds/bin/gnu/H-i686-pc-linux-gnu/bin/../lib/gcc/nios2-elf/4.1.2/../../../../nios2-elf/lib/mno-hw-mul/libc.a(lib_a-int_errno.o)
 .text          0x008029d8      0x194 /opt/altera/12.1sp1/nios2eds/bin/gnu/H-i686-pc-linux-gnu/bin/../lib/gcc/nios2-elf/4.1.2/../../../../nios2-elf/lib/mno-hw-mul/libc.a(lib_a-makebuf.o)
                0x008029d8                __smakebuf_r
 .text          0x00802b6c       0x28 /opt/altera/12.1sp1/nios2eds/bin/gnu/H-i686-pc-linux-gnu/bin/../lib/gcc/nios2-elf/4.1.2/../../../../nios2-elf/lib/mno-hw-mul/libc.a(lib_a-malloc.o)
                0x00802b6c                free
                0x00802b80                malloc
 .text          0x00802b94      0x740 /opt/altera/12.1sp1/nios2eds/bin/gnu/H-i686-pc-linux-gnu/bin/../lib/gcc/nios2-elf/4.1.2/../../../../nios2-elf/lib/mno-hw-mul/libc.a(lib_a-mallocr.o)
                0x00802b94                _malloc_r
 .text          0x008032d4       0xe4 /opt/altera/12.1sp1/nios2eds/bin/gnu/H-i686-pc-linux-gnu/bin/../lib/gcc/nios2-elf/4.1.2/../../../../nios2-elf/lib/mno-hw-mul/libc.a(lib_a-memchr.o)
                0x008032d4                memchr
 .text          0x008033b8       0xa0 /opt/altera/12.1sp1/nios2eds/bin/gnu/H-i686-pc-linux-gnu/bin/../lib/gcc/nios2-elf/4.1.2/../../../../nios2-elf/lib/mno-hw-mul/libc.a(lib_a-memcpy.o)
                0x008033b8                memcpy
 .text          0x00803458       0x98 /opt/altera/12.1sp1/nios2eds/bin/gnu/H-i686-pc-linux-gnu/bin/../lib/gcc/nios2-elf/4.1.2/../../../../nios2-elf/lib/mno-hw-mul/libc.a(lib_a-memset.o)
                0x00803458                memset
 .text          0x008034f0       0x78 /opt/altera/12.1sp1/nios2eds/bin/gnu/H-i686-pc-linux-gnu/bin/../lib/gcc/nios2-elf/4.1.2/../../../../nios2-elf/lib/mno-hw-mul/libc.a(lib_a-openr.o)
                0x008034f0                _open_r
 .text          0x00803568       0x78 /opt/altera/12.1sp1/nios2eds/bin/gnu/H-i686-pc-linux-gnu/bin/../lib/gcc/nios2-elf/4.1.2/../../../../nios2-elf/lib/mno-hw-mul/libc.a(lib_a-printf.o)
                0x00803568                printf
                0x008035ac                _printf_r
 .text          0x008035e0       0xb4 /opt/altera/12.1sp1/nios2eds/bin/gnu/H-i686-pc-linux-gnu/bin/../lib/gcc/nios2-elf/4.1.2/../../../../nios2-elf/lib/mno-hw-mul/libc.a(lib_a-puts.o)
                0x008035e0                _puts_r
                0x00803680                puts
 .text          0x00803694      0x1e0 /opt/altera/12.1sp1/nios2eds/bin/gnu/H-i686-pc-linux-gnu/bin/../lib/gcc/nios2-elf/4.1.2/../../../../nios2-elf/lib/mno-hw-mul/libc.a(lib_a-refill.o)
                0x00803694                __srefill_r
 .text          0x00803874       0x70 /opt/altera/12.1sp1/nios2eds/bin/gnu/H-i686-pc-linux-gnu/bin/../lib/gcc/nios2-elf/4.1.2/../../../../nios2-elf/lib/mno-hw-mul/libc.a(lib_a-sbrkr.o)
                0x00803874                _sbrk_r
 .text          0x008038e4      0x114 /opt/altera/12.1sp1/nios2eds/bin/gnu/H-i686-pc-linux-gnu/bin/../lib/gcc/nios2-elf/4.1.2/../../../../nios2-elf/lib/mno-hw-mul/libc.a(lib_a-sscanf.o)
                0x008038ec                _sscanf_r
                0x00803974                sscanf
 .text          0x008039f8      0x14c /opt/altera/12.1sp1/nios2eds/bin/gnu/H-i686-pc-linux-gnu/bin/../lib/gcc/nios2-elf/4.1.2/../../../../nios2-elf/lib/mno-hw-mul/libc.a(lib_a-stdio.o)
                0x008039f8                __sclose
                0x00803a00                __sseek
                0x00803a68                __swrite
                0x00803ae4                __sread
 .text          0x00803b44       0x74 /opt/altera/12.1sp1/nios2eds/bin/gnu/H-i686-pc-linux-gnu/bin/../lib/gcc/nios2-elf/4.1.2/../../../../nios2-elf/lib/mno-hw-mul/libc.a(lib_a-strlen.o)
                0x00803b44                strlen
 .text          0x00803bb8       0xf0 /opt/altera/12.1sp1/nios2eds/bin/gnu/H-i686-pc-linux-gnu/bin/../lib/gcc/nios2-elf/4.1.2/../../../../nios2-elf/lib/mno-hw-mul/libc.a(lib_a-strncmp.o)
                0x00803bb8                strncmp
 .text          0x00803ca8     0x1f40 /opt/altera/12.1sp1/nios2eds/bin/gnu/H-i686-pc-linux-gnu/bin/../lib/gcc/nios2-elf/4.1.2/../../../../nios2-elf/lib/mno-hw-mul/libc.a(lib_a-vfprintf.o)
                0x00803d00                ___vfprintf_internal_r
                0x00805bc4                __vfprintf_internal
 .text          0x00805be8     0x1788 /opt/altera/12.1sp1/nios2eds/bin/gnu/H-i686-pc-linux-gnu/bin/../lib/gcc/nios2-elf/4.1.2/../../../../nios2-elf/lib/mno-hw-mul/libc.a(lib_a-vfscanf.o)
                0x00805be8                __svfscanf_r
                0x00807270                __svfscanf
                0x00807294                _vfscanf_r
                0x008072fc                vfscanf
 .text          0x00807370       0x78 /opt/altera/12.1sp1/nios2eds/bin/gnu/H-i686-pc-linux-gnu/bin/../lib/gcc/nios2-elf/4.1.2/../../../../nios2-elf/lib/mno-hw-mul/libc.a(lib_a-writer.o)
                0x00807370                _write_r
 .text          0x008073e8      0x13c /opt/altera/12.1sp1/nios2eds/bin/gnu/H-i686-pc-linux-gnu/bin/../lib/gcc/nios2-elf/4.1.2/../../../../nios2-elf/lib/mno-hw-mul/libc.a(lib_a-wsetup.o)
                0x008073e8                __swsetup_r
 .text          0x00807524      0x1b4 /opt/altera/12.1sp1/nios2eds/bin/gnu/H-i686-pc-linux-gnu/bin/../lib/gcc/nios2-elf/4.1.2/../../../../nios2-elf/lib/mno-hw-mul/libc.a(lib_a-__call_atexit.o)
                0x00807528                __call_exitprocs
 .text          0x008076d8       0x70 /opt/altera/12.1sp1/nios2eds/bin/gnu/H-i686-pc-linux-gnu/bin/../lib/gcc/nios2-elf/4.1.2/../../../../nios2-elf/lib/mno-hw-mul/libc.a(lib_a-closer.o)
                0x008076d8                _close_r
 .text          0x00807748        0x0 /opt/altera/12.1sp1/nios2eds/bin/gnu/H-i686-pc-linux-gnu/bin/../lib/gcc/nios2-elf/4.1.2/../../../../nios2-elf/lib/mno-hw-mul/libc.a(lib_a-ctype_.o)
 .text          0x00807748     0x17f8 /opt/altera/12.1sp1/nios2eds/bin/gnu/H-i686-pc-linux-gnu/bin/../lib/gcc/nios2-elf/4.1.2/../../../../nios2-elf/lib/mno-hw-mul/libc.a(lib_a-dtoa.o)
                0x0080798c                _dtoa_r
 .text          0x00808f40       0xa0 /opt/altera/12.1sp1/nios2eds/bin/gnu/H-i686-pc-linux-gnu/bin/../lib/gcc/nios2-elf/4.1.2/../../../../nios2-elf/lib/mno-hw-mul/libc.a(lib_a-flags.o)
                0x00808f40                __sflags
 .text          0x00808fe0      0x49c /opt/altera/12.1sp1/nios2eds/bin/gnu/H-i686-pc-linux-gnu/bin/../lib/gcc/nios2-elf/4.1.2/../../../../nios2-elf/lib/mno-hw-mul/libc.a(lib_a-fvwrite.o)
                0x00808fe0                __sfvwrite_r
 .text          0x0080947c       0x70 /opt/altera/12.1sp1/nios2eds/bin/gnu/H-i686-pc-linux-gnu/bin/../lib/gcc/nios2-elf/4.1.2/../../../../nios2-elf/lib/mno-hw-mul/libc.a(lib_a-isattyr.o)
                0x0080947c                _isatty_r
 .text          0x008094ec       0x2c /opt/altera/12.1sp1/nios2eds/bin/gnu/H-i686-pc-linux-gnu/bin/../lib/gcc/nios2-elf/4.1.2/../../../../nios2-elf/lib/mno-hw-mul/libc.a(lib_a-iswspace.o)
                0x008094ec                iswspace
 .text          0x00809518       0xc4 /opt/altera/12.1sp1/nios2eds/bin/gnu/H-i686-pc-linux-gnu/bin/../lib/gcc/nios2-elf/4.1.2/../../../../nios2-elf/lib/mno-hw-mul/libc.a(lib_a-locale.o)
                0x00809518                __locale_charset
                0x00809520                _localeconv_r
                0x0080952c                localeconv
                0x0080953c                _setlocale_r
                0x008095c0                setlocale
 .text          0x008095dc       0x78 /opt/altera/12.1sp1/nios2eds/bin/gnu/H-i686-pc-linux-gnu/bin/../lib/gcc/nios2-elf/4.1.2/../../../../nios2-elf/lib/mno-hw-mul/libc.a(lib_a-lseekr.o)
                0x008095dc                _lseek_r
 .text          0x00809654       0xc0 /opt/altera/12.1sp1/nios2eds/bin/gnu/H-i686-pc-linux-gnu/bin/../lib/gcc/nios2-elf/4.1.2/../../../../nios2-elf/lib/mno-hw-mul/libc.a(lib_a-mbrtowc.o)
                0x00809654                _mbrtowc_r
                0x008096d4                mbrtowc
 .text          0x00809714       0x40 /opt/altera/12.1sp1/nios2eds/bin/gnu/H-i686-pc-linux-gnu/bin/../lib/gcc/nios2-elf/4.1.2/../../../../nios2-elf/lib/mno-hw-mul/libc.a(lib_a-mbtowc_r.o)
                0x00809714                _mbtowc_r
 .text          0x00809754       0xe0 /opt/altera/12.1sp1/nios2eds/bin/gnu/H-i686-pc-linux-gnu/bin/../lib/gcc/nios2-elf/4.1.2/../../../../nios2-elf/lib/mno-hw-mul/libc.a(lib_a-memmove.o)
                0x00809754                memmove
 .text          0x00809834     0x108c /opt/altera/12.1sp1/nios2eds/bin/gnu/H-i686-pc-linux-gnu/bin/../lib/gcc/nios2-elf/4.1.2/../../../../nios2-elf/lib/mno-hw-mul/libc.a(lib_a-mprec.o)
                0x00809834                _Bfree
                0x0080985c                __hi0bits
                0x008098cc                __lo0bits
                0x00809990                __mcmp
                0x008099f0                __ulp
                0x00809a70                __b2d
                0x00809b90                __ratio
                0x00809c40                _mprec_log10
                0x00809cd4                __copybits
                0x00809d2c                __any_on
                0x00809db4                _Balloc
                0x00809e70                __d2b
                0x00809fec                __mdiff
                0x0080a178                __lshift
                0x0080a2c4                __multiply
                0x0080a518                __i2b
                0x0080a554                __multadd
                0x0080a680                __pow5mult
                0x0080a7a0                __s2b
 .text          0x0080a8c0       0x78 /opt/altera/12.1sp1/nios2eds/bin/gnu/H-i686-pc-linux-gnu/bin/../lib/gcc/nios2-elf/4.1.2/../../../../nios2-elf/lib/mno-hw-mul/libc.a(lib_a-readr.o)
                0x0080a8c0                _read_r
 .text          0x0080a938      0x5f4 /opt/altera/12.1sp1/nios2eds/bin/gnu/H-i686-pc-linux-gnu/bin/../lib/gcc/nios2-elf/4.1.2/../../../../nios2-elf/lib/mno-hw-mul/libc.a(lib_a-reallocr.o)
                0x0080a938                _realloc_r
 .text          0x0080af2c       0x40 /opt/altera/12.1sp1/nios2eds/bin/gnu/H-i686-pc-linux-gnu/bin/../lib/gcc/nios2-elf/4.1.2/../../../../nios2-elf/lib/mno-hw-mul/libc.a(lib_a-s_isinfd.o)
                0x0080af2c                __isinfd
 .text          0x0080af6c       0x30 /opt/altera/12.1sp1/nios2eds/bin/gnu/H-i686-pc-linux-gnu/bin/../lib/gcc/nios2-elf/4.1.2/../../../../nios2-elf/lib/mno-hw-mul/libc.a(lib_a-s_isnand.o)
                0x0080af6c                __isnand
 .text          0x0080af9c       0xc0 /opt/altera/12.1sp1/nios2eds/bin/gnu/H-i686-pc-linux-gnu/bin/../lib/gcc/nios2-elf/4.1.2/../../../../nios2-elf/lib/mno-hw-mul/libc.a(lib_a-sccl.o)
                0x0080af9c                __sccl
 .text          0x0080b05c        0x8 /opt/altera/12.1sp1/nios2eds/bin/gnu/H-i686-pc-linux-gnu/bin/../lib/gcc/nios2-elf/4.1.2/../../../../nios2-elf/lib/mno-hw-mul/libc.a(lib_a-sf_nan.o)
                0x0080b05c                nanf
 .text          0x0080b064       0xd4 /opt/altera/12.1sp1/nios2eds/bin/gnu/H-i686-pc-linux-gnu/bin/../lib/gcc/nios2-elf/4.1.2/../../../../nios2-elf/lib/mno-hw-mul/libc.a(lib_a-sprintf.o)
                0x0080b064                sprintf
                0x0080b0d8                _sprintf_r
 .text          0x0080b138       0xbc /opt/altera/12.1sp1/nios2eds/bin/gnu/H-i686-pc-linux-gnu/bin/../lib/gcc/nios2-elf/4.1.2/../../../../nios2-elf/lib/mno-hw-mul/libc.a(lib_a-strcmp.o)
                0x0080b138                strcmp
 .text          0x0080b1f4     0x1754 /opt/altera/12.1sp1/nios2eds/bin/gnu/H-i686-pc-linux-gnu/bin/../lib/gcc/nios2-elf/4.1.2/../../../../nios2-elf/lib/mno-hw-mul/libc.a(lib_a-strtod.o)
                0x0080b23c                _strtod_r
                0x0080c808                strtof
                0x0080c92c                strtod
 .text          0x0080c948      0x274 /opt/altera/12.1sp1/nios2eds/bin/gnu/H-i686-pc-linux-gnu/bin/../lib/gcc/nios2-elf/4.1.2/../../../../nios2-elf/lib/mno-hw-mul/libc.a(lib_a-strtol.o)
                0x0080c948                _strtol_r
                0x0080cb98                strtol
 .text          0x0080cbbc      0x318 /opt/altera/12.1sp1/nios2eds/bin/gnu/H-i686-pc-linux-gnu/bin/../lib/gcc/nios2-elf/4.1.2/../../../../nios2-elf/lib/mno-hw-mul/libc.a(lib_a-strtoll_r.o)
                0x0080cbbc                _strtoll_r
 .text          0x0080ced4      0x264 /opt/altera/12.1sp1/nios2eds/bin/gnu/H-i686-pc-linux-gnu/bin/../lib/gcc/nios2-elf/4.1.2/../../../../nios2-elf/lib/mno-hw-mul/libc.a(lib_a-strtoul.o)
                0x0080ced4                _strtoul_r
                0x0080d114                strtoul
 .text          0x0080d138      0x2f0 /opt/altera/12.1sp1/nios2eds/bin/gnu/H-i686-pc-linux-gnu/bin/../lib/gcc/nios2-elf/4.1.2/../../../../nios2-elf/lib/mno-hw-mul/libc.a(lib_a-strtoull_r.o)
                0x0080d138                _strtoull_r
 .text          0x0080d428      0x294 /opt/altera/12.1sp1/nios2eds/bin/gnu/H-i686-pc-linux-gnu/bin/../lib/gcc/nios2-elf/4.1.2/../../../../nios2-elf/lib/mno-hw-mul/libc.a(lib_a-ungetc.o)
                0x0080d428                __submore
                0x0080d504                _ungetc_r
                0x0080d6a0                ungetc
 .text          0x0080d6bc      0x938 /opt/altera/12.1sp1/nios2eds/bin/gnu/H-i686-pc-linux-gnu/bin/../lib/gcc/nios2-elf/4.1.2/../../../../nios2-elf/lib/mno-hw-mul/libc.a(lib_a-gdtoa-gethex.o)
                0x0080d6e0                __hexdig_init
                0x0080d7f8                __gethex
 .text          0x0080dff4      0x294 /opt/altera/12.1sp1/nios2eds/bin/gnu/H-i686-pc-linux-gnu/bin/../lib/gcc/nios2-elf/4.1.2/../../../../nios2-elf/lib/mno-hw-mul/libc.a(lib_a-gdtoa-hexnan.o)
                0x0080e040                __hexnan
 .text          0x0080e288      0x124 /opt/altera/12.1sp1/nios2eds/bin/gnu/H-i686-pc-linux-gnu/bin/../lib/gcc/nios2-elf/4.1.2/mno-hw-mul/libgcc.a(_muldi3.o)
                0x0080e288                __muldi3
 .text          0x0080e3ac       0xa4 /opt/altera/12.1sp1/nios2eds/bin/gnu/H-i686-pc-linux-gnu/bin/../lib/gcc/nios2-elf/4.1.2/mno-hw-mul/libgcc.a(_fixunsdfsi.o)
                0x0080e3ac                __fixunsdfsi
 .text          0x0080e450      0x66c /opt/altera/12.1sp1/nios2eds/bin/gnu/H-i686-pc-linux-gnu/bin/../lib/gcc/nios2-elf/4.1.2/mno-hw-mul/libgcc.a(_udivdi3.o)
                0x0080e450                __udivdi3
 .text          0x0080eabc      0x660 /opt/altera/12.1sp1/nios2eds/bin/gnu/H-i686-pc-linux-gnu/bin/../lib/gcc/nios2-elf/4.1.2/mno-hw-mul/libgcc.a(_umoddi3.o)
                0x0080eabc                __umoddi3
 .text          0x0080f11c       0x78 /opt/altera/12.1sp1/nios2eds/bin/gnu/H-i686-pc-linux-gnu/bin/../lib/gcc/nios2-elf/4.1.2/mno-hw-mul/libgcc.a(_ne_sf.o)
                0x0080f11c                __nesf2
 .text          0x0080f194       0x78 /opt/altera/12.1sp1/nios2eds/bin/gnu/H-i686-pc-linux-gnu/bin/../lib/gcc/nios2-elf/4.1.2/mno-hw-mul/libgcc.a(_gt_sf.o)
                0x0080f194                __gtsf2
 .text          0x0080f20c       0x78 /opt/altera/12.1sp1/nios2eds/bin/gnu/H-i686-pc-linux-gnu/bin/../lib/gcc/nios2-elf/4.1.2/mno-hw-mul/libgcc.a(_lt_sf.o)
                0x0080f20c                __ltsf2
 .text          0x0080f284      0x504 /opt/altera/12.1sp1/nios2eds/bin/gnu/H-i686-pc-linux-gnu/bin/../lib/gcc/nios2-elf/4.1.2/mno-hw-mul/libgcc.a(_addsub_df.o)
                0x0080f694                __subdf3
                0x0080f714                __adddf3
 .text          0x0080f788      0x3c4 /opt/altera/12.1sp1/nios2eds/bin/gnu/H-i686-pc-linux-gnu/bin/../lib/gcc/nios2-elf/4.1.2/mno-hw-mul/libgcc.a(_mul_df.o)
                0x0080f788                __muldf3
 .text          0x0080fb4c      0x258 /opt/altera/12.1sp1/nios2eds/bin/gnu/H-i686-pc-linux-gnu/bin/../lib/gcc/nios2-elf/4.1.2/mno-hw-mul/libgcc.a(_div_df.o)
                0x0080fb4c                __divdf3
 .text          0x0080fda4       0x88 /opt/altera/12.1sp1/nios2eds/bin/gnu/H-i686-pc-linux-gnu/bin/../lib/gcc/nios2-elf/4.1.2/mno-hw-mul/libgcc.a(_eq_df.o)
                0x0080fda4                __eqdf2
 .text          0x0080fe2c       0x88 /opt/altera/12.1sp1/nios2eds/bin/gnu/H-i686-pc-linux-gnu/bin/../lib/gcc/nios2-elf/4.1.2/mno-hw-mul/libgcc.a(_ne_df.o)
                0x0080fe2c                __nedf2
 .text          0x0080feb4       0x88 /opt/altera/12.1sp1/nios2eds/bin/gnu/H-i686-pc-linux-gnu/bin/../lib/gcc/nios2-elf/4.1.2/mno-hw-mul/libgcc.a(_gt_df.o)
                0x0080feb4                __gtdf2
 .text          0x0080ff3c       0x88 /opt/altera/12.1sp1/nios2eds/bin/gnu/H-i686-pc-linux-gnu/bin/../lib/gcc/nios2-elf/4.1.2/mno-hw-mul/libgcc.a(_ge_df.o)
                0x0080ff3c                __gedf2
 .text          0x0080ffc4       0x88 /opt/altera/12.1sp1/nios2eds/bin/gnu/H-i686-pc-linux-gnu/bin/../lib/gcc/nios2-elf/4.1.2/mno-hw-mul/libgcc.a(_lt_df.o)
                0x0080ffc4                __ltdf2
 .text          0x0081004c       0x88 /opt/altera/12.1sp1/nios2eds/bin/gnu/H-i686-pc-linux-gnu/bin/../lib/gcc/nios2-elf/4.1.2/mno-hw-mul/libgcc.a(_le_df.o)
                0x0081004c                __ledf2
 .text          0x008100d4       0xf8 /opt/altera/12.1sp1/nios2eds/bin/gnu/H-i686-pc-linux-gnu/bin/../lib/gcc/nios2-elf/4.1.2/mno-hw-mul/libgcc.a(_si_to_df.o)
                0x008100d4                __floatsidf
 .text          0x008101cc       0xd8 /opt/altera/12.1sp1/nios2eds/bin/gnu/H-i686-pc-linux-gnu/bin/../lib/gcc/nios2-elf/4.1.2/mno-hw-mul/libgcc.a(_df_to_si.o)
                0x008101cc                __fixdfsi
 .text          0x008102a4       0x74 /opt/altera/12.1sp1/nios2eds/bin/gnu/H-i686-pc-linux-gnu/bin/../lib/gcc/nios2-elf/4.1.2/mno-hw-mul/libgcc.a(_df_to_sf.o)
                0x008102a4                __truncdfsf2
 .text          0x00810318        0x0 /opt/altera/12.1sp1/nios2eds/bin/gnu/H-i686-pc-linux-gnu/bin/../lib/gcc/nios2-elf/4.1.2/mno-hw-mul/libgcc.a(_thenan_df.o)
 .text          0x00810318      0x194 /opt/altera/12.1sp1/nios2eds/bin/gnu/H-i686-pc-linux-gnu/bin/../lib/gcc/nios2-elf/4.1.2/mno-hw-mul/libgcc.a(_usi_to_df.o)
                0x00810318                __floatunsidf
 .text          0x008104ac        0x0 /opt/altera/12.1sp1/nios2eds/bin/gnu/H-i686-pc-linux-gnu/bin/../lib/gcc/nios2-elf/4.1.2/mno-hw-mul/libgcc.a(_clz.o)
 .text          0x008104ac       0x80 /opt/altera/12.1sp1/nios2eds/bin/gnu/H-i686-pc-linux-gnu/bin/../lib/gcc/nios2-elf/4.1.2/mno-hw-mul/libgcc.a(_clzsi2.o)
                0x008104ac                __clzsi2
 .text          0x0081052c       0xc8 /opt/altera/12.1sp1/nios2eds/bin/gnu/H-i686-pc-linux-gnu/bin/../lib/gcc/nios2-elf/4.1.2/mno-hw-mul/libgcc.a(_unpack_sf.o)
                0x0081052c                __unpack_f
 .text          0x008105f4       0xa8 /opt/altera/12.1sp1/nios2eds/bin/gnu/H-i686-pc-linux-gnu/bin/../lib/gcc/nios2-elf/4.1.2/mno-hw-mul/libgcc.a(_fpcmp_parts_sf.o)
                0x008105f4                __fpcmp_parts_f
 .text          0x0081069c       0x2c /opt/altera/12.1sp1/nios2eds/bin/gnu/H-i686-pc-linux-gnu/bin/../lib/gcc/nios2-elf/4.1.2/mno-hw-mul/libgcc.a(_make_sf.o)
                0x0081069c                __make_fp
 .text          0x008106c8      0x314 /opt/altera/12.1sp1/nios2eds/bin/gnu/H-i686-pc-linux-gnu/bin/../lib/gcc/nios2-elf/4.1.2/mno-hw-mul/libgcc.a(_pack_df.o)
                0x008106c8                __pack_d
 .text          0x008109dc      0x138 /opt/altera/12.1sp1/nios2eds/bin/gnu/H-i686-pc-linux-gnu/bin/../lib/gcc/nios2-elf/4.1.2/mno-hw-mul/libgcc.a(_unpack_df.o)
                0x008109dc                __unpack_d
 .text          0x00810b14       0xc8 /opt/altera/12.1sp1/nios2eds/bin/gnu/H-i686-pc-linux-gnu/bin/../lib/gcc/nios2-elf/4.1.2/mno-hw-mul/libgcc.a(_fpcmp_parts_df.o)
                0x00810b14                __fpcmp_parts_d
 .text          0x00810bdc      0x160 /opt/altera/12.1sp1/nios2eds/bin/gnu/H-i686-pc-linux-gnu/bin/../lib/gcc/nios2-elf/4.1.2/mno-hw-mul/libgcc.a(_pack_sf.o)
                0x00810bdc                __pack_f
 .text          0x00810d3c      0x160 ../ReadMat5_bsp//libhal_bsp.a(alt_close.o)
                0x00810d3c                close
 .text          0x00810e9c       0x2c ../ReadMat5_bsp//libhal_bsp.a(alt_dev.o)
 .text          0x00810ec8        0x0 ../ReadMat5_bsp//libhal_bsp.a(alt_errno.o)
 .text          0x00810ec8       0x60 ../ReadMat5_bsp//libhal_bsp.a(alt_exit.o)
                0x00810f08                _exit
 .text          0x00810f28      0x138 ../ReadMat5_bsp//libhal_bsp.a(alt_fstat.o)
                0x00810f28                fstat
 .text          0x00811060      0x124 ../ReadMat5_bsp//libhal_bsp.a(alt_isatty.o)
                0x00811060                isatty
 .text          0x00811184       0xec ../ReadMat5_bsp//libhal_bsp.a(alt_load.o)
                0x00811184                alt_load
 .text          0x00811270      0x154 ../ReadMat5_bsp//libhal_bsp.a(alt_lseek.o)
                0x00811270                lseek
 .text          0x008113c4       0x5c ../ReadMat5_bsp//libhal_bsp.a(alt_main.o)
                0x008113c4                alt_main
 .text          0x00811420       0x40 ../ReadMat5_bsp//libhal_bsp.a(alt_malloc_lock.o)
                0x00811420                __malloc_lock
                0x00811440                __malloc_unlock
 .text          0x00811460      0x2e4 ../ReadMat5_bsp//libhal_bsp.a(alt_open.o)
                0x00811558                open
 .text          0x00811744      0x184 ../ReadMat5_bsp//libhal_bsp.a(alt_read.o)
                0x00811744                read
 .text          0x008118c8       0x78 ../ReadMat5_bsp//libhal_bsp.a(alt_release_fd.o)
                0x008118c8                alt_release_fd
 .text          0x00811940       0xbc ../ReadMat5_bsp//libhal_bsp.a(alt_sbrk.o)
                0x00811940                sbrk
 .text          0x008119fc      0x184 ../ReadMat5_bsp//libhal_bsp.a(alt_write.o)
                0x008119fc                write
 .text          0x00811b80       0xf4 ../ReadMat5_bsp//libhal_bsp.a(alt_sys_init.o)
                0x00811b80                alt_irq_init
                0x00811bb4                alt_sys_init
 .text          0x00811c74      0x148 ../ReadMat5_bsp//libhal_bsp.a(altera_avalon_jtag_uart_fd.o)
                0x00811c74                altera_avalon_jtag_uart_read_fd
                0x00811ccc                altera_avalon_jtag_uart_write_fd
                0x00811d24                altera_avalon_jtag_uart_close_fd
                0x00811d6c                altera_avalon_jtag_uart_ioctl_fd
 .text          0x00811dbc      0x40c ../ReadMat5_bsp//libhal_bsp.a(altera_avalon_jtag_uart_init.o)
                0x00811dbc                altera_avalon_jtag_uart_init
                0x00812154                altera_avalon_jtag_uart_close
 .text          0x008121c8       0xf4 ../ReadMat5_bsp//libhal_bsp.a(altera_avalon_jtag_uart_ioctl.o)
                0x008121c8                altera_avalon_jtag_uart_ioctl
 .text          0x008122bc      0x224 ../ReadMat5_bsp//libhal_bsp.a(altera_avalon_jtag_uart_read.o)
                0x008122bc                altera_avalon_jtag_uart_read
 .text          0x008124e0      0x240 ../ReadMat5_bsp//libhal_bsp.a(altera_avalon_jtag_uart_write.o)
                0x008124e0                altera_avalon_jtag_uart_write
 .text          0x00812720      0x100 ../ReadMat5_bsp//libhal_bsp.a(altera_avalon_timer_sc.o)
                0x00812790                alt_avalon_timer_sc_init
 .text          0x00812820      0x168 ../ReadMat5_bsp//libhal_bsp.a(altera_avalon_timer_ts.o)
                0x00812820                alt_timestamp_start
                0x008128c4                alt_timestamp
                0x00812960                alt_timestamp_freq
 .text          0x00812988        0x0 ../ReadMat5_bsp//libhal_bsp.a(altera_avalon_timer_vars.o)
 .text          0x00812988      0x5a0 ../ReadMat5_bsp//libhal_bsp.a(altera_hostfs.o)
                0x00812988                alt_hostfs_open
                0x00812adc                alt_hostfs_close
                0x00812b30                alt_hostfs_read
                0x00812bd0                alt_hostfs_write
                0x00812c70                alt_hostfs_seek
                0x00812d10                alt_hostfs_fstat
 .text          0x00812f28      0x154 ../ReadMat5_bsp//libhal_bsp.a(alt_alarm_start.o)
                0x00812f28                alt_alarm_start
 .text          0x0081307c       0x1c ../ReadMat5_bsp//libhal_bsp.a(alt_dcache_flush_all.o)
                0x0081307c                alt_dcache_flush_all
 .text          0x00813098      0x114 ../ReadMat5_bsp//libhal_bsp.a(alt_dev_llist_insert.o)
                0x00813098                alt_dev_llist_insert
 .text          0x008131ac       0x94 ../ReadMat5_bsp//libhal_bsp.a(alt_find_dev.o)
                0x008131ac                alt_find_dev
 .text          0x00813240      0x120 ../ReadMat5_bsp//libhal_bsp.a(alt_find_file.o)
                0x00813240                alt_find_file
 .text          0x00813360       0x90 ../ReadMat5_bsp//libhal_bsp.a(alt_fs_reg.o)
                0x00813360                alt_fs_reg
 .text          0x008133f0       0xd0 ../ReadMat5_bsp//libhal_bsp.a(alt_get_fd.o)
                0x008133f0                alt_get_fd
 .text          0x008134c0       0x30 ../ReadMat5_bsp//libhal_bsp.a(alt_icache_flush_all.o)
                0x008134c0                alt_icache_flush_all
 .text          0x008134f0      0x1d4 ../ReadMat5_bsp//libhal_bsp.a(alt_iic.o)
                0x008134f0                alt_ic_isr_register
                0x00813540                alt_ic_irq_enable
                0x008135dc                alt_ic_irq_disable
                0x0081367c                alt_ic_irq_enabled
 .text          0x008136c4       0xf8 ../ReadMat5_bsp//libhal_bsp.a(alt_iic_isr_register.o)
                0x008136c4                alt_iic_isr_register
 .text          0x008137bc      0x150 ../ReadMat5_bsp//libhal_bsp.a(alt_io_redirect.o)
                0x00813894                alt_io_redirect
 .text          0x0081390c        0x0 ../ReadMat5_bsp//libhal_bsp.a(alt_irq_entry.o)
 .text          0x0081390c        0x0 ../ReadMat5_bsp//libhal_bsp.a(alt_irq_handler.o)
 .text          0x0081390c        0x0 ../ReadMat5_bsp//libhal_bsp.a(alt_irq_vars.o)
 .text          0x0081390c      0x1a4 ../ReadMat5_bsp//libhal_bsp.a(alt_tick.o)
                0x0081390c                alt_alarm_stop
                0x008139a4                alt_tick
 .text          0x00813ab0       0x20 ../ReadMat5_bsp//libhal_bsp.a(altera_nios2_qsys_irq.o)
                0x00813ab0                altera_nios2_qsys_irq_init
 .text          0x00813ad0        0x0 ../ReadMat5_bsp//libhal_bsp.a(alt_exception_entry.o)
 .text          0x00813ad0       0x90 ../ReadMat5_bsp//libhal_bsp.a(alt_icache_flush.o)
                0x00813ad0                alt_icache_flush
 .text          0x00813b60       0x74 /opt/altera/12.1sp1/nios2eds/bin/gnu/H-i686-pc-linux-gnu/bin/../lib/gcc/nios2-elf/4.1.2/../../../../nios2-elf/lib/mno-hw-mul/libc.a(lib_a-memcmp.o)
                0x00813b60                memcmp
 *(.gnu.warning.*)
 *(.fini)
                0x00813bd4                PROVIDE (__etext, ABSOLUTE (.))
                0x00813bd4                PROVIDE (_etext, ABSOLUTE (.))
                0x00813bd4                PROVIDE (etext, ABSOLUTE (.))
 *(.eh_frame_hdr)
                0x00813bd4                . = ALIGN (0x4)
                0x00813bd4                PROVIDE (__preinit_array_start, ABSOLUTE (.))
 *(.preinit_array)
                0x00813bd4                PROVIDE (__preinit_array_end, ABSOLUTE (.))
                0x00813bd4                PROVIDE (__init_array_start, ABSOLUTE (.))
 *(.init_array)
                0x00813bd4                PROVIDE (__init_array_end, ABSOLUTE (.))
                0x00813bd4                PROVIDE (__fini_array_start, ABSOLUTE (.))
 *(.fini_array)
                0x00813bd4                PROVIDE (__fini_array_end, ABSOLUTE (.))
 *(.eh_frame)
 *(.gcc_except_table)
 *(.dynamic)
                0x00813bd4                PROVIDE (__CTOR_LIST__, ABSOLUTE (.))
 *(.ctors)
 *(SORT(.ctors.*))
 .ctors.65535   0x00813bd4        0x4 /opt/altera/12.1sp1/nios2eds/bin/gnu/H-i686-pc-linux-gnu/bin/../lib/gcc/nios2-elf/4.1.2/../../../../nios2-elf/lib/mno-hw-mul/libc.a(lib_a-__call_atexit.o)
                0x00813bd8                PROVIDE (__CTOR_END__, ABSOLUTE (.))
                0x00813bd8                PROVIDE (__DTOR_LIST__, ABSOLUTE (.))
 *(.dtors)
 *(SORT(.dtors.*))
                0x00813bd8                PROVIDE (__DTOR_END__, ABSOLUTE (.))
 *(.jcr)
                0x00813bd8                . = ALIGN (0x4)

.rodata         0x00813bd8      0x870
                0x00813bd8                PROVIDE (__ram_rodata_start, ABSOLUTE (.))
                0x00813bd8                . = ALIGN (0x4)
 *(.rodata .rodata.* .gnu.linkonce.r.*)
 .rodata        0x00813bd8      0x228 obj/default/hello_world.o
 .rodata.str1.4
                0x00813e00        0x2 /opt/altera/12.1sp1/nios2eds/bin/gnu/H-i686-pc-linux-gnu/bin/../lib/gcc/nios2-elf/4.1.2/../../../../nios2-elf/lib/mno-hw-mul/libc.a(lib_a-impure.o)
                                  0x4 (size before relaxing)
 *fill*         0x00813e02        0x2 00
 .rodata.str1.4
                0x00813e04        0x2 /opt/altera/12.1sp1/nios2eds/bin/gnu/H-i686-pc-linux-gnu/bin/../lib/gcc/nios2-elf/4.1.2/../../../../nios2-elf/lib/mno-hw-mul/libc.a(lib_a-puts.o)
                                  0x4 (size before relaxing)
 *fill*         0x00813e06        0x2 00
 .rodata.str1.4
                0x00813e08       0x5e /opt/altera/12.1sp1/nios2eds/bin/gnu/H-i686-pc-linux-gnu/bin/../lib/gcc/nios2-elf/4.1.2/../../../../nios2-elf/lib/mno-hw-mul/libc.a(lib_a-vfprintf.o)
                                 0x60 (size before relaxing)
 .rodata        0x00813e66       0x20 /opt/altera/12.1sp1/nios2eds/bin/gnu/H-i686-pc-linux-gnu/bin/../lib/gcc/nios2-elf/4.1.2/../../../../nios2-elf/lib/mno-hw-mul/libc.a(lib_a-vfprintf.o)
 *fill*         0x00813e86        0x2 00
 .rodata.str1.4
                0x00813e88        0x5 /opt/altera/12.1sp1/nios2eds/bin/gnu/H-i686-pc-linux-gnu/bin/../lib/gcc/nios2-elf/4.1.2/../../../../nios2-elf/lib/mno-hw-mul/libc.a(lib_a-vfscanf.o)
                                  0x8 (size before relaxing)
 *fill*         0x00813e8d        0x1 00
 .rodata        0x00813e8e       0x22 /opt/altera/12.1sp1/nios2eds/bin/gnu/H-i686-pc-linux-gnu/bin/../lib/gcc/nios2-elf/4.1.2/../../../../nios2-elf/lib/mno-hw-mul/libc.a(lib_a-vfscanf.o)
 .rodata        0x00813eb0      0x281 /opt/altera/12.1sp1/nios2eds/bin/gnu/H-i686-pc-linux-gnu/bin/../lib/gcc/nios2-elf/4.1.2/../../../../nios2-elf/lib/mno-hw-mul/libc.a(lib_a-ctype_.o)
                0x00813eb0                _ctype_
 *fill*         0x00814131        0x3 00
 .rodata.str1.4
                0x00814134       0x10 /opt/altera/12.1sp1/nios2eds/bin/gnu/H-i686-pc-linux-gnu/bin/../lib/gcc/nios2-elf/4.1.2/../../../../nios2-elf/lib/mno-hw-mul/libc.a(lib_a-dtoa.o)
                                 0x14 (size before relaxing)
 .rodata.str1.4
                0x00814144        0xf /opt/altera/12.1sp1/nios2eds/bin/gnu/H-i686-pc-linux-gnu/bin/../lib/gcc/nios2-elf/4.1.2/../../../../nios2-elf/lib/mno-hw-mul/libc.a(lib_a-locale.o)
                                 0x18 (size before relaxing)
 *fill*         0x00814153        0x1 00
 .rodata        0x00814154       0x30 /opt/altera/12.1sp1/nios2eds/bin/gnu/H-i686-pc-linux-gnu/bin/../lib/gcc/nios2-elf/4.1.2/../../../../nios2-elf/lib/mno-hw-mul/libc.a(lib_a-locale.o)
 .rodata.str1.4
                0x00000000        0x4 /opt/altera/12.1sp1/nios2eds/bin/gnu/H-i686-pc-linux-gnu/bin/../lib/gcc/nios2-elf/4.1.2/../../../../nios2-elf/lib/mno-hw-mul/libc.a(lib_a-mbrtowc.o)
 .rodata        0x00814184      0x124 /opt/altera/12.1sp1/nios2eds/bin/gnu/H-i686-pc-linux-gnu/bin/../lib/gcc/nios2-elf/4.1.2/../../../../nios2-elf/lib/mno-hw-mul/libc.a(lib_a-mprec.o)
                0x00814184                __mprec_tens
                0x0081424c                __mprec_bigtens
                0x00814274                __mprec_tinytens
 .rodata.str1.4
                0x008142a8        0xf /opt/altera/12.1sp1/nios2eds/bin/gnu/H-i686-pc-linux-gnu/bin/../lib/gcc/nios2-elf/4.1.2/../../../../nios2-elf/lib/mno-hw-mul/libc.a(lib_a-strtod.o)
                                 0x10 (size before relaxing)
 *fill*         0x008142b7        0x1 00
 .rodata        0x008142b8       0x28 /opt/altera/12.1sp1/nios2eds/bin/gnu/H-i686-pc-linux-gnu/bin/../lib/gcc/nios2-elf/4.1.2/../../../../nios2-elf/lib/mno-hw-mul/libc.a(lib_a-strtod.o)
 .rodata.str1.4
                0x008142e0       0x1c /opt/altera/12.1sp1/nios2eds/bin/gnu/H-i686-pc-linux-gnu/bin/../lib/gcc/nios2-elf/4.1.2/../../../../nios2-elf/lib/mno-hw-mul/libc.a(lib_a-gdtoa-gethex.o)
 .rodata        0x008142fc       0x14 /opt/altera/12.1sp1/nios2eds/bin/gnu/H-i686-pc-linux-gnu/bin/../lib/gcc/nios2-elf/4.1.2/mno-hw-mul/libgcc.a(_thenan_df.o)
                0x008142fc                __thenan_df
 .rodata        0x00814310      0x100 /opt/altera/12.1sp1/nios2eds/bin/gnu/H-i686-pc-linux-gnu/bin/../lib/gcc/nios2-elf/4.1.2/mno-hw-mul/libgcc.a(_clz.o)
                0x00814310                __clz_tab
 .rodata        0x00814410        0xc ../ReadMat5_bsp//libhal_bsp.a(alt_dev.o)
 .rodata        0x0081441c       0x10 ../ReadMat5_bsp//libhal_bsp.a(alt_main.o)
 .rodata        0x0081442c       0x1c ../ReadMat5_bsp//libhal_bsp.a(alt_sys_init.o)
 *(.rodata1)
                0x00814448                . = ALIGN (0x4)
                0x00814448                PROVIDE (__ram_rodata_end, ABSOLUTE (.))
                0x00813bd8                PROVIDE (__flash_rodata_start, LOADADDR (.rodata))

.rwdata         0x00814448     0x1af8 load address 0x00815f40
                0x00814448                PROVIDE (__ram_rwdata_start, ABSOLUTE (.))
                0x00814448                . = ALIGN (0x4)
 *(.got.plt)
 *(.got)
 *(.data1)
 *(.data .data.* .gnu.linkonce.d.*)
 .data          0x00814448        0x0 ../ReadMat5_bsp//obj/HAL/src/crt0.o
 .data          0x00814448        0x0 obj/default/hello_world.o
 .data          0x00814448        0x0 /opt/altera/12.1sp1/nios2eds/bin/gnu/H-i686-pc-linux-gnu/bin/../lib/gcc/nios2-elf/4.1.2/mno-hw-mul/libgcc.a(lib2-divmod.o)
 .data          0x00814448        0x0 /opt/altera/12.1sp1/nios2eds/bin/gnu/H-i686-pc-linux-gnu/bin/../lib/gcc/nios2-elf/4.1.2/mno-hw-mul/libgcc.a(lib2-mul.o)
 .data          0x00814448        0x0 /opt/altera/12.1sp1/nios2eds/bin/gnu/H-i686-pc-linux-gnu/bin/../lib/gcc/nios2-elf/4.1.2/../../../../nios2-elf/lib/mno-hw-mul/libc.a(lib_a-calloc.o)
 .data          0x00814448        0x0 /opt/altera/12.1sp1/nios2eds/bin/gnu/H-i686-pc-linux-gnu/bin/../lib/gcc/nios2-elf/4.1.2/../../../../nios2-elf/lib/mno-hw-mul/libc.a(lib_a-callocr.o)
 .data          0x00814448        0x0 /opt/altera/12.1sp1/nios2eds/bin/gnu/H-i686-pc-linux-gnu/bin/../lib/gcc/nios2-elf/4.1.2/../../../../nios2-elf/lib/mno-hw-mul/libc.a(lib_a-exit.o)
 .data          0x00814448        0x0 /opt/altera/12.1sp1/nios2eds/bin/gnu/H-i686-pc-linux-gnu/bin/../lib/gcc/nios2-elf/4.1.2/../../../../nios2-elf/lib/mno-hw-mul/libc.a(lib_a-fclose.o)
 .data          0x00814448        0x0 /opt/altera/12.1sp1/nios2eds/bin/gnu/H-i686-pc-linux-gnu/bin/../lib/gcc/nios2-elf/4.1.2/../../../../nios2-elf/lib/mno-hw-mul/libc.a(lib_a-fflush.o)
 .data          0x00814448        0x0 /opt/altera/12.1sp1/nios2eds/bin/gnu/H-i686-pc-linux-gnu/bin/../lib/gcc/nios2-elf/4.1.2/../../../../nios2-elf/lib/mno-hw-mul/libc.a(lib_a-fgets.o)
 .data          0x00814448        0x0 /opt/altera/12.1sp1/nios2eds/bin/gnu/H-i686-pc-linux-gnu/bin/../lib/gcc/nios2-elf/4.1.2/../../../../nios2-elf/lib/mno-hw-mul/libc.a(lib_a-findfp.o)
 .data          0x00814448        0x0 /opt/altera/12.1sp1/nios2eds/bin/gnu/H-i686-pc-linux-gnu/bin/../lib/gcc/nios2-elf/4.1.2/../../../../nios2-elf/lib/mno-hw-mul/libc.a(lib_a-fopen.o)
 .data          0x00814448        0x0 /opt/altera/12.1sp1/nios2eds/bin/gnu/H-i686-pc-linux-gnu/bin/../lib/gcc/nios2-elf/4.1.2/../../../../nios2-elf/lib/mno-hw-mul/libc.a(lib_a-fprintf.o)
 .data          0x00814448        0x0 /opt/altera/12.1sp1/nios2eds/bin/gnu/H-i686-pc-linux-gnu/bin/../lib/gcc/nios2-elf/4.1.2/../../../../nios2-elf/lib/mno-hw-mul/libc.a(lib_a-fread.o)
 .data          0x00814448        0x0 /opt/altera/12.1sp1/nios2eds/bin/gnu/H-i686-pc-linux-gnu/bin/../lib/gcc/nios2-elf/4.1.2/../../../../nios2-elf/lib/mno-hw-mul/libc.a(lib_a-freer.o)
 .data          0x00814448        0x0 /opt/altera/12.1sp1/nios2eds/bin/gnu/H-i686-pc-linux-gnu/bin/../lib/gcc/nios2-elf/4.1.2/../../../../nios2-elf/lib/mno-hw-mul/libc.a(lib_a-fscanf.o)
 .data          0x00814448        0x0 /opt/altera/12.1sp1/nios2eds/bin/gnu/H-i686-pc-linux-gnu/bin/../lib/gcc/nios2-elf/4.1.2/../../../../nios2-elf/lib/mno-hw-mul/libc.a(lib_a-fseek.o)
 .data          0x00814448        0x0 /opt/altera/12.1sp1/nios2eds/bin/gnu/H-i686-pc-linux-gnu/bin/../lib/gcc/nios2-elf/4.1.2/../../../../nios2-elf/lib/mno-hw-mul/libc.a(lib_a-fstatr.o)
 .data          0x00814448        0x0 /opt/altera/12.1sp1/nios2eds/bin/gnu/H-i686-pc-linux-gnu/bin/../lib/gcc/nios2-elf/4.1.2/../../../../nios2-elf/lib/mno-hw-mul/libc.a(lib_a-fwalk.o)
 .data          0x00814448        0x0 /opt/altera/12.1sp1/nios2eds/bin/gnu/H-i686-pc-linux-gnu/bin/../lib/gcc/nios2-elf/4.1.2/../../../../nios2-elf/lib/mno-hw-mul/libc.a(lib_a-fwrite.o)
 .data          0x00814448      0x400 /opt/altera/12.1sp1/nios2eds/bin/gnu/H-i686-pc-linux-gnu/bin/../lib/gcc/nios2-elf/4.1.2/../../../../nios2-elf/lib/mno-hw-mul/libc.a(lib_a-impure.o)
 .data          0x00814848        0x0 /opt/altera/12.1sp1/nios2eds/bin/gnu/H-i686-pc-linux-gnu/bin/../lib/gcc/nios2-elf/4.1.2/../../../../nios2-elf/lib/mno-hw-mul/libc.a(lib_a-int_errno.o)
 .data          0x00814848        0x0 /opt/altera/12.1sp1/nios2eds/bin/gnu/H-i686-pc-linux-gnu/bin/../lib/gcc/nios2-elf/4.1.2/../../../../nios2-elf/lib/mno-hw-mul/libc.a(lib_a-makebuf.o)
 .data          0x00814848        0x0 /opt/altera/12.1sp1/nios2eds/bin/gnu/H-i686-pc-linux-gnu/bin/../lib/gcc/nios2-elf/4.1.2/../../../../nios2-elf/lib/mno-hw-mul/libc.a(lib_a-malloc.o)
 .data          0x00814848      0x408 /opt/altera/12.1sp1/nios2eds/bin/gnu/H-i686-pc-linux-gnu/bin/../lib/gcc/nios2-elf/4.1.2/../../../../nios2-elf/lib/mno-hw-mul/libc.a(lib_a-mallocr.o)
                0x00814848                __malloc_av_
 .data          0x00814c50        0x0 /opt/altera/12.1sp1/nios2eds/bin/gnu/H-i686-pc-linux-gnu/bin/../lib/gcc/nios2-elf/4.1.2/../../../../nios2-elf/lib/mno-hw-mul/libc.a(lib_a-memchr.o)
 .data          0x00814c50        0x0 /opt/altera/12.1sp1/nios2eds/bin/gnu/H-i686-pc-linux-gnu/bin/../lib/gcc/nios2-elf/4.1.2/../../../../nios2-elf/lib/mno-hw-mul/libc.a(lib_a-memcpy.o)
 .data          0x00814c50        0x0 /opt/altera/12.1sp1/nios2eds/bin/gnu/H-i686-pc-linux-gnu/bin/../lib/gcc/nios2-elf/4.1.2/../../../../nios2-elf/lib/mno-hw-mul/libc.a(lib_a-memset.o)
 .data          0x00814c50        0x0 /opt/altera/12.1sp1/nios2eds/bin/gnu/H-i686-pc-linux-gnu/bin/../lib/gcc/nios2-elf/4.1.2/../../../../nios2-elf/lib/mno-hw-mul/libc.a(lib_a-openr.o)
 .data          0x00814c50        0x0 /opt/altera/12.1sp1/nios2eds/bin/gnu/H-i686-pc-linux-gnu/bin/../lib/gcc/nios2-elf/4.1.2/../../../../nios2-elf/lib/mno-hw-mul/libc.a(lib_a-printf.o)
 .data          0x00814c50        0x0 /opt/altera/12.1sp1/nios2eds/bin/gnu/H-i686-pc-linux-gnu/bin/../lib/gcc/nios2-elf/4.1.2/../../../../nios2-elf/lib/mno-hw-mul/libc.a(lib_a-puts.o)
 .data          0x00814c50        0x0 /opt/altera/12.1sp1/nios2eds/bin/gnu/H-i686-pc-linux-gnu/bin/../lib/gcc/nios2-elf/4.1.2/../../../../nios2-elf/lib/mno-hw-mul/libc.a(lib_a-refill.o)
 .data          0x00814c50        0x0 /opt/altera/12.1sp1/nios2eds/bin/gnu/H-i686-pc-linux-gnu/bin/../lib/gcc/nios2-elf/4.1.2/../../../../nios2-elf/lib/mno-hw-mul/libc.a(lib_a-sbrkr.o)
 .data          0x00814c50        0x0 /opt/altera/12.1sp1/nios2eds/bin/gnu/H-i686-pc-linux-gnu/bin/../lib/gcc/nios2-elf/4.1.2/../../../../nios2-elf/lib/mno-hw-mul/libc.a(lib_a-sscanf.o)
 .data          0x00814c50        0x0 /opt/altera/12.1sp1/nios2eds/bin/gnu/H-i686-pc-linux-gnu/bin/../lib/gcc/nios2-elf/4.1.2/../../../../nios2-elf/lib/mno-hw-mul/libc.a(lib_a-stdio.o)
 .data          0x00814c50        0x0 /opt/altera/12.1sp1/nios2eds/bin/gnu/H-i686-pc-linux-gnu/bin/../lib/gcc/nios2-elf/4.1.2/../../../../nios2-elf/lib/mno-hw-mul/libc.a(lib_a-strlen.o)
 .data          0x00814c50        0x0 /opt/altera/12.1sp1/nios2eds/bin/gnu/H-i686-pc-linux-gnu/bin/../lib/gcc/nios2-elf/4.1.2/../../../../nios2-elf/lib/mno-hw-mul/libc.a(lib_a-strncmp.o)
 .data          0x00814c50        0x0 /opt/altera/12.1sp1/nios2eds/bin/gnu/H-i686-pc-linux-gnu/bin/../lib/gcc/nios2-elf/4.1.2/../../../../nios2-elf/lib/mno-hw-mul/libc.a(lib_a-vfprintf.o)
 .data          0x00814c50        0x0 /opt/altera/12.1sp1/nios2eds/bin/gnu/H-i686-pc-linux-gnu/bin/../lib/gcc/nios2-elf/4.1.2/../../../../nios2-elf/lib/mno-hw-mul/libc.a(lib_a-vfscanf.o)
 .data          0x00814c50        0x0 /opt/altera/12.1sp1/nios2eds/bin/gnu/H-i686-pc-linux-gnu/bin/../lib/gcc/nios2-elf/4.1.2/../../../../nios2-elf/lib/mno-hw-mul/libc.a(lib_a-writer.o)
 .data          0x00814c50        0x0 /opt/altera/12.1sp1/nios2eds/bin/gnu/H-i686-pc-linux-gnu/bin/../lib/gcc/nios2-elf/4.1.2/../../../../nios2-elf/lib/mno-hw-mul/libc.a(lib_a-wsetup.o)
 .data          0x00814c50        0x0 /opt/altera/12.1sp1/nios2eds/bin/gnu/H-i686-pc-linux-gnu/bin/../lib/gcc/nios2-elf/4.1.2/../../../../nios2-elf/lib/mno-hw-mul/libc.a(lib_a-__call_atexit.o)
 .data          0x00814c50        0x0 /opt/altera/12.1sp1/nios2eds/bin/gnu/H-i686-pc-linux-gnu/bin/../lib/gcc/nios2-elf/4.1.2/../../../../nios2-elf/lib/mno-hw-mul/libc.a(lib_a-closer.o)
 .data          0x00814c50        0x0 /opt/altera/12.1sp1/nios2eds/bin/gnu/H-i686-pc-linux-gnu/bin/../lib/gcc/nios2-elf/4.1.2/../../../../nios2-elf/lib/mno-hw-mul/libc.a(lib_a-ctype_.o)
 .data          0x00814c50        0x0 /opt/altera/12.1sp1/nios2eds/bin/gnu/H-i686-pc-linux-gnu/bin/../lib/gcc/nios2-elf/4.1.2/../../../../nios2-elf/lib/mno-hw-mul/libc.a(lib_a-dtoa.o)
 .data          0x00814c50        0x0 /opt/altera/12.1sp1/nios2eds/bin/gnu/H-i686-pc-linux-gnu/bin/../lib/gcc/nios2-elf/4.1.2/../../../../nios2-elf/lib/mno-hw-mul/libc.a(lib_a-flags.o)
 .data          0x00814c50        0x0 /opt/altera/12.1sp1/nios2eds/bin/gnu/H-i686-pc-linux-gnu/bin/../lib/gcc/nios2-elf/4.1.2/../../../../nios2-elf/lib/mno-hw-mul/libc.a(lib_a-fvwrite.o)
 .data          0x00814c50        0x0 /opt/altera/12.1sp1/nios2eds/bin/gnu/H-i686-pc-linux-gnu/bin/../lib/gcc/nios2-elf/4.1.2/../../../../nios2-elf/lib/mno-hw-mul/libc.a(lib_a-isattyr.o)
 .data          0x00814c50        0x0 /opt/altera/12.1sp1/nios2eds/bin/gnu/H-i686-pc-linux-gnu/bin/../lib/gcc/nios2-elf/4.1.2/../../../../nios2-elf/lib/mno-hw-mul/libc.a(lib_a-iswspace.o)
 .data          0x00814c50        0xc /opt/altera/12.1sp1/nios2eds/bin/gnu/H-i686-pc-linux-gnu/bin/../lib/gcc/nios2-elf/4.1.2/../../../../nios2-elf/lib/mno-hw-mul/libc.a(lib_a-locale.o)
                0x00814c50                __lc_ctype
 .data          0x00814c5c        0x0 /opt/altera/12.1sp1/nios2eds/bin/gnu/H-i686-pc-linux-gnu/bin/../lib/gcc/nios2-elf/4.1.2/../../../../nios2-elf/lib/mno-hw-mul/libc.a(lib_a-lseekr.o)
 .data          0x00814c5c        0x0 /opt/altera/12.1sp1/nios2eds/bin/gnu/H-i686-pc-linux-gnu/bin/../lib/gcc/nios2-elf/4.1.2/../../../../nios2-elf/lib/mno-hw-mul/libc.a(lib_a-mbrtowc.o)
 .data          0x00814c5c        0x0 /opt/altera/12.1sp1/nios2eds/bin/gnu/H-i686-pc-linux-gnu/bin/../lib/gcc/nios2-elf/4.1.2/../../../../nios2-elf/lib/mno-hw-mul/libc.a(lib_a-mbtowc_r.o)
 .data          0x00814c5c        0x0 /opt/altera/12.1sp1/nios2eds/bin/gnu/H-i686-pc-linux-gnu/bin/../lib/gcc/nios2-elf/4.1.2/../../../../nios2-elf/lib/mno-hw-mul/libc.a(lib_a-memmove.o)
 .data          0x00814c5c        0x0 /opt/altera/12.1sp1/nios2eds/bin/gnu/H-i686-pc-linux-gnu/bin/../lib/gcc/nios2-elf/4.1.2/../../../../nios2-elf/lib/mno-hw-mul/libc.a(lib_a-mprec.o)
 .data          0x00814c5c        0x0 /opt/altera/12.1sp1/nios2eds/bin/gnu/H-i686-pc-linux-gnu/bin/../lib/gcc/nios2-elf/4.1.2/../../../../nios2-elf/lib/mno-hw-mul/libc.a(lib_a-readr.o)
 .data          0x00814c5c        0x0 /opt/altera/12.1sp1/nios2eds/bin/gnu/H-i686-pc-linux-gnu/bin/../lib/gcc/nios2-elf/4.1.2/../../../../nios2-elf/lib/mno-hw-mul/libc.a(lib_a-reallocr.o)
 .data          0x00814c5c        0x0 /opt/altera/12.1sp1/nios2eds/bin/gnu/H-i686-pc-linux-gnu/bin/../lib/gcc/nios2-elf/4.1.2/../../../../nios2-elf/lib/mno-hw-mul/libc.a(lib_a-s_isinfd.o)
 .data          0x00814c5c        0x0 /opt/altera/12.1sp1/nios2eds/bin/gnu/H-i686-pc-linux-gnu/bin/../lib/gcc/nios2-elf/4.1.2/../../../../nios2-elf/lib/mno-hw-mul/libc.a(lib_a-s_isnand.o)
 .data          0x00814c5c        0x0 /opt/altera/12.1sp1/nios2eds/bin/gnu/H-i686-pc-linux-gnu/bin/../lib/gcc/nios2-elf/4.1.2/../../../../nios2-elf/lib/mno-hw-mul/libc.a(lib_a-sccl.o)
 .data          0x00814c5c        0x0 /opt/altera/12.1sp1/nios2eds/bin/gnu/H-i686-pc-linux-gnu/bin/../lib/gcc/nios2-elf/4.1.2/../../../../nios2-elf/lib/mno-hw-mul/libc.a(lib_a-sf_nan.o)
 .data          0x00814c5c        0x0 /opt/altera/12.1sp1/nios2eds/bin/gnu/H-i686-pc-linux-gnu/bin/../lib/gcc/nios2-elf/4.1.2/../../../../nios2-elf/lib/mno-hw-mul/libc.a(lib_a-sprintf.o)
 .data          0x00814c5c        0x0 /opt/altera/12.1sp1/nios2eds/bin/gnu/H-i686-pc-linux-gnu/bin/../lib/gcc/nios2-elf/4.1.2/../../../../nios2-elf/lib/mno-hw-mul/libc.a(lib_a-strcmp.o)
 .data          0x00814c5c       0x28 /opt/altera/12.1sp1/nios2eds/bin/gnu/H-i686-pc-linux-gnu/bin/../lib/gcc/nios2-elf/4.1.2/../../../../nios2-elf/lib/mno-hw-mul/libc.a(lib_a-strtod.o)
 .data          0x00814c84        0x0 /opt/altera/12.1sp1/nios2eds/bin/gnu/H-i686-pc-linux-gnu/bin/../lib/gcc/nios2-elf/4.1.2/../../../../nios2-elf/lib/mno-hw-mul/libc.a(lib_a-strtol.o)
 .data          0x00814c84        0x0 /opt/altera/12.1sp1/nios2eds/bin/gnu/H-i686-pc-linux-gnu/bin/../lib/gcc/nios2-elf/4.1.2/../../../../nios2-elf/lib/mno-hw-mul/libc.a(lib_a-strtoll_r.o)
 .data          0x00814c84        0x0 /opt/altera/12.1sp1/nios2eds/bin/gnu/H-i686-pc-linux-gnu/bin/../lib/gcc/nios2-elf/4.1.2/../../../../nios2-elf/lib/mno-hw-mul/libc.a(lib_a-strtoul.o)
 .data          0x00814c84        0x0 /opt/altera/12.1sp1/nios2eds/bin/gnu/H-i686-pc-linux-gnu/bin/../lib/gcc/nios2-elf/4.1.2/../../../../nios2-elf/lib/mno-hw-mul/libc.a(lib_a-strtoull_r.o)
 .data          0x00814c84        0x0 /opt/altera/12.1sp1/nios2eds/bin/gnu/H-i686-pc-linux-gnu/bin/../lib/gcc/nios2-elf/4.1.2/../../../../nios2-elf/lib/mno-hw-mul/libc.a(lib_a-ungetc.o)
 .data          0x00814c84        0x0 /opt/altera/12.1sp1/nios2eds/bin/gnu/H-i686-pc-linux-gnu/bin/../lib/gcc/nios2-elf/4.1.2/../../../../nios2-elf/lib/mno-hw-mul/libc.a(lib_a-gdtoa-gethex.o)
 .data          0x00814c84        0x0 /opt/altera/12.1sp1/nios2eds/bin/gnu/H-i686-pc-linux-gnu/bin/../lib/gcc/nios2-elf/4.1.2/../../../../nios2-elf/lib/mno-hw-mul/libc.a(lib_a-gdtoa-hexnan.o)
 .data          0x00814c84        0x0 /opt/altera/12.1sp1/nios2eds/bin/gnu/H-i686-pc-linux-gnu/bin/../lib/gcc/nios2-elf/4.1.2/mno-hw-mul/libgcc.a(_muldi3.o)
 .data          0x00814c84        0x0 /opt/altera/12.1sp1/nios2eds/bin/gnu/H-i686-pc-linux-gnu/bin/../lib/gcc/nios2-elf/4.1.2/mno-hw-mul/libgcc.a(_fixunsdfsi.o)
 .data          0x00814c84        0x0 /opt/altera/12.1sp1/nios2eds/bin/gnu/H-i686-pc-linux-gnu/bin/../lib/gcc/nios2-elf/4.1.2/mno-hw-mul/libgcc.a(_udivdi3.o)
 .data          0x00814c84        0x0 /opt/altera/12.1sp1/nios2eds/bin/gnu/H-i686-pc-linux-gnu/bin/../lib/gcc/nios2-elf/4.1.2/mno-hw-mul/libgcc.a(_umoddi3.o)
 .data          0x00814c84        0x0 /opt/altera/12.1sp1/nios2eds/bin/gnu/H-i686-pc-linux-gnu/bin/../lib/gcc/nios2-elf/4.1.2/mno-hw-mul/libgcc.a(_ne_sf.o)
 .data          0x00814c84        0x0 /opt/altera/12.1sp1/nios2eds/bin/gnu/H-i686-pc-linux-gnu/bin/../lib/gcc/nios2-elf/4.1.2/mno-hw-mul/libgcc.a(_gt_sf.o)
 .data          0x00814c84        0x0 /opt/altera/12.1sp1/nios2eds/bin/gnu/H-i686-pc-linux-gnu/bin/../lib/gcc/nios2-elf/4.1.2/mno-hw-mul/libgcc.a(_lt_sf.o)
 .data          0x00814c84        0x0 /opt/altera/12.1sp1/nios2eds/bin/gnu/H-i686-pc-linux-gnu/bin/../lib/gcc/nios2-elf/4.1.2/mno-hw-mul/libgcc.a(_addsub_df.o)
 .data          0x00814c84        0x0 /opt/altera/12.1sp1/nios2eds/bin/gnu/H-i686-pc-linux-gnu/bin/../lib/gcc/nios2-elf/4.1.2/mno-hw-mul/libgcc.a(_mul_df.o)
 .data          0x00814c84        0x0 /opt/altera/12.1sp1/nios2eds/bin/gnu/H-i686-pc-linux-gnu/bin/../lib/gcc/nios2-elf/4.1.2/mno-hw-mul/libgcc.a(_div_df.o)
 .data          0x00814c84        0x0 /opt/altera/12.1sp1/nios2eds/bin/gnu/H-i686-pc-linux-gnu/bin/../lib/gcc/nios2-elf/4.1.2/mno-hw-mul/libgcc.a(_eq_df.o)
 .data          0x00814c84        0x0 /opt/altera/12.1sp1/nios2eds/bin/gnu/H-i686-pc-linux-gnu/bin/../lib/gcc/nios2-elf/4.1.2/mno-hw-mul/libgcc.a(_ne_df.o)
 .data          0x00814c84        0x0 /opt/altera/12.1sp1/nios2eds/bin/gnu/H-i686-pc-linux-gnu/bin/../lib/gcc/nios2-elf/4.1.2/mno-hw-mul/libgcc.a(_gt_df.o)
 .data          0x00814c84        0x0 /opt/altera/12.1sp1/nios2eds/bin/gnu/H-i686-pc-linux-gnu/bin/../lib/gcc/nios2-elf/4.1.2/mno-hw-mul/libgcc.a(_ge_df.o)
 .data          0x00814c84        0x0 /opt/altera/12.1sp1/nios2eds/bin/gnu/H-i686-pc-linux-gnu/bin/../lib/gcc/nios2-elf/4.1.2/mno-hw-mul/libgcc.a(_lt_df.o)
 .data          0x00814c84        0x0 /opt/altera/12.1sp1/nios2eds/bin/gnu/H-i686-pc-linux-gnu/bin/../lib/gcc/nios2-elf/4.1.2/mno-hw-mul/libgcc.a(_le_df.o)
 .data          0x00814c84        0x0 /opt/altera/12.1sp1/nios2eds/bin/gnu/H-i686-pc-linux-gnu/bin/../lib/gcc/nios2-elf/4.1.2/mno-hw-mul/libgcc.a(_si_to_df.o)
 .data          0x00814c84        0x0 /opt/altera/12.1sp1/nios2eds/bin/gnu/H-i686-pc-linux-gnu/bin/../lib/gcc/nios2-elf/4.1.2/mno-hw-mul/libgcc.a(_df_to_si.o)
 .data          0x00814c84        0x0 /opt/altera/12.1sp1/nios2eds/bin/gnu/H-i686-pc-linux-gnu/bin/../lib/gcc/nios2-elf/4.1.2/mno-hw-mul/libgcc.a(_df_to_sf.o)
 .data          0x00814c84        0x0 /opt/altera/12.1sp1/nios2eds/bin/gnu/H-i686-pc-linux-gnu/bin/../lib/gcc/nios2-elf/4.1.2/mno-hw-mul/libgcc.a(_thenan_df.o)
 .data          0x00814c84        0x0 /opt/altera/12.1sp1/nios2eds/bin/gnu/H-i686-pc-linux-gnu/bin/../lib/gcc/nios2-elf/4.1.2/mno-hw-mul/libgcc.a(_usi_to_df.o)
 .data          0x00814c84        0x0 /opt/altera/12.1sp1/nios2eds/bin/gnu/H-i686-pc-linux-gnu/bin/../lib/gcc/nios2-elf/4.1.2/mno-hw-mul/libgcc.a(_clz.o)
 .data          0x00814c84        0x0 /opt/altera/12.1sp1/nios2eds/bin/gnu/H-i686-pc-linux-gnu/bin/../lib/gcc/nios2-elf/4.1.2/mno-hw-mul/libgcc.a(_clzsi2.o)
 .data          0x00814c84        0x0 /opt/altera/12.1sp1/nios2eds/bin/gnu/H-i686-pc-linux-gnu/bin/../lib/gcc/nios2-elf/4.1.2/mno-hw-mul/libgcc.a(_unpack_sf.o)
 .data          0x00814c84        0x0 /opt/altera/12.1sp1/nios2eds/bin/gnu/H-i686-pc-linux-gnu/bin/../lib/gcc/nios2-elf/4.1.2/mno-hw-mul/libgcc.a(_fpcmp_parts_sf.o)
 .data          0x00814c84        0x0 /opt/altera/12.1sp1/nios2eds/bin/gnu/H-i686-pc-linux-gnu/bin/../lib/gcc/nios2-elf/4.1.2/mno-hw-mul/libgcc.a(_make_sf.o)
 .data          0x00814c84        0x0 /opt/altera/12.1sp1/nios2eds/bin/gnu/H-i686-pc-linux-gnu/bin/../lib/gcc/nios2-elf/4.1.2/mno-hw-mul/libgcc.a(_pack_df.o)
 .data          0x00814c84        0x0 /opt/altera/12.1sp1/nios2eds/bin/gnu/H-i686-pc-linux-gnu/bin/../lib/gcc/nios2-elf/4.1.2/mno-hw-mul/libgcc.a(_unpack_df.o)
 .data          0x00814c84        0x0 /opt/altera/12.1sp1/nios2eds/bin/gnu/H-i686-pc-linux-gnu/bin/../lib/gcc/nios2-elf/4.1.2/mno-hw-mul/libgcc.a(_fpcmp_parts_df.o)
 .data          0x00814c84        0x0 /opt/altera/12.1sp1/nios2eds/bin/gnu/H-i686-pc-linux-gnu/bin/../lib/gcc/nios2-elf/4.1.2/mno-hw-mul/libgcc.a(_pack_sf.o)
 .data          0x00814c84        0x0 ../ReadMat5_bsp//libhal_bsp.a(alt_close.o)
 .data          0x00814c84      0x1a8 ../ReadMat5_bsp//libhal_bsp.a(alt_dev.o)
                0x00814c84                alt_dev_null
                0x00814cac                alt_fd_list
 .data          0x00814e2c        0x0 ../ReadMat5_bsp//libhal_bsp.a(alt_errno.o)
 .data          0x00814e2c        0x0 ../ReadMat5_bsp//libhal_bsp.a(alt_exit.o)
 .data          0x00814e2c        0x0 ../ReadMat5_bsp//libhal_bsp.a(alt_fstat.o)
 .data          0x00814e2c        0x0 ../ReadMat5_bsp//libhal_bsp.a(alt_isatty.o)
 .data          0x00814e2c        0x0 ../ReadMat5_bsp//libhal_bsp.a(alt_load.o)
 .data          0x00814e2c        0x0 ../ReadMat5_bsp//libhal_bsp.a(alt_lseek.o)
 .data          0x00814e2c        0x0 ../ReadMat5_bsp//libhal_bsp.a(alt_main.o)
 .data          0x00814e2c        0x0 ../ReadMat5_bsp//libhal_bsp.a(alt_malloc_lock.o)
 .data          0x00814e2c        0x0 ../ReadMat5_bsp//libhal_bsp.a(alt_open.o)
 .data          0x00814e2c        0x0 ../ReadMat5_bsp//libhal_bsp.a(alt_read.o)
 .data          0x00814e2c        0x0 ../ReadMat5_bsp//libhal_bsp.a(alt_release_fd.o)
 .data          0x00814e2c        0x0 ../ReadMat5_bsp//libhal_bsp.a(alt_sbrk.o)
 .data          0x00814e2c        0x0 ../ReadMat5_bsp//libhal_bsp.a(alt_write.o)
 .data          0x00814e2c     0x1088 ../ReadMat5_bsp//libhal_bsp.a(alt_sys_init.o)
 .data          0x00815eb4        0x0 ../ReadMat5_bsp//libhal_bsp.a(altera_avalon_jtag_uart_fd.o)
 .data          0x00815eb4        0x0 ../ReadMat5_bsp//libhal_bsp.a(altera_avalon_jtag_uart_init.o)
 .data          0x00815eb4        0x0 ../ReadMat5_bsp//libhal_bsp.a(altera_avalon_jtag_uart_ioctl.o)
 .data          0x00815eb4        0x0 ../ReadMat5_bsp//libhal_bsp.a(altera_avalon_jtag_uart_read.o)
 .data          0x00815eb4        0x0 ../ReadMat5_bsp//libhal_bsp.a(altera_avalon_jtag_uart_write.o)
 .data          0x00815eb4        0x0 ../ReadMat5_bsp//libhal_bsp.a(altera_avalon_timer_sc.o)
 .data          0x00815eb4        0x0 ../ReadMat5_bsp//libhal_bsp.a(altera_avalon_timer_ts.o)
 .data          0x00815eb4        0x0 ../ReadMat5_bsp//libhal_bsp.a(altera_avalon_timer_vars.o)
 .data          0x00815eb4        0x0 ../ReadMat5_bsp//libhal_bsp.a(altera_hostfs.o)
 .data          0x00815eb4        0x0 ../ReadMat5_bsp//libhal_bsp.a(alt_alarm_start.o)
 .data          0x00815eb4        0x0 ../ReadMat5_bsp//libhal_bsp.a(alt_dcache_flush_all.o)
 .data          0x00815eb4        0x0 ../ReadMat5_bsp//libhal_bsp.a(alt_dev_llist_insert.o)
 .data          0x00815eb4        0x0 ../ReadMat5_bsp//libhal_bsp.a(alt_find_dev.o)
 .data          0x00815eb4        0x0 ../ReadMat5_bsp//libhal_bsp.a(alt_find_file.o)
 .data          0x00815eb4        0x0 ../ReadMat5_bsp//libhal_bsp.a(alt_fs_reg.o)
 .data          0x00815eb4        0x0 ../ReadMat5_bsp//libhal_bsp.a(alt_get_fd.o)
 .data          0x00815eb4        0x0 ../ReadMat5_bsp//libhal_bsp.a(alt_icache_flush_all.o)
 .data          0x00815eb4        0x0 ../ReadMat5_bsp//libhal_bsp.a(alt_iic.o)
 .data          0x00815eb4        0x0 ../ReadMat5_bsp//libhal_bsp.a(alt_iic_isr_register.o)
 .data          0x00815eb4        0x0 ../ReadMat5_bsp//libhal_bsp.a(alt_io_redirect.o)
 .data          0x00815eb4        0x0 ../ReadMat5_bsp//libhal_bsp.a(alt_irq_entry.o)
 .data          0x00815eb4        0x0 ../ReadMat5_bsp//libhal_bsp.a(alt_irq_handler.o)
 .data          0x00815eb4        0x0 ../ReadMat5_bsp//libhal_bsp.a(alt_irq_vars.o)
 .data          0x00815eb4        0x0 ../ReadMat5_bsp//libhal_bsp.a(alt_tick.o)
 .data          0x00815eb4        0x0 ../ReadMat5_bsp//libhal_bsp.a(altera_nios2_qsys_irq.o)
 .data          0x00815eb4        0x0 ../ReadMat5_bsp//libhal_bsp.a(alt_exception_entry.o)
 .data          0x00815eb4        0x0 ../ReadMat5_bsp//libhal_bsp.a(alt_icache_flush.o)
 .data          0x00815eb4        0x0 /opt/altera/12.1sp1/nios2eds/bin/gnu/H-i686-pc-linux-gnu/bin/../lib/gcc/nios2-elf/4.1.2/../../../../nios2-elf/lib/mno-hw-mul/libc.a(lib_a-memcmp.o)
                0x0081deb4                _gp = ABSOLUTE ((. + 0x8000))
                0x0081deb4                PROVIDE (gp, _gp)
 *(.rwdata .rwdata.*)
 *(.sdata .sdata.* .gnu.linkonce.s.*)
 .sdata         0x00815eb4        0x8 /opt/altera/12.1sp1/nios2eds/bin/gnu/H-i686-pc-linux-gnu/bin/../lib/gcc/nios2-elf/4.1.2/../../../../nios2-elf/lib/mno-hw-mul/libc.a(lib_a-impure.o)
                0x00815eb4                _impure_ptr
                0x00815eb8                _global_impure_ptr
 .sdata         0x00815ebc        0x8 /opt/altera/12.1sp1/nios2eds/bin/gnu/H-i686-pc-linux-gnu/bin/../lib/gcc/nios2-elf/4.1.2/../../../../nios2-elf/lib/mno-hw-mul/libc.a(lib_a-mallocr.o)
                0x00815ebc                __malloc_trim_threshold
                0x00815ec0                __malloc_sbrk_base
 .sdata         0x00815ec4        0x4 /opt/altera/12.1sp1/nios2eds/bin/gnu/H-i686-pc-linux-gnu/bin/../lib/gcc/nios2-elf/4.1.2/../../../../nios2-elf/lib/mno-hw-mul/libc.a(lib_a-ctype_.o)
                0x00815ec4                __ctype_ptr
 .sdata         0x00815ec8        0x8 /opt/altera/12.1sp1/nios2eds/bin/gnu/H-i686-pc-linux-gnu/bin/../lib/gcc/nios2-elf/4.1.2/../../../../nios2-elf/lib/mno-hw-mul/libc.a(lib_a-locale.o)
                0x00815ec8                __mb_cur_max
 .sdata         0x00815ed0       0x14 ../ReadMat5_bsp//libhal_bsp.a(alt_dev.o)
                0x00815ed0                alt_fs_list
                0x00815ed8                alt_dev_list
                0x00815ee0                alt_max_fd
 .sdata         0x00815ee4        0x4 ../ReadMat5_bsp//libhal_bsp.a(alt_errno.o)
                0x00815ee4                alt_errno
 .sdata         0x00815ee8        0x4 ../ReadMat5_bsp//libhal_bsp.a(alt_sbrk.o)
 .sdata         0x00815eec       0x48 ../ReadMat5_bsp//libhal_bsp.a(altera_hostfs.o)
 .sdata         0x00815f34        0x4 ../ReadMat5_bsp//libhal_bsp.a(alt_irq_vars.o)
                0x00815f34                alt_priority_mask
 .sdata         0x00815f38        0x8 ../ReadMat5_bsp//libhal_bsp.a(alt_tick.o)
                0x00815f38                alt_alarm_list
 *(.sdata2 .sdata2.* .gnu.linkonce.s2.*)
                0x00815f40                . = ALIGN (0x4)
                0x00815f40                _edata = ABSOLUTE (.)
                0x00815f40                PROVIDE (edata, ABSOLUTE (.))
                0x00815f40                PROVIDE (__ram_rwdata_end, ABSOLUTE (.))
                0x00815f40                PROVIDE (__flash_rwdata_start, LOADADDR (.rwdata))

.bss            0x00817a38      0x264
                0x00817a38                __bss_start = ABSOLUTE (.)
                0x00817a38                PROVIDE (__sbss_start, ABSOLUTE (.))
                0x00817a38                PROVIDE (___sbss_start, ABSOLUTE (.))
 *(.dynsbss)
 *(.sbss .sbss.* .gnu.linkonce.sb.*)
 .sbss          0x00817a38        0x4 /opt/altera/12.1sp1/nios2eds/bin/gnu/H-i686-pc-linux-gnu/bin/../lib/gcc/nios2-elf/4.1.2/../../../../nios2-elf/lib/mno-hw-mul/libc.a(lib_a-int_errno.o)
                0x00817a38                errno
 .sbss          0x00817a3c        0xc /opt/altera/12.1sp1/nios2eds/bin/gnu/H-i686-pc-linux-gnu/bin/../lib/gcc/nios2-elf/4.1.2/../../../../nios2-elf/lib/mno-hw-mul/libc.a(lib_a-mallocr.o)
                0x00817a3c                __malloc_top_pad
                0x00817a40                __malloc_max_sbrked_mem
                0x00817a44                __malloc_max_total_mem
 .sbss          0x00817a48        0xc /opt/altera/12.1sp1/nios2eds/bin/gnu/H-i686-pc-linux-gnu/bin/../lib/gcc/nios2-elf/4.1.2/../../../../nios2-elf/lib/mno-hw-mul/libc.a(lib_a-locale.o)
                0x00817a48                __nlocale_changed
                0x00817a4c                __mlocale_changed
                0x00817a50                _PathLocale
 .sbss          0x00817a54        0xc ../ReadMat5_bsp//libhal_bsp.a(alt_main.o)
                0x00817a54                alt_argc
                0x00817a58                alt_argv
                0x00817a5c                alt_envp
 .sbss          0x00817a60        0x8 ../ReadMat5_bsp//libhal_bsp.a(altera_avalon_timer_vars.o)
                0x00817a60                altera_avalon_timer_ts_base
                0x00817a64                altera_avalon_timer_ts_freq
 .sbss          0x00817a68        0x4 ../ReadMat5_bsp//libhal_bsp.a(alt_irq_vars.o)
                0x00817a68                alt_irq_active
 .sbss          0x00817a6c        0x8 ../ReadMat5_bsp//libhal_bsp.a(alt_tick.o)
                0x00817a6c                _alt_tick_rate
                0x00817a70                _alt_nticks
 *(.sbss2 .sbss2.* .gnu.linkonce.sb2.*)
 *(.scommon)
                0x00817a74                PROVIDE (__sbss_end, ABSOLUTE (.))
                0x00817a74                PROVIDE (___sbss_end, ABSOLUTE (.))
 *(.dynbss)
 *(.bss .bss.* .gnu.linkonce.b.*)
 .bss           0x00817a74        0x0 ../ReadMat5_bsp//obj/HAL/src/crt0.o
 .bss           0x00817a74        0x0 obj/default/hello_world.o
 .bss           0x00817a74        0x0 /opt/altera/12.1sp1/nios2eds/bin/gnu/H-i686-pc-linux-gnu/bin/../lib/gcc/nios2-elf/4.1.2/mno-hw-mul/libgcc.a(lib2-divmod.o)
 .bss           0x00817a74        0x0 /opt/altera/12.1sp1/nios2eds/bin/gnu/H-i686-pc-linux-gnu/bin/../lib/gcc/nios2-elf/4.1.2/mno-hw-mul/libgcc.a(lib2-mul.o)
 .bss           0x00817a74        0x0 /opt/altera/12.1sp1/nios2eds/bin/gnu/H-i686-pc-linux-gnu/bin/../lib/gcc/nios2-elf/4.1.2/../../../../nios2-elf/lib/mno-hw-mul/libc.a(lib_a-calloc.o)
 .bss           0x00817a74        0x0 /opt/altera/12.1sp1/nios2eds/bin/gnu/H-i686-pc-linux-gnu/bin/../lib/gcc/nios2-elf/4.1.2/../../../../nios2-elf/lib/mno-hw-mul/libc.a(lib_a-callocr.o)
 .bss           0x00817a74        0x0 /opt/altera/12.1sp1/nios2eds/bin/gnu/H-i686-pc-linux-gnu/bin/../lib/gcc/nios2-elf/4.1.2/../../../../nios2-elf/lib/mno-hw-mul/libc.a(lib_a-exit.o)
 .bss           0x00817a74        0x0 /opt/altera/12.1sp1/nios2eds/bin/gnu/H-i686-pc-linux-gnu/bin/../lib/gcc/nios2-elf/4.1.2/../../../../nios2-elf/lib/mno-hw-mul/libc.a(lib_a-fclose.o)
 .bss           0x00817a74        0x0 /opt/altera/12.1sp1/nios2eds/bin/gnu/H-i686-pc-linux-gnu/bin/../lib/gcc/nios2-elf/4.1.2/../../../../nios2-elf/lib/mno-hw-mul/libc.a(lib_a-fflush.o)
 .bss           0x00817a74        0x0 /opt/altera/12.1sp1/nios2eds/bin/gnu/H-i686-pc-linux-gnu/bin/../lib/gcc/nios2-elf/4.1.2/../../../../nios2-elf/lib/mno-hw-mul/libc.a(lib_a-fgets.o)
 .bss           0x00817a74        0x0 /opt/altera/12.1sp1/nios2eds/bin/gnu/H-i686-pc-linux-gnu/bin/../lib/gcc/nios2-elf/4.1.2/../../../../nios2-elf/lib/mno-hw-mul/libc.a(lib_a-findfp.o)
 .bss           0x00817a74        0x0 /opt/altera/12.1sp1/nios2eds/bin/gnu/H-i686-pc-linux-gnu/bin/../lib/gcc/nios2-elf/4.1.2/../../../../nios2-elf/lib/mno-hw-mul/libc.a(lib_a-fopen.o)
 .bss           0x00817a74        0x0 /opt/altera/12.1sp1/nios2eds/bin/gnu/H-i686-pc-linux-gnu/bin/../lib/gcc/nios2-elf/4.1.2/../../../../nios2-elf/lib/mno-hw-mul/libc.a(lib_a-fprintf.o)
 .bss           0x00817a74        0x0 /opt/altera/12.1sp1/nios2eds/bin/gnu/H-i686-pc-linux-gnu/bin/../lib/gcc/nios2-elf/4.1.2/../../../../nios2-elf/lib/mno-hw-mul/libc.a(lib_a-fread.o)
 .bss           0x00817a74        0x0 /opt/altera/12.1sp1/nios2eds/bin/gnu/H-i686-pc-linux-gnu/bin/../lib/gcc/nios2-elf/4.1.2/../../../../nios2-elf/lib/mno-hw-mul/libc.a(lib_a-freer.o)
 .bss           0x00817a74        0x0 /opt/altera/12.1sp1/nios2eds/bin/gnu/H-i686-pc-linux-gnu/bin/../lib/gcc/nios2-elf/4.1.2/../../../../nios2-elf/lib/mno-hw-mul/libc.a(lib_a-fscanf.o)
 .bss           0x00817a74        0x0 /opt/altera/12.1sp1/nios2eds/bin/gnu/H-i686-pc-linux-gnu/bin/../lib/gcc/nios2-elf/4.1.2/../../../../nios2-elf/lib/mno-hw-mul/libc.a(lib_a-fseek.o)
 .bss           0x00817a74        0x0 /opt/altera/12.1sp1/nios2eds/bin/gnu/H-i686-pc-linux-gnu/bin/../lib/gcc/nios2-elf/4.1.2/../../../../nios2-elf/lib/mno-hw-mul/libc.a(lib_a-fstatr.o)
 .bss           0x00817a74        0x0 /opt/altera/12.1sp1/nios2eds/bin/gnu/H-i686-pc-linux-gnu/bin/../lib/gcc/nios2-elf/4.1.2/../../../../nios2-elf/lib/mno-hw-mul/libc.a(lib_a-fwalk.o)
 .bss           0x00817a74        0x0 /opt/altera/12.1sp1/nios2eds/bin/gnu/H-i686-pc-linux-gnu/bin/../lib/gcc/nios2-elf/4.1.2/../../../../nios2-elf/lib/mno-hw-mul/libc.a(lib_a-fwrite.o)
 .bss           0x00817a74        0x0 /opt/altera/12.1sp1/nios2eds/bin/gnu/H-i686-pc-linux-gnu/bin/../lib/gcc/nios2-elf/4.1.2/../../../../nios2-elf/lib/mno-hw-mul/libc.a(lib_a-impure.o)
 .bss           0x00817a74        0x0 /opt/altera/12.1sp1/nios2eds/bin/gnu/H-i686-pc-linux-gnu/bin/../lib/gcc/nios2-elf/4.1.2/../../../../nios2-elf/lib/mno-hw-mul/libc.a(lib_a-int_errno.o)
 .bss           0x00817a74        0x0 /opt/altera/12.1sp1/nios2eds/bin/gnu/H-i686-pc-linux-gnu/bin/../lib/gcc/nios2-elf/4.1.2/../../../../nios2-elf/lib/mno-hw-mul/libc.a(lib_a-makebuf.o)
 .bss           0x00817a74        0x0 /opt/altera/12.1sp1/nios2eds/bin/gnu/H-i686-pc-linux-gnu/bin/../lib/gcc/nios2-elf/4.1.2/../../../../nios2-elf/lib/mno-hw-mul/libc.a(lib_a-malloc.o)
 .bss           0x00817a74       0x28 /opt/altera/12.1sp1/nios2eds/bin/gnu/H-i686-pc-linux-gnu/bin/../lib/gcc/nios2-elf/4.1.2/../../../../nios2-elf/lib/mno-hw-mul/libc.a(lib_a-mallocr.o)
                0x00817a74                __malloc_current_mallinfo
 .bss           0x00817a9c        0x0 /opt/altera/12.1sp1/nios2eds/bin/gnu/H-i686-pc-linux-gnu/bin/../lib/gcc/nios2-elf/4.1.2/../../../../nios2-elf/lib/mno-hw-mul/libc.a(lib_a-memchr.o)
 .bss           0x00817a9c        0x0 /opt/altera/12.1sp1/nios2eds/bin/gnu/H-i686-pc-linux-gnu/bin/../lib/gcc/nios2-elf/4.1.2/../../../../nios2-elf/lib/mno-hw-mul/libc.a(lib_a-memcpy.o)
 .bss           0x00817a9c        0x0 /opt/altera/12.1sp1/nios2eds/bin/gnu/H-i686-pc-linux-gnu/bin/../lib/gcc/nios2-elf/4.1.2/../../../../nios2-elf/lib/mno-hw-mul/libc.a(lib_a-memset.o)
 .bss           0x00817a9c        0x0 /opt/altera/12.1sp1/nios2eds/bin/gnu/H-i686-pc-linux-gnu/bin/../lib/gcc/nios2-elf/4.1.2/../../../../nios2-elf/lib/mno-hw-mul/libc.a(lib_a-openr.o)
 .bss           0x00817a9c        0x0 /opt/altera/12.1sp1/nios2eds/bin/gnu/H-i686-pc-linux-gnu/bin/../lib/gcc/nios2-elf/4.1.2/../../../../nios2-elf/lib/mno-hw-mul/libc.a(lib_a-printf.o)
 .bss           0x00817a9c        0x0 /opt/altera/12.1sp1/nios2eds/bin/gnu/H-i686-pc-linux-gnu/bin/../lib/gcc/nios2-elf/4.1.2/../../../../nios2-elf/lib/mno-hw-mul/libc.a(lib_a-puts.o)
 .bss           0x00817a9c        0x0 /opt/altera/12.1sp1/nios2eds/bin/gnu/H-i686-pc-linux-gnu/bin/../lib/gcc/nios2-elf/4.1.2/../../../../nios2-elf/lib/mno-hw-mul/libc.a(lib_a-refill.o)
 .bss           0x00817a9c        0x0 /opt/altera/12.1sp1/nios2eds/bin/gnu/H-i686-pc-linux-gnu/bin/../lib/gcc/nios2-elf/4.1.2/../../../../nios2-elf/lib/mno-hw-mul/libc.a(lib_a-sbrkr.o)
 .bss           0x00817a9c        0x0 /opt/altera/12.1sp1/nios2eds/bin/gnu/H-i686-pc-linux-gnu/bin/../lib/gcc/nios2-elf/4.1.2/../../../../nios2-elf/lib/mno-hw-mul/libc.a(lib_a-sscanf.o)
 .bss           0x00817a9c        0x0 /opt/altera/12.1sp1/nios2eds/bin/gnu/H-i686-pc-linux-gnu/bin/../lib/gcc/nios2-elf/4.1.2/../../../../nios2-elf/lib/mno-hw-mul/libc.a(lib_a-stdio.o)
 .bss           0x00817a9c        0x0 /opt/altera/12.1sp1/nios2eds/bin/gnu/H-i686-pc-linux-gnu/bin/../lib/gcc/nios2-elf/4.1.2/../../../../nios2-elf/lib/mno-hw-mul/libc.a(lib_a-strlen.o)
 .bss           0x00817a9c        0x0 /opt/altera/12.1sp1/nios2eds/bin/gnu/H-i686-pc-linux-gnu/bin/../lib/gcc/nios2-elf/4.1.2/../../../../nios2-elf/lib/mno-hw-mul/libc.a(lib_a-strncmp.o)
 .bss           0x00817a9c        0x0 /opt/altera/12.1sp1/nios2eds/bin/gnu/H-i686-pc-linux-gnu/bin/../lib/gcc/nios2-elf/4.1.2/../../../../nios2-elf/lib/mno-hw-mul/libc.a(lib_a-vfprintf.o)
 .bss           0x00817a9c        0x0 /opt/altera/12.1sp1/nios2eds/bin/gnu/H-i686-pc-linux-gnu/bin/../lib/gcc/nios2-elf/4.1.2/../../../../nios2-elf/lib/mno-hw-mul/libc.a(lib_a-vfscanf.o)
 .bss           0x00817a9c        0x0 /opt/altera/12.1sp1/nios2eds/bin/gnu/H-i686-pc-linux-gnu/bin/../lib/gcc/nios2-elf/4.1.2/../../../../nios2-elf/lib/mno-hw-mul/libc.a(lib_a-writer.o)
 .bss           0x00817a9c        0x0 /opt/altera/12.1sp1/nios2eds/bin/gnu/H-i686-pc-linux-gnu/bin/../lib/gcc/nios2-elf/4.1.2/../../../../nios2-elf/lib/mno-hw-mul/libc.a(lib_a-wsetup.o)
 .bss           0x00817a9c        0x0 /opt/altera/12.1sp1/nios2eds/bin/gnu/H-i686-pc-linux-gnu/bin/../lib/gcc/nios2-elf/4.1.2/../../../../nios2-elf/lib/mno-hw-mul/libc.a(lib_a-__call_atexit.o)
 .bss           0x00817a9c        0x0 /opt/altera/12.1sp1/nios2eds/bin/gnu/H-i686-pc-linux-gnu/bin/../lib/gcc/nios2-elf/4.1.2/../../../../nios2-elf/lib/mno-hw-mul/libc.a(lib_a-closer.o)
 .bss           0x00817a9c        0x0 /opt/altera/12.1sp1/nios2eds/bin/gnu/H-i686-pc-linux-gnu/bin/../lib/gcc/nios2-elf/4.1.2/../../../../nios2-elf/lib/mno-hw-mul/libc.a(lib_a-ctype_.o)
 .bss           0x00817a9c        0x0 /opt/altera/12.1sp1/nios2eds/bin/gnu/H-i686-pc-linux-gnu/bin/../lib/gcc/nios2-elf/4.1.2/../../../../nios2-elf/lib/mno-hw-mul/libc.a(lib_a-dtoa.o)
 .bss           0x00817a9c        0x0 /opt/altera/12.1sp1/nios2eds/bin/gnu/H-i686-pc-linux-gnu/bin/../lib/gcc/nios2-elf/4.1.2/../../../../nios2-elf/lib/mno-hw-mul/libc.a(lib_a-flags.o)
 .bss           0x00817a9c        0x0 /opt/altera/12.1sp1/nios2eds/bin/gnu/H-i686-pc-linux-gnu/bin/../lib/gcc/nios2-elf/4.1.2/../../../../nios2-elf/lib/mno-hw-mul/libc.a(lib_a-fvwrite.o)
 .bss           0x00817a9c        0x0 /opt/altera/12.1sp1/nios2eds/bin/gnu/H-i686-pc-linux-gnu/bin/../lib/gcc/nios2-elf/4.1.2/../../../../nios2-elf/lib/mno-hw-mul/libc.a(lib_a-isattyr.o)
 .bss           0x00817a9c        0x0 /opt/altera/12.1sp1/nios2eds/bin/gnu/H-i686-pc-linux-gnu/bin/../lib/gcc/nios2-elf/4.1.2/../../../../nios2-elf/lib/mno-hw-mul/libc.a(lib_a-iswspace.o)
 .bss           0x00817a9c        0x0 /opt/altera/12.1sp1/nios2eds/bin/gnu/H-i686-pc-linux-gnu/bin/../lib/gcc/nios2-elf/4.1.2/../../../../nios2-elf/lib/mno-hw-mul/libc.a(lib_a-locale.o)
 .bss           0x00817a9c        0x0 /opt/altera/12.1sp1/nios2eds/bin/gnu/H-i686-pc-linux-gnu/bin/../lib/gcc/nios2-elf/4.1.2/../../../../nios2-elf/lib/mno-hw-mul/libc.a(lib_a-lseekr.o)
 .bss           0x00817a9c        0x0 /opt/altera/12.1sp1/nios2eds/bin/gnu/H-i686-pc-linux-gnu/bin/../lib/gcc/nios2-elf/4.1.2/../../../../nios2-elf/lib/mno-hw-mul/libc.a(lib_a-mbrtowc.o)
 .bss           0x00817a9c        0x0 /opt/altera/12.1sp1/nios2eds/bin/gnu/H-i686-pc-linux-gnu/bin/../lib/gcc/nios2-elf/4.1.2/../../../../nios2-elf/lib/mno-hw-mul/libc.a(lib_a-mbtowc_r.o)
 .bss           0x00817a9c        0x0 /opt/altera/12.1sp1/nios2eds/bin/gnu/H-i686-pc-linux-gnu/bin/../lib/gcc/nios2-elf/4.1.2/../../../../nios2-elf/lib/mno-hw-mul/libc.a(lib_a-memmove.o)
 .bss           0x00817a9c        0x0 /opt/altera/12.1sp1/nios2eds/bin/gnu/H-i686-pc-linux-gnu/bin/../lib/gcc/nios2-elf/4.1.2/../../../../nios2-elf/lib/mno-hw-mul/libc.a(lib_a-mprec.o)
 .bss           0x00817a9c        0x0 /opt/altera/12.1sp1/nios2eds/bin/gnu/H-i686-pc-linux-gnu/bin/../lib/gcc/nios2-elf/4.1.2/../../../../nios2-elf/lib/mno-hw-mul/libc.a(lib_a-readr.o)
 .bss           0x00817a9c        0x0 /opt/altera/12.1sp1/nios2eds/bin/gnu/H-i686-pc-linux-gnu/bin/../lib/gcc/nios2-elf/4.1.2/../../../../nios2-elf/lib/mno-hw-mul/libc.a(lib_a-reallocr.o)
 .bss           0x00817a9c        0x0 /opt/altera/12.1sp1/nios2eds/bin/gnu/H-i686-pc-linux-gnu/bin/../lib/gcc/nios2-elf/4.1.2/../../../../nios2-elf/lib/mno-hw-mul/libc.a(lib_a-s_isinfd.o)
 .bss           0x00817a9c        0x0 /opt/altera/12.1sp1/nios2eds/bin/gnu/H-i686-pc-linux-gnu/bin/../lib/gcc/nios2-elf/4.1.2/../../../../nios2-elf/lib/mno-hw-mul/libc.a(lib_a-s_isnand.o)
 .bss           0x00817a9c        0x0 /opt/altera/12.1sp1/nios2eds/bin/gnu/H-i686-pc-linux-gnu/bin/../lib/gcc/nios2-elf/4.1.2/../../../../nios2-elf/lib/mno-hw-mul/libc.a(lib_a-sccl.o)
 .bss           0x00817a9c        0x0 /opt/altera/12.1sp1/nios2eds/bin/gnu/H-i686-pc-linux-gnu/bin/../lib/gcc/nios2-elf/4.1.2/../../../../nios2-elf/lib/mno-hw-mul/libc.a(lib_a-sf_nan.o)
 .bss           0x00817a9c        0x0 /opt/altera/12.1sp1/nios2eds/bin/gnu/H-i686-pc-linux-gnu/bin/../lib/gcc/nios2-elf/4.1.2/../../../../nios2-elf/lib/mno-hw-mul/libc.a(lib_a-sprintf.o)
 .bss           0x00817a9c        0x0 /opt/altera/12.1sp1/nios2eds/bin/gnu/H-i686-pc-linux-gnu/bin/../lib/gcc/nios2-elf/4.1.2/../../../../nios2-elf/lib/mno-hw-mul/libc.a(lib_a-strcmp.o)
 .bss           0x00817a9c        0x0 /opt/altera/12.1sp1/nios2eds/bin/gnu/H-i686-pc-linux-gnu/bin/../lib/gcc/nios2-elf/4.1.2/../../../../nios2-elf/lib/mno-hw-mul/libc.a(lib_a-strtod.o)
 .bss           0x00817a9c        0x0 /opt/altera/12.1sp1/nios2eds/bin/gnu/H-i686-pc-linux-gnu/bin/../lib/gcc/nios2-elf/4.1.2/../../../../nios2-elf/lib/mno-hw-mul/libc.a(lib_a-strtol.o)
 .bss           0x00817a9c        0x0 /opt/altera/12.1sp1/nios2eds/bin/gnu/H-i686-pc-linux-gnu/bin/../lib/gcc/nios2-elf/4.1.2/../../../../nios2-elf/lib/mno-hw-mul/libc.a(lib_a-strtoll_r.o)
 .bss           0x00817a9c        0x0 /opt/altera/12.1sp1/nios2eds/bin/gnu/H-i686-pc-linux-gnu/bin/../lib/gcc/nios2-elf/4.1.2/../../../../nios2-elf/lib/mno-hw-mul/libc.a(lib_a-strtoul.o)
 .bss           0x00817a9c        0x0 /opt/altera/12.1sp1/nios2eds/bin/gnu/H-i686-pc-linux-gnu/bin/../lib/gcc/nios2-elf/4.1.2/../../../../nios2-elf/lib/mno-hw-mul/libc.a(lib_a-strtoull_r.o)
 .bss           0x00817a9c        0x0 /opt/altera/12.1sp1/nios2eds/bin/gnu/H-i686-pc-linux-gnu/bin/../lib/gcc/nios2-elf/4.1.2/../../../../nios2-elf/lib/mno-hw-mul/libc.a(lib_a-ungetc.o)
 .bss           0x00817a9c        0x0 /opt/altera/12.1sp1/nios2eds/bin/gnu/H-i686-pc-linux-gnu/bin/../lib/gcc/nios2-elf/4.1.2/../../../../nios2-elf/lib/mno-hw-mul/libc.a(lib_a-gdtoa-gethex.o)
 .bss           0x00817a9c        0x0 /opt/altera/12.1sp1/nios2eds/bin/gnu/H-i686-pc-linux-gnu/bin/../lib/gcc/nios2-elf/4.1.2/../../../../nios2-elf/lib/mno-hw-mul/libc.a(lib_a-gdtoa-hexnan.o)
 .bss           0x00817a9c        0x0 /opt/altera/12.1sp1/nios2eds/bin/gnu/H-i686-pc-linux-gnu/bin/../lib/gcc/nios2-elf/4.1.2/mno-hw-mul/libgcc.a(_muldi3.o)
 .bss           0x00817a9c        0x0 /opt/altera/12.1sp1/nios2eds/bin/gnu/H-i686-pc-linux-gnu/bin/../lib/gcc/nios2-elf/4.1.2/mno-hw-mul/libgcc.a(_fixunsdfsi.o)
 .bss           0x00817a9c        0x0 /opt/altera/12.1sp1/nios2eds/bin/gnu/H-i686-pc-linux-gnu/bin/../lib/gcc/nios2-elf/4.1.2/mno-hw-mul/libgcc.a(_udivdi3.o)
 .bss           0x00817a9c        0x0 /opt/altera/12.1sp1/nios2eds/bin/gnu/H-i686-pc-linux-gnu/bin/../lib/gcc/nios2-elf/4.1.2/mno-hw-mul/libgcc.a(_umoddi3.o)
 .bss           0x00817a9c        0x0 /opt/altera/12.1sp1/nios2eds/bin/gnu/H-i686-pc-linux-gnu/bin/../lib/gcc/nios2-elf/4.1.2/mno-hw-mul/libgcc.a(_ne_sf.o)
 .bss           0x00817a9c        0x0 /opt/altera/12.1sp1/nios2eds/bin/gnu/H-i686-pc-linux-gnu/bin/../lib/gcc/nios2-elf/4.1.2/mno-hw-mul/libgcc.a(_gt_sf.o)
 .bss           0x00817a9c        0x0 /opt/altera/12.1sp1/nios2eds/bin/gnu/H-i686-pc-linux-gnu/bin/../lib/gcc/nios2-elf/4.1.2/mno-hw-mul/libgcc.a(_lt_sf.o)
 .bss           0x00817a9c        0x0 /opt/altera/12.1sp1/nios2eds/bin/gnu/H-i686-pc-linux-gnu/bin/../lib/gcc/nios2-elf/4.1.2/mno-hw-mul/libgcc.a(_addsub_df.o)
 .bss           0x00817a9c        0x0 /opt/altera/12.1sp1/nios2eds/bin/gnu/H-i686-pc-linux-gnu/bin/../lib/gcc/nios2-elf/4.1.2/mno-hw-mul/libgcc.a(_mul_df.o)
 .bss           0x00817a9c        0x0 /opt/altera/12.1sp1/nios2eds/bin/gnu/H-i686-pc-linux-gnu/bin/../lib/gcc/nios2-elf/4.1.2/mno-hw-mul/libgcc.a(_div_df.o)
 .bss           0x00817a9c        0x0 /opt/altera/12.1sp1/nios2eds/bin/gnu/H-i686-pc-linux-gnu/bin/../lib/gcc/nios2-elf/4.1.2/mno-hw-mul/libgcc.a(_eq_df.o)
 .bss           0x00817a9c        0x0 /opt/altera/12.1sp1/nios2eds/bin/gnu/H-i686-pc-linux-gnu/bin/../lib/gcc/nios2-elf/4.1.2/mno-hw-mul/libgcc.a(_ne_df.o)
 .bss           0x00817a9c        0x0 /opt/altera/12.1sp1/nios2eds/bin/gnu/H-i686-pc-linux-gnu/bin/../lib/gcc/nios2-elf/4.1.2/mno-hw-mul/libgcc.a(_gt_df.o)
 .bss           0x00817a9c        0x0 /opt/altera/12.1sp1/nios2eds/bin/gnu/H-i686-pc-linux-gnu/bin/../lib/gcc/nios2-elf/4.1.2/mno-hw-mul/libgcc.a(_ge_df.o)
 .bss           0x00817a9c        0x0 /opt/altera/12.1sp1/nios2eds/bin/gnu/H-i686-pc-linux-gnu/bin/../lib/gcc/nios2-elf/4.1.2/mno-hw-mul/libgcc.a(_lt_df.o)
 .bss           0x00817a9c        0x0 /opt/altera/12.1sp1/nios2eds/bin/gnu/H-i686-pc-linux-gnu/bin/../lib/gcc/nios2-elf/4.1.2/mno-hw-mul/libgcc.a(_le_df.o)
 .bss           0x00817a9c        0x0 /opt/altera/12.1sp1/nios2eds/bin/gnu/H-i686-pc-linux-gnu/bin/../lib/gcc/nios2-elf/4.1.2/mno-hw-mul/libgcc.a(_si_to_df.o)
 .bss           0x00817a9c        0x0 /opt/altera/12.1sp1/nios2eds/bin/gnu/H-i686-pc-linux-gnu/bin/../lib/gcc/nios2-elf/4.1.2/mno-hw-mul/libgcc.a(_df_to_si.o)
 .bss           0x00817a9c        0x0 /opt/altera/12.1sp1/nios2eds/bin/gnu/H-i686-pc-linux-gnu/bin/../lib/gcc/nios2-elf/4.1.2/mno-hw-mul/libgcc.a(_df_to_sf.o)
 .bss           0x00817a9c        0x0 /opt/altera/12.1sp1/nios2eds/bin/gnu/H-i686-pc-linux-gnu/bin/../lib/gcc/nios2-elf/4.1.2/mno-hw-mul/libgcc.a(_thenan_df.o)
 .bss           0x00817a9c        0x0 /opt/altera/12.1sp1/nios2eds/bin/gnu/H-i686-pc-linux-gnu/bin/../lib/gcc/nios2-elf/4.1.2/mno-hw-mul/libgcc.a(_usi_to_df.o)
 .bss           0x00817a9c        0x0 /opt/altera/12.1sp1/nios2eds/bin/gnu/H-i686-pc-linux-gnu/bin/../lib/gcc/nios2-elf/4.1.2/mno-hw-mul/libgcc.a(_clz.o)
 .bss           0x00817a9c        0x0 /opt/altera/12.1sp1/nios2eds/bin/gnu/H-i686-pc-linux-gnu/bin/../lib/gcc/nios2-elf/4.1.2/mno-hw-mul/libgcc.a(_clzsi2.o)
 .bss           0x00817a9c        0x0 /opt/altera/12.1sp1/nios2eds/bin/gnu/H-i686-pc-linux-gnu/bin/../lib/gcc/nios2-elf/4.1.2/mno-hw-mul/libgcc.a(_unpack_sf.o)
 .bss           0x00817a9c        0x0 /opt/altera/12.1sp1/nios2eds/bin/gnu/H-i686-pc-linux-gnu/bin/../lib/gcc/nios2-elf/4.1.2/mno-hw-mul/libgcc.a(_fpcmp_parts_sf.o)
 .bss           0x00817a9c        0x0 /opt/altera/12.1sp1/nios2eds/bin/gnu/H-i686-pc-linux-gnu/bin/../lib/gcc/nios2-elf/4.1.2/mno-hw-mul/libgcc.a(_make_sf.o)
 .bss           0x00817a9c        0x0 /opt/altera/12.1sp1/nios2eds/bin/gnu/H-i686-pc-linux-gnu/bin/../lib/gcc/nios2-elf/4.1.2/mno-hw-mul/libgcc.a(_pack_df.o)
 .bss           0x00817a9c        0x0 /opt/altera/12.1sp1/nios2eds/bin/gnu/H-i686-pc-linux-gnu/bin/../lib/gcc/nios2-elf/4.1.2/mno-hw-mul/libgcc.a(_unpack_df.o)
 .bss           0x00817a9c        0x0 /opt/altera/12.1sp1/nios2eds/bin/gnu/H-i686-pc-linux-gnu/bin/../lib/gcc/nios2-elf/4.1.2/mno-hw-mul/libgcc.a(_fpcmp_parts_df.o)
 .bss           0x00817a9c        0x0 /opt/altera/12.1sp1/nios2eds/bin/gnu/H-i686-pc-linux-gnu/bin/../lib/gcc/nios2-elf/4.1.2/mno-hw-mul/libgcc.a(_pack_sf.o)
 .bss           0x00817a9c        0x0 ../ReadMat5_bsp//libhal_bsp.a(alt_close.o)
 .bss           0x00817a9c        0x0 ../ReadMat5_bsp//libhal_bsp.a(alt_dev.o)
 .bss           0x00817a9c        0x0 ../ReadMat5_bsp//libhal_bsp.a(alt_errno.o)
 .bss           0x00817a9c        0x0 ../ReadMat5_bsp//libhal_bsp.a(alt_exit.o)
 .bss           0x00817a9c        0x0 ../ReadMat5_bsp//libhal_bsp.a(alt_fstat.o)
 .bss           0x00817a9c        0x0 ../ReadMat5_bsp//libhal_bsp.a(alt_isatty.o)
 .bss           0x00817a9c        0x0 ../ReadMat5_bsp//libhal_bsp.a(alt_load.o)
 .bss           0x00817a9c        0x0 ../ReadMat5_bsp//libhal_bsp.a(alt_lseek.o)
 .bss           0x00817a9c        0x0 ../ReadMat5_bsp//libhal_bsp.a(alt_main.o)
 .bss           0x00817a9c        0x0 ../ReadMat5_bsp//libhal_bsp.a(alt_malloc_lock.o)
 .bss           0x00817a9c        0x0 ../ReadMat5_bsp//libhal_bsp.a(alt_open.o)
 .bss           0x00817a9c        0x0 ../ReadMat5_bsp//libhal_bsp.a(alt_read.o)
 .bss           0x00817a9c        0x0 ../ReadMat5_bsp//libhal_bsp.a(alt_release_fd.o)
 .bss           0x00817a9c        0x0 ../ReadMat5_bsp//libhal_bsp.a(alt_sbrk.o)
 .bss           0x00817a9c        0x0 ../ReadMat5_bsp//libhal_bsp.a(alt_write.o)
 .bss           0x00817a9c        0x0 ../ReadMat5_bsp//libhal_bsp.a(alt_sys_init.o)
 .bss           0x00817a9c        0x0 ../ReadMat5_bsp//libhal_bsp.a(altera_avalon_jtag_uart_fd.o)
 .bss           0x00817a9c        0x0 ../ReadMat5_bsp//libhal_bsp.a(altera_avalon_jtag_uart_init.o)
 .bss           0x00817a9c        0x0 ../ReadMat5_bsp//libhal_bsp.a(altera_avalon_jtag_uart_ioctl.o)
 .bss           0x00817a9c        0x0 ../ReadMat5_bsp//libhal_bsp.a(altera_avalon_jtag_uart_read.o)
 .bss           0x00817a9c        0x0 ../ReadMat5_bsp//libhal_bsp.a(altera_avalon_jtag_uart_write.o)
 .bss           0x00817a9c        0x0 ../ReadMat5_bsp//libhal_bsp.a(altera_avalon_timer_sc.o)
 .bss           0x00817a9c        0x0 ../ReadMat5_bsp//libhal_bsp.a(altera_avalon_timer_ts.o)
 .bss           0x00817a9c        0x0 ../ReadMat5_bsp//libhal_bsp.a(altera_avalon_timer_vars.o)
 .bss           0x00817a9c        0x0 ../ReadMat5_bsp//libhal_bsp.a(altera_hostfs.o)
 .bss           0x00817a9c        0x0 ../ReadMat5_bsp//libhal_bsp.a(alt_alarm_start.o)
 .bss           0x00817a9c        0x0 ../ReadMat5_bsp//libhal_bsp.a(alt_dcache_flush_all.o)
 .bss           0x00817a9c        0x0 ../ReadMat5_bsp//libhal_bsp.a(alt_dev_llist_insert.o)
 .bss           0x00817a9c        0x0 ../ReadMat5_bsp//libhal_bsp.a(alt_find_dev.o)
 .bss           0x00817a9c        0x0 ../ReadMat5_bsp//libhal_bsp.a(alt_find_file.o)
 .bss           0x00817a9c        0x0 ../ReadMat5_bsp//libhal_bsp.a(alt_fs_reg.o)
 .bss           0x00817a9c        0x0 ../ReadMat5_bsp//libhal_bsp.a(alt_get_fd.o)
 .bss           0x00817a9c        0x0 ../ReadMat5_bsp//libhal_bsp.a(alt_icache_flush_all.o)
 .bss           0x00817a9c        0x0 ../ReadMat5_bsp//libhal_bsp.a(alt_iic.o)
 .bss           0x00817a9c        0x0 ../ReadMat5_bsp//libhal_bsp.a(alt_iic_isr_register.o)
 .bss           0x00817a9c        0x0 ../ReadMat5_bsp//libhal_bsp.a(alt_io_redirect.o)
 .bss           0x00817a9c        0x0 ../ReadMat5_bsp//libhal_bsp.a(alt_irq_entry.o)
 .bss           0x00817a9c        0x0 ../ReadMat5_bsp//libhal_bsp.a(alt_irq_handler.o)
 .bss           0x00817a9c        0x0 ../ReadMat5_bsp//libhal_bsp.a(alt_irq_vars.o)
 .bss           0x00817a9c        0x0 ../ReadMat5_bsp//libhal_bsp.a(alt_tick.o)
 .bss           0x00817a9c        0x0 ../ReadMat5_bsp//libhal_bsp.a(altera_nios2_qsys_irq.o)
 .bss           0x00817a9c        0x0 ../ReadMat5_bsp//libhal_bsp.a(alt_exception_entry.o)
 .bss           0x00817a9c        0x0 ../ReadMat5_bsp//libhal_bsp.a(alt_icache_flush.o)
 .bss           0x00817a9c        0x0 /opt/altera/12.1sp1/nios2eds/bin/gnu/H-i686-pc-linux-gnu/bin/../lib/gcc/nios2-elf/4.1.2/../../../../nios2-elf/lib/mno-hw-mul/libc.a(lib_a-memcmp.o)
 *(COMMON)
 COMMON         0x00817a9c      0x100 /opt/altera/12.1sp1/nios2eds/bin/gnu/H-i686-pc-linux-gnu/bin/../lib/gcc/nios2-elf/4.1.2/../../../../nios2-elf/lib/mno-hw-mul/libc.a(lib_a-gdtoa-gethex.o)
                0x00817a9c                __hexdig
 COMMON         0x00817b9c      0x100 ../ReadMat5_bsp//libhal_bsp.a(alt_irq_handler.o)
                0x00817b9c                alt_irq
                0x00817c9c                . = ALIGN (0x4)
                0x00817c9c                __bss_end = ABSOLUTE (.)

.sdram_0        0x00817c9c        0x0
                0x00817c9c                PROVIDE (_alt_partition_sdram_0_start, ABSOLUTE (.))
 *(.sdram_0. sdram_0.*)