Archive member included because of file (symbol)

c:/altera/11.1/nios2eds/bin/gnu/h-i686-mingw32/bin/../lib/gcc/nios2-elf/4.1.2/../../../../nios2-elf/lib\libc.a(lib_a-memset.o)
                              obj/default/hello_led.o (memset)
../DE1_SD_Card_Audio_bsp/\libhal_bsp.a(alt_main.o)
                              ../DE1_SD_Card_Audio_bsp//obj/HAL/src/crt0.o (alt_main)
../DE1_SD_Card_Audio_bsp/\libhal_bsp.a(alt_usleep.o)
                              obj/default/hello_led.o (usleep)
../DE1_SD_Card_Audio_bsp/\libhal_bsp.a(alt_sys_init.o)
                              ../DE1_SD_Card_Audio_bsp/\libhal_bsp.a(alt_main.o) (alt_irq_init)
../DE1_SD_Card_Audio_bsp/\libhal_bsp.a(altera_avalon_cfi_flash.o)
                              ../DE1_SD_Card_Audio_bsp/\libhal_bsp.a(alt_sys_init.o) (alt_flash_cfi_init)
../DE1_SD_Card_Audio_bsp/\libhal_bsp.a(altera_avalon_cfi_flash_table.o)
                              ../DE1_SD_Card_Audio_bsp/\libhal_bsp.a(altera_avalon_cfi_flash.o) (alt_set_flash_width_func)
../DE1_SD_Card_Audio_bsp/\libhal_bsp.a(altera_avalon_epcs_flash_controller.o)
                              ../DE1_SD_Card_Audio_bsp/\libhal_bsp.a(alt_sys_init.o) (alt_epcs_flash_init)
../DE1_SD_Card_Audio_bsp/\libhal_bsp.a(altera_avalon_jtag_uart_fd.o)
                              ../DE1_SD_Card_Audio_bsp/\libhal_bsp.a(alt_sys_init.o) (altera_avalon_jtag_uart_read_fd)
../DE1_SD_Card_Audio_bsp/\libhal_bsp.a(altera_avalon_jtag_uart_init.o)
                              ../DE1_SD_Card_Audio_bsp/\libhal_bsp.a(alt_sys_init.o) (altera_avalon_jtag_uart_init)
../DE1_SD_Card_Audio_bsp/\libhal_bsp.a(altera_avalon_jtag_uart_ioctl.o)
                              ../DE1_SD_Card_Audio_bsp/\libhal_bsp.a(altera_avalon_jtag_uart_fd.o) (altera_avalon_jtag_uart_ioctl)
../DE1_SD_Card_Audio_bsp/\libhal_bsp.a(altera_avalon_jtag_uart_read.o)
                              ../DE1_SD_Card_Audio_bsp/\libhal_bsp.a(altera_avalon_jtag_uart_fd.o) (altera_avalon_jtag_uart_read)
../DE1_SD_Card_Audio_bsp/\libhal_bsp.a(altera_avalon_jtag_uart_write.o)
                              ../DE1_SD_Card_Audio_bsp/\libhal_bsp.a(altera_avalon_jtag_uart_fd.o) (altera_avalon_jtag_uart_write)
../DE1_SD_Card_Audio_bsp/\libhal_bsp.a(altera_avalon_timer_sc.o)
                              ../DE1_SD_Card_Audio_bsp/\libhal_bsp.a(alt_sys_init.o) (alt_avalon_timer_sc_init)
../DE1_SD_Card_Audio_bsp/\libhal_bsp.a(altera_avalon_uart_fd.o)
                              ../DE1_SD_Card_Audio_bsp/\libhal_bsp.a(alt_sys_init.o) (altera_avalon_uart_read_fd)
../DE1_SD_Card_Audio_bsp/\libhal_bsp.a(altera_avalon_uart_init.o)
                              ../DE1_SD_Card_Audio_bsp/\libhal_bsp.a(alt_sys_init.o) (altera_avalon_uart_init)
../DE1_SD_Card_Audio_bsp/\libhal_bsp.a(altera_avalon_uart_read.o)
                              ../DE1_SD_Card_Audio_bsp/\libhal_bsp.a(altera_avalon_uart_fd.o) (altera_avalon_uart_read)
../DE1_SD_Card_Audio_bsp/\libhal_bsp.a(altera_avalon_uart_write.o)
                              ../DE1_SD_Card_Audio_bsp/\libhal_bsp.a(altera_avalon_uart_fd.o) (altera_avalon_uart_write)
../DE1_SD_Card_Audio_bsp/\libhal_bsp.a(epcs_commands.o)
                              ../DE1_SD_Card_Audio_bsp/\libhal_bsp.a(altera_avalon_epcs_flash_controller.o) (epcs_sector_erase)
../DE1_SD_Card_Audio_bsp/\libhal_bsp.a(alt_alarm_start.o)
                              ../DE1_SD_Card_Audio_bsp/\libhal_bsp.a(altera_avalon_jtag_uart_init.o) (alt_alarm_start)
../DE1_SD_Card_Audio_bsp/\libhal_bsp.a(alt_busy_sleep.o)
                              ../DE1_SD_Card_Audio_bsp/\libhal_bsp.a(alt_usleep.o) (alt_busy_sleep)
../DE1_SD_Card_Audio_bsp/\libhal_bsp.a(alt_close.o)
                              ../DE1_SD_Card_Audio_bsp/\libhal_bsp.a(alt_main.o) (close)
../DE1_SD_Card_Audio_bsp/\libhal_bsp.a(alt_dcache_flush.o)
                              ../DE1_SD_Card_Audio_bsp/\libhal_bsp.a(altera_avalon_cfi_flash.o) (alt_dcache_flush)
../DE1_SD_Card_Audio_bsp/\libhal_bsp.a(alt_dev.o)
                              ../DE1_SD_Card_Audio_bsp/\libhal_bsp.a(alt_sys_init.o) (alt_dev_list)
../DE1_SD_Card_Audio_bsp/\libhal_bsp.a(alt_dev_llist_insert.o)
                              ../DE1_SD_Card_Audio_bsp/\libhal_bsp.a(alt_sys_init.o) (alt_dev_llist_insert)
../DE1_SD_Card_Audio_bsp/\libhal_bsp.a(alt_do_ctors.o)
                              ../DE1_SD_Card_Audio_bsp/\libhal_bsp.a(alt_main.o) (_do_ctors)
../DE1_SD_Card_Audio_bsp/\libhal_bsp.a(alt_do_dtors.o)
                              ../DE1_SD_Card_Audio_bsp/\libhal_bsp.a(alt_main.o) (_do_dtors)
../DE1_SD_Card_Audio_bsp/\libhal_bsp.a(alt_errno.o)
                              ../DE1_SD_Card_Audio_bsp/\libhal_bsp.a(altera_avalon_uart_read.o) (alt_errno)
../DE1_SD_Card_Audio_bsp/\libhal_bsp.a(alt_flash_dev.o)
                              ../DE1_SD_Card_Audio_bsp/\libhal_bsp.a(altera_avalon_cfi_flash.o) (alt_flash_dev_list)
../DE1_SD_Card_Audio_bsp/\libhal_bsp.a(alt_iic.o)
[...]
Memory Configuration

Name             Origin             Length             Attributes
sdram_0_BEFORE_EXCEPTION 0x00000000         0x00000020
sdram_0          0x00000020         0x007fffe0
reset            0x00c00000         0x00000020
cfi_flash_0      0x00c00020         0x003fffe0
sram_16bit_512k_0 0x01080000         0x00080000
epcs_controller  0x01101800         0x00000800
*default*        0x00000000         0xffffffff

Linker script and memory map

LOAD ../DE1_SD_Card_Audio_bsp//obj/HAL/src/crt0.o
LOAD obj/default/hello_led.o
LOAD c:/altera/11.1/nios2eds/bin/gnu/h-i686-mingw32/bin/../lib/gcc/nios2-elf/4.1.2/../../../../nios2-elf/lib\libstdc++.a
LOAD c:/altera/11.1/nios2eds/bin/gnu/h-i686-mingw32/bin/../lib/gcc/nios2-elf/4.1.2/../../../../nios2-elf/lib\libm.a
LOAD c:/altera/11.1/nios2eds/bin/gnu/h-i686-mingw32/bin/../lib/gcc/nios2-elf/4.1.2\libgcc.a
START GROUP
LOAD c:/altera/11.1/nios2eds/bin/gnu/h-i686-mingw32/bin/../lib/gcc/nios2-elf/4.1.2/../../../../nios2-elf/lib\libc.a
LOAD c:/altera/11.1/nios2eds/bin/gnu/h-i686-mingw32/bin/../lib/gcc/nios2-elf/4.1.2\libgcc.a
LOAD ../DE1_SD_Card_Audio_bsp/\libhal_bsp.a
END GROUP
LOAD c:/altera/11.1/nios2eds/bin/gnu/h-i686-mingw32/bin/../lib/gcc/nios2-elf/4.1.2\libgcc.a
                0x00000000                __alt_mem_sdram_0 = 0x0
                0x00c00000                __alt_mem_cfi_flash_0 = 0xc00000
                0x01080000                __alt_mem_sram_16bit_512k_0 = 0x1080000
                0x01101800                __alt_mem_epcs_controller = 0x1101800

.entry          0x00c00000        0x0
 *(.entry)
 .entry         0x00c00000        0x0 ../DE1_SD_Card_Audio_bsp//obj/HAL/src/crt0.o
                0x00c00000                __reset

.exceptions     0x00000020      0x194
                0x00000020                PROVIDE (__ram_exceptions_start, ABSOLUTE (.))
                0x00000020                . = ALIGN (0x20)
 *(.irq)
 *(.exceptions.entry.label)
 .exceptions.entry.label
                0x00000020        0x0 ../DE1_SD_Card_Audio_bsp/\libhal_bsp.a(alt_irq_entry.o)
                0x00000020                alt_irq_entry
 .exceptions.entry.label
                0x00000020        0x0 ../DE1_SD_Card_Audio_bsp/\libhal_bsp.a(alt_exception_entry.o)
                0x00000020                alt_exception
 *(.exceptions.entry.user)
 *(.exceptions.entry)
 .exceptions.entry
                0x00000020       0x54 ../DE1_SD_Card_Audio_bsp/\libhal_bsp.a(alt_exception_entry.o)
 *(.exceptions.irqtest.user)
 *(.exceptions.irqtest)
 .exceptions.irqtest
                0x00000074       0x10 ../DE1_SD_Card_Audio_bsp/\libhal_bsp.a(alt_irq_entry.o)
 *(.exceptions.irqhandler.user)
 *(.exceptions.irqhandler)
 .exceptions.irqhandler
                0x00000084        0x4 ../DE1_SD_Card_Audio_bsp/\libhal_bsp.a(alt_irq_entry.o)
 *(.exceptions.irqreturn.user)
 *(.exceptions.irqreturn)
 .exceptions.irqreturn
                0x00000088        0x4 ../DE1_SD_Card_Audio_bsp/\libhal_bsp.a(alt_irq_entry.o)
 *(.exceptions.notirq.label)
 .exceptions.notirq.label
                0x0000008c        0x0 ../DE1_SD_Card_Audio_bsp/\libhal_bsp.a(alt_irq_entry.o)
 *(.exceptions.notirq.user)
 *(.exceptions.notirq)
 .exceptions.notirq
                0x0000008c        0x8 ../DE1_SD_Card_Audio_bsp/\libhal_bsp.a(alt_exception_entry.o)
 *(.exceptions.soft.user)
 *(.exceptions.soft)
 *(.exceptions.unknown.user)
 *(.exceptions.unknown)
 .exceptions.unknown
                0x00000094        0x4 ../DE1_SD_Card_Audio_bsp/\libhal_bsp.a(alt_exception_entry.o)
 *(.exceptions.exit.label)
 .exceptions.exit.label
                0x00000098        0x0 ../DE1_SD_Card_Audio_bsp/\libhal_bsp.a(alt_irq_entry.o)
 .exceptions.exit.label
                0x00000098        0x0 ../DE1_SD_Card_Audio_bsp/\libhal_bsp.a(alt_exception_entry.o)
 *(.exceptions.exit.user)
 *(.exceptions.exit)
 .exceptions.exit
                0x00000098       0x54 ../DE1_SD_Card_Audio_bsp/\libhal_bsp.a(alt_exception_entry.o)
 *(.exceptions)
 .exceptions    0x000000ec       0xc8 ../DE1_SD_Card_Audio_bsp/\libhal_bsp.a(alt_irq_handler.o)
                0x000000ec                alt_irq_handler
                0x000001b4                PROVIDE (__ram_exceptions_end, ABSOLUTE (.))
                0x00000020                PROVIDE (__flash_exceptions_start, LOADADDR (.exceptions))

.text           0x000001b4     0x74fc
                0x000001b4                PROVIDE (stext, ABSOLUTE (.))
 *(.interp)
 *(.hash)
 *(.dynsym)
 *(.dynstr)
 *(.gnu.version)
 *(.gnu.version_d)
 *(.gnu.version_r)
 *(.rel.init)
 *(.rela.init)
 *(.rel.text .rel.text.* .rel.gnu.linkonce.t.*)
 *(.rela.text .rela.text.* .rela.gnu.linkonce.t.*)
 *(.rel.fini)
 *(.rela.fini)
 *(.rel.rodata .rel.rodata.* .rel.gnu.linkonce.r.*)
 *(.rela.rodata .rela.rodata.* .rela.gnu.linkonce.r.*)
 *(.rel.data .rel.data.* .rel.gnu.linkonce.d.*)
 *(.rela.data .rela.data.* .rela.gnu.linkonce.d.*)
 *(.rel.tdata .rel.tdata.* .rel.gnu.linkonce.td.*)
 *(.rela.tdata .rela.tdata.* .rela.gnu.linkonce.td.*)
 *(.rel.tbss .rel.tbss.* .rel.gnu.linkonce.tb.*)
 *(.rela.tbss .rela.tbss.* .rela.gnu.linkonce.tb.*)
 *(.rel.ctors)
 *(.rela.ctors)
 *(.rel.dtors)
 *(.rela.dtors)
 *(.rel.got)
 *(.rela.got)
 *(.rel.sdata .rel.sdata.* .rel.gnu.linkonce.s.*)
 *(.rela.sdata .rela.sdata.* .rela.gnu.linkonce.s.*)
 *(.rel.sbss .rel.sbss.* .rel.gnu.linkonce.sb.*)
 *(.rela.sbss .rela.sbss.* .rela.gnu.linkonce.sb.*)
 *(.rel.sdata2 .rel.sdata2.* .rel.gnu.linkonce.s2.*)
 *(.rela.sdata2 .rela.sdata2.* .rela.gnu.linkonce.s2.*)
 *(.rel.sbss2 .rel.sbss2.* .rel.gnu.linkonce.sb2.*)
 *(.rela.sbss2 .rela.sbss2.* .rela.gnu.linkonce.sb2.*)
 *(.rel.bss .rel.bss.* .rel.gnu.linkonce.b.*)
 *(.rela.bss .rela.bss.* .rela.gnu.linkonce.b.*)
 *(.rel.plt)
 *(.rela.plt)
 *(.rel.dyn)
 *(.init)
 *(.plt)
 *(.text .stub .text.* .gnu.linkonce.t.*)
 .text          0x000001b4       0x48 ../DE1_SD_Card_Audio_bsp//obj/HAL/src/crt0.o
                0x000001b4                _start
 .text          0x000001fc      0xe74 obj/default/hello_led.o
                0x000001fc                Ncr
                0x0000025c                Ncc
                0x000002b4                SD_card_init
                0x0000075c                SD_Start_Multi_Read
                0x0000083c                SD_Stop
                0x00000878                SD_read_lba
                0x000009bc                response_R
                0x00000c38                send_cmd
                0x00000e04                main
 .text          0x00001070       0x98 c:/altera/11.1/nios2eds/bin/gnu/h-i686-mingw32/bin/../lib/gcc/nios2-elf/4.1.2/../../../../nios2-elf/lib\libc.a(lib_a-memset.o)
                0x00001070                memset
 .text          0x00001108       0x6c ../DE1_SD_Card_Audio_bsp/\libhal_bsp.a(alt_main.o)
                0x00001108                alt_main
 .text          0x00001174       0x30 ../DE1_SD_Card_Audio_bsp/\libhal_bsp.a(alt_usleep.o)
                0x00001174                usleep
 .text          0x000011a4      0x100 ../DE1_SD_Card_Audio_bsp/\libhal_bsp.a(alt_sys_init.o)
                0x000011a4                alt_irq_init
                0x000011d8                alt_sys_init
 .text          0x000012a4      0x8c8 ../DE1_SD_Card_Audio_bsp/\libhal_bsp.a(altera_avalon_cfi_flash.o)
                0x000012a4                alt_flash_cfi_init
                0x00001378                alt_flash_cfi_write
                0x00001638                alt_flash_cfi_get_info
                0x000016c8                alt_flash_cfi_read
                0x00001730                alt_write_value_to_flash
                0x00001894                alt_flash_program_block
 .text          0x00001b6c     0x1448 ../DE1_SD_Card_Audio_bsp/\libhal_bsp.a(altera_avalon_cfi_flash_table.o)
                0x00001b6c                alt_read_query_entry_8bit
                0x00001bac                alt_read_query_entry_16bit
                0x00001bf0                alt_read_query_entry_32bit
                0x00001c38                alt_write_flash_command_8bit_device_8bit_mode
                0x00001c74                alt_write_flash_command_16bit_device_8bit_mode
                0x00001cf0                alt_write_flash_command_32bit_device_8bit_mode
                0x00001d38                alt_write_flash_command_16bit_device_16bit_mode
                0x00001d7c                alt_write_flash_command_32bit_device_16bit_mode
                0x00001dc4                alt_write_flash_command_32bit_device_32bit_mode
                0x00001e0c                alt_write_native_8bit
                0x00001e40                alt_write_native_16bit
                0x00001e74                alt_write_native_32bit
                0x00001ea4                alt_set_flash_width_func
                0x00002084                alt_set_flash_algorithm_func
                0x000021ac                alt_read_cfi_table
                0x0000272c                alt_read_cfi_width
                0x00002ed8                alt_check_primary_table
 .text          0x00002fb4      0x934 ../DE1_SD_Card_Audio_bsp/\libhal_bsp.a(altera_avalon_epcs_flash_controller.o)
                0x00002fb4                alt_epcs_flash_init
                0x00003334                alt_epcs_flash_write
                0x000035b4                alt_epcs_flash_get_info
                0x00003644                alt_epcs_flash_erase_block
                0x0000374c                alt_epcs_flash_write_block
                0x0000385c                alt_epcs_flash_read
 .text          0x000038e8      0x148 ../DE1_SD_Card_Audio_bsp/\libhal_bsp.a(altera_avalon_jtag_uart_fd.o)
                0x000038e8                altera_avalon_jtag_uart_read_fd
                0x00003940                altera_avalon_jtag_uart_write_fd
                0x00003998                altera_avalon_jtag_uart_close_fd
                0x000039e0                altera_avalon_jtag_uart_ioctl_fd
 .text          0x00003a30      0x40c ../DE1_SD_Card_Audio_bsp/\libhal_bsp.a(altera_avalon_jtag_uart_init.o)
                0x00003a30                altera_avalon_jtag_uart_init
                0x00003dc8                altera_avalon_jtag_uart_close
 .text          0x00003e3c       0xf4 ../DE1_SD_Card_Audio_bsp/\libhal_bsp.a(altera_avalon_jtag_uart_ioctl.o)
                0x00003e3c                altera_avalon_jtag_uart_ioctl
 .text          0x00003f30      0x224 ../DE1_SD_Card_Audio_bsp/\libhal_bsp.a(altera_avalon_jtag_uart_read.o)
                0x00003f30                altera_avalon_jtag_uart_read
 .text          0x00004154      0x240 ../DE1_SD_Card_Audio_bsp/\libhal_bsp.a(altera_avalon_jtag_uart_write.o)
                0x00004154                altera_avalon_jtag_uart_write
 .text          0x00004394      0x100 ../DE1_SD_Card_Audio_bsp/\libhal_bsp.a(altera_avalon_timer_sc.o)
                0x00004404                alt_avalon_timer_sc_init
 .text          0x00004494       0xf8 ../DE1_SD_Card_Audio_bsp/\libhal_bsp.a(altera_avalon_uart_fd.o)
                0x00004494                altera_avalon_uart_read_fd
                0x000044ec                altera_avalon_uart_write_fd
                0x00004544                altera_avalon_uart_close_fd
 .text          0x0000458c      0x400 ../DE1_SD_Card_Audio_bsp/\libhal_bsp.a(altera_avalon_uart_init.o)
                0x0000458c                altera_avalon_uart_init
                0x0000492c                altera_avalon_uart_close
 .text          0x0000498c      0x290 ../DE1_SD_Card_Audio_bsp/\libhal_bsp.a(altera_avalon_uart_read.o)
                0x0000498c                altera_avalon_uart_read
 .text          0x00004c1c      0x228 ../DE1_SD_Card_Audio_bsp/\libhal_bsp.a(altera_avalon_uart_write.o)
                0x00004c1c                altera_avalon_uart_write
 .text          0x00004e44      0x460 ../DE1_SD_Card_Audio_bsp/\libhal_bsp.a(epcs_commands.o)
                0x00004e44                epcs_read_status_register
                0x00004ea4                epcs_sector_erase
                0x00004f90                epcs_read_buffer
                0x00005044                epcs_write_enable
                0x00005094                epcs_write_status_register
                0x000050f8                epcs_write_buffer
                0x000051d0                epcs_read_electronic_signature
                0x0000523c                epcs_read_device_id
 .text          0x000052a4      0x154 ../DE1_SD_Card_Audio_bsp/\libhal_bsp.a(alt_alarm_start.o)
                0x000052a4                alt_alarm_start
 .text          0x000053f8      0x14c ../DE1_SD_Card_Audio_bsp/\libhal_bsp.a(alt_busy_sleep.o)
                0x000053f8                alt_busy_sleep
 .text          0x00005544      0x15c ../DE1_SD_Card_Audio_bsp/\libhal_bsp.a(alt_close.o)
                0x00005544                close
 .text          0x000056a0       0x78 ../DE1_SD_Card_Audio_bsp/\libhal_bsp.a(alt_dcache_flush.o)
                0x000056a0                alt_dcache_flush
 .text          0x00005718       0x2c ../DE1_SD_Card_Audio_bsp/\libhal_bsp.a(alt_dev.o)
 .text          0x00005744      0x114 ../DE1_SD_Card_Audio_bsp/\libhal_bsp.a(alt_dev_llist_insert.o)
                0x00005744                alt_dev_llist_insert
 .text          0x00005858       0x64 ../DE1_SD_Card_Audio_bsp/\libhal_bsp.a(alt_do_ctors.o)
                0x00005858                _do_ctors
 .text          0x000058bc       0x64 ../DE1_SD_Card_Audio_bsp/\libhal_bsp.a(alt_do_dtors.o)
                0x000058bc                _do_dtors
 .text          0x00005920        0x0 ../DE1_SD_Card_Audio_bsp/\libhal_bsp.a(alt_errno.o)
 .text          0x00005920       0xd0 ../DE1_SD_Card_Audio_bsp/\libhal_bsp.a(alt_flash_dev.o)
                0x00005920                alt_flash_open_dev
                0x0000599c                alt_flash_close_dev
 .text          0x000059f0      0x1d4 ../DE1_SD_Card_Audio_bsp/\libhal_bsp.a(alt_iic.o)
                0x000059f0                alt_ic_isr_register
                0x00005a40                alt_ic_irq_enable
                0x00005adc                alt_ic_irq_disable
                0x00005b7c                alt_ic_irq_enabled
 .text          0x00005bc4       0xf8 ../DE1_SD_Card_Audio_bsp/\libhal_bsp.a(alt_iic_isr_register.o)
                0x00005bc4                alt_iic_isr_register
 .text          0x00005cbc      0x13c ../DE1_SD_Card_Audio_bsp/\libhal_bsp.a(alt_io_redirect.o)
                0x00005d80                alt_io_redirect
 .text          0x00005df8        0x0 ../DE1_SD_Card_Audio_bsp/\libhal_bsp.a(alt_irq_entry.o)
 .text          0x00005df8        0x0 ../DE1_SD_Card_Audio_bsp/\libhal_bsp.a(alt_irq_handler.o)
 .text          0x00005df8        0x0 ../DE1_SD_Card_Audio_bsp/\libhal_bsp.a(alt_irq_vars.o)
 .text          0x00005df8      0x2c4 ../DE1_SD_Card_Audio_bsp/\libhal_bsp.a(alt_open.o)
                0x00005ed4                open
 .text          0x000060bc       0x60 ../DE1_SD_Card_Audio_bsp/\libhal_bsp.a(alt_release_fd.o)
                0x000060bc                alt_release_fd
 .text          0x0000611c      0x1a4 ../DE1_SD_Card_Audio_bsp/\libhal_bsp.a(alt_tick.o)
                0x0000611c                alt_alarm_stop
                0x000061b4                alt_tick
 .text          0x000062c0       0x20 ../DE1_SD_Card_Audio_bsp/\libhal_bsp.a(altera_nios2_qsys_irq.o)
                0x000062c0                altera_nios2_qsys_irq_init
 .text          0x000062e0      0x460 ../DE1_SD_Card_Audio_bsp/\libhal_bsp.a(altera_avalon_cfi_flash_amd.o)
                0x000062e0                alt_program_amd
                0x00006348                alt_erase_block_amd
 .text          0x00006740      0x460 ../DE1_SD_Card_Audio_bsp/\libhal_bsp.a(altera_avalon_cfi_flash_intel.o)
                0x00006740                alt_program_intel
                0x000067c4                alt_erase_block_intel
 .text          0x00006ba0      0x238 ../DE1_SD_Card_Audio_bsp/\libhal_bsp.a(altera_avalon_spi.o)
                0x00006ba0                alt_avalon_spi_command
 .text          0x00006dd8        0x0 ../DE1_SD_Card_Audio_bsp/\libhal_bsp.a(alt_exception_entry.o)
 .text          0x00006dd8       0x94 ../DE1_SD_Card_Audio_bsp/\libhal_bsp.a(alt_find_dev.o)
                0x00006dd8                alt_find_dev
 .text          0x00006e6c      0x120 ../DE1_SD_Card_Audio_bsp/\libhal_bsp.a(alt_find_file.o)
                0x00006e6c                alt_find_file
 .text          0x00006f8c       0xb8 ../DE1_SD_Card_Audio_bsp/\libhal_bsp.a(alt_get_fd.o)
                0x00006f8c                alt_get_fd
 .text          0x00007044       0x14 c:/altera/11.1/nios2eds/bin/gnu/h-i686-mingw32/bin/../lib/gcc/nios2-elf/4.1.2/../../../../nios2-elf/lib\libc.a(lib_a-atexit.o)
                0x00007044                atexit
 .text          0x00007058       0x38 c:/altera/11.1/nios2eds/bin/gnu/h-i686-mingw32/bin/../lib/gcc/nios2-elf/4.1.2/../../../../nios2-elf/lib\libc.a(lib_a-exit.o)
                0x00007058                exit
 .text          0x00007090        0x0 c:/altera/11.1/nios2eds/bin/gnu/h-i686-mingw32/bin/../lib/gcc/nios2-elf/4.1.2/../../../../nios2-elf/lib\libc.a(lib_a-impure.o)
 .text          0x00007090        0x0 c:/altera/11.1/nios2eds/bin/gnu/h-i686-mingw32/bin/../lib/gcc/nios2-elf/4.1.2/../../../../nios2-elf/lib\libc.a(lib_a-int_errno.o)
 .text          0x00007090       0x74 c:/altera/11.1/nios2eds/bin/gnu/h-i686-mingw32/bin/../lib/gcc/nios2-elf/4.1.2/../../../../nios2-elf/lib\libc.a(lib_a-memcmp.o)
                0x00007090                memcmp
 .text          0x00007104       0xa0 c:/altera/11.1/nios2eds/bin/gnu/h-i686-mingw32/bin/../lib/gcc/nios2-elf/4.1.2/../../../../nios2-elf/lib\libc.a(lib_a-memcpy.o)
                0x00007104                memcpy
 .text          0x000071a4       0x74 c:/altera/11.1/nios2eds/bin/gnu/h-i686-mingw32/bin/../lib/gcc/nios2-elf/4.1.2/../../../../nios2-elf/lib\libc.a(lib_a-strlen.o)
                0x000071a4                strlen
 .text          0x00007218      0x134 c:/altera/11.1/nios2eds/bin/gnu/h-i686-mingw32/bin/../lib/gcc/nios2-elf/4.1.2/../../../../nios2-elf/lib\libc.a(lib_a-__atexit.o)
                0x00007218                __register_exitproc
 .text          0x0000734c      0x1b4 c:/altera/11.1/nios2eds/bin/gnu/h-i686-mingw32/bin/../lib/gcc/nios2-elf/4.1.2/../../../../nios2-elf/lib\libc.a(lib_a-__call_atexit.o)
                0x00007350                __call_exitprocs
 .text          0x00007500      0x14c c:/altera/11.1/nios2eds/bin/gnu/h-i686-mingw32/bin/../lib/gcc/nios2-elf/4.1.2\libgcc.a(lib2-divmod.o)
                0x0000757c                __divsi3
                0x000075dc                __modsi3
                0x0000763c                __udivsi3
                0x00007644                __umodsi3
 .text          0x0000764c       0x60 ../DE1_SD_Card_Audio_bsp/\libhal_bsp.a(alt_exit.o)
                0x0000768c                _exit
 *(.gnu.warning.*)
 *(.fini)
                0x000076ac                PROVIDE (__etext, ABSOLUTE (.))
                0x000076ac                PROVIDE (_etext, ABSOLUTE (.))
                0x000076ac                PROVIDE (etext, ABSOLUTE (.))
 *(.eh_frame_hdr)
                0x000076ac                . = ALIGN (0x4)
                0x000076ac                PROVIDE (__preinit_array_start, ABSOLUTE (.))
 *(.preinit_array)
                0x000076ac                PROVIDE (__preinit_array_end, ABSOLUTE (.))
                0x000076ac                PROVIDE (__init_array_start, ABSOLUTE (.))
 *(.init_array)
                0x000076ac                PROVIDE (__init_array_end, ABSOLUTE (.))
                0x000076ac                PROVIDE (__fini_array_start, ABSOLUTE (.))
 *(.fini_array)
                0x000076ac                PROVIDE (__fini_array_end, ABSOLUTE (.))
 *(.eh_frame)
 *(.gcc_except_table)
 *(.dynamic)
                0x000076ac                PROVIDE (__CTOR_LIST__, ABSOLUTE (.))
 *(.ctors)
 *(SORT(.ctors.*))
 .ctors.65535   0x000076ac        0x4 c:/altera/11.1/nios2eds/bin/gnu/h-i686-mingw32/bin/../lib/gcc/nios2-elf/4.1.2/../../../../nios2-elf/lib\libc.a(lib_a-__call_atexit.o)
                0x000076b0                PROVIDE (__CTOR_END__, ABSOLUTE (.))
                0x000076b0                PROVIDE (__DTOR_LIST__, ABSOLUTE (.))
 *(.dtors)
 *(SORT(.dtors.*))
                0x000076b0                PROVIDE (__DTOR_END__, ABSOLUTE (.))
 *(.jcr)
                0x000076b0                . = ALIGN (0x4)

.rodata         0x000076b0       0x70
                0x000076b0                PROVIDE (__ram_rodata_start, ABSOLUTE (.))
                0x000076b0                . = ALIGN (0x4)
 *(.rodata .rodata.* .gnu.linkonce.r.*)
 .rodata        0x000076b0       0x14 ../DE1_SD_Card_Audio_bsp/\libhal_bsp.a(alt_main.o)
 .rodata        0x000076c4       0x4c ../DE1_SD_Card_Audio_bsp/\libhal_bsp.a(alt_sys_init.o)
 .rodata        0x00007710        0xc ../DE1_SD_Card_Audio_bsp/\libhal_bsp.a(alt_dev.o)
 .rodata.str1.4
                0x0000771c        0x4 c:/altera/11.1/nios2eds/bin/gnu/h-i686-mingw32/bin/../lib/gcc/nios2-elf/4.1.2/../../../../nios2-elf/lib\libc.a(lib_a-impure.o)
 *(.rodata1)
                0x00007720                . = ALIGN (0x4)
                0x00007720                PROVIDE (__ram_rodata_end, ABSOLUTE (.))
                0x000076b0                PROVIDE (__flash_rodata_start, LOADADDR (.rodata))

.rwdata         0x00007720     0x18e0
                0x00007720                PROVIDE (__ram_rwdata_start, ABSOLUTE (.))
                0x00007720                . = ALIGN (0x4)
 *(.got.plt)
 *(.got)
 *(.data1)
 *(.data .data.* .gnu.linkonce.d.*)
 .data          0x00007720        0x0 ../DE1_SD_Card_Audio_bsp//obj/HAL/src/crt0.o
 .data          0x00007720        0x0 obj/default/hello_led.o
 .data          0x00007720        0x0 c:/altera/11.1/nios2eds/bin/gnu/h-i686-mingw32/bin/../lib/gcc/nios2-elf/4.1.2/../../../../nios2-elf/lib\libc.a(lib_a-memset.o)
 .data          0x00007720        0x0 ../DE1_SD_Card_Audio_bsp/\libhal_bsp.a(alt_main.o)
 .data          0x00007720        0x0 ../DE1_SD_Card_Audio_bsp/\libhal_bsp.a(alt_usleep.o)
 .data          0x00007720     0x12c0 ../DE1_SD_Card_Audio_bsp/\libhal_bsp.a(alt_sys_init.o)
 .data          0x000089e0        0x0 ../DE1_SD_Card_Audio_bsp/\libhal_bsp.a(altera_avalon_cfi_flash.o)
 .data          0x000089e0        0x0 ../DE1_SD_Card_Audio_bsp/\libhal_bsp.a(altera_avalon_cfi_flash_table.o)
 .data          0x000089e0        0x0 ../DE1_SD_Card_Audio_bsp/\libhal_bsp.a(altera_avalon_epcs_flash_controller.o)
 .data          0x000089e0        0x0 ../DE1_SD_Card_Audio_bsp/\libhal_bsp.a(altera_avalon_jtag_uart_fd.o)
 .data          0x000089e0        0x0 ../DE1_SD_Card_Audio_bsp/\libhal_bsp.a(altera_avalon_jtag_uart_init.o)
 .data          0x000089e0        0x0 ../DE1_SD_Card_Audio_bsp/\libhal_bsp.a(altera_avalon_jtag_uart_ioctl.o)
 .data          0x000089e0        0x0 ../DE1_SD_Card_Audio_bsp/\libhal_bsp.a(altera_avalon_jtag_uart_read.o)
 .data          0x000089e0        0x0 ../DE1_SD_Card_Audio_bsp/\libhal_bsp.a(altera_avalon_jtag_uart_write.o)
 .data          0x000089e0        0x0 ../DE1_SD_Card_Audio_bsp/\libhal_bsp.a(altera_avalon_timer_sc.o)
 .data          0x000089e0        0x0 ../DE1_SD_Card_Audio_bsp/\libhal_bsp.a(altera_avalon_uart_fd.o)
 .data          0x000089e0        0x0 ../DE1_SD_Card_Audio_bsp/\libhal_bsp.a(altera_avalon_uart_init.o)
 .data          0x000089e0        0x0 ../DE1_SD_Card_Audio_bsp/\libhal_bsp.a(altera_avalon_uart_read.o)
 .data          0x000089e0        0x0 ../DE1_SD_Card_Audio_bsp/\libhal_bsp.a(altera_avalon_uart_write.o)
 .data          0x000089e0        0x0 ../DE1_SD_Card_Audio_bsp/\libhal_bsp.a(epcs_commands.o)
 .data          0x000089e0        0x0 ../DE1_SD_Card_Audio_bsp/\libhal_bsp.a(alt_alarm_start.o)
 .data          0x000089e0        0x0 ../DE1_SD_Card_Audio_bsp/\libhal_bsp.a(alt_busy_sleep.o)
 .data          0x000089e0        0x0 ../DE1_SD_Card_Audio_bsp/\libhal_bsp.a(alt_close.o)
 .data          0x000089e0        0x0 ../DE1_SD_Card_Audio_bsp/\libhal_bsp.a(alt_dcache_flush.o)
 .data          0x000089e0      0x1a8 ../DE1_SD_Card_Audio_bsp/\libhal_bsp.a(alt_dev.o)
                0x000089e0                alt_dev_null
                0x00008a08                alt_fd_list
 .data          0x00008b88        0x0 ../DE1_SD_Card_Audio_bsp/\libhal_bsp.a(alt_dev_llist_insert.o)
 .data          0x00008b88        0x0 ../DE1_SD_Card_Audio_bsp/\libhal_bsp.a(alt_do_ctors.o)
 .data          0x00008b88        0x0 ../DE1_SD_Card_Audio_bsp/\libhal_bsp.a(alt_do_dtors.o)
 .data          0x00008b88        0x0 ../DE1_SD_Card_Audio_bsp/\libhal_bsp.a(alt_errno.o)
 .data          0x00008b88        0x0 ../DE1_SD_Card_Audio_bsp/\libhal_bsp.a(alt_flash_dev.o)
 .data          0x00008b88        0x0 ../DE1_SD_Card_Audio_bsp/\libhal_bsp.a(alt_iic.o)
 .data          0x00008b88        0x0 ../DE1_SD_Card_Audio_bsp/\libhal_bsp.a(alt_iic_isr_register.o)
 .data          0x00008b88        0x0 ../DE1_SD_Card_Audio_bsp/\libhal_bsp.a(alt_io_redirect.o)
 .data          0x00008b88        0x0 ../DE1_SD_Card_Audio_bsp/\libhal_bsp.a(alt_irq_entry.o)
 .data          0x00008b88        0x0 ../DE1_SD_Card_Audio_bsp/\libhal_bsp.a(alt_irq_handler.o)
 .data          0x00008b88        0x0 ../DE1_SD_Card_Audio_bsp/\libhal_bsp.a(alt_irq_vars.o)
 .data          0x00008b88        0x0 ../DE1_SD_Card_Audio_bsp/\libhal_bsp.a(alt_open.o)
 .data          0x00008b88        0x0 ../DE1_SD_Card_Audio_bsp/\libhal_bsp.a(alt_release_fd.o)
 .data          0x00008b88        0x0 ../DE1_SD_Card_Audio_bsp/\libhal_bsp.a(alt_tick.o)
 .data          0x00008b88        0x0 ../DE1_SD_Card_Audio_bsp/\libhal_bsp.a(altera_nios2_qsys_irq.o)
 .data          0x00008b88        0x0 ../DE1_SD_Card_Audio_bsp/\libhal_bsp.a(altera_avalon_cfi_flash_amd.o)
 .data          0x00008b88        0x0 ../DE1_SD_Card_Audio_bsp/\libhal_bsp.a(altera_avalon_cfi_flash_intel.o)
 .data          0x00008b88        0x0 ../DE1_SD_Card_Audio_bsp/\libhal_bsp.a(altera_avalon_spi.o)
 .data          0x00008b88        0x0 ../DE1_SD_Card_Audio_bsp/\libhal_bsp.a(alt_exception_entry.o)
 .data          0x00008b88        0x0 ../DE1_SD_Card_Audio_bsp/\libhal_bsp.a(alt_find_dev.o)
 .data          0x00008b88        0x0 ../DE1_SD_Card_Audio_bsp/\libhal_bsp.a(alt_find_file.o)
 .data          0x00008b88        0x0 ../DE1_SD_Card_Audio_bsp/\libhal_bsp.a(alt_get_fd.o)
 .data          0x00008b88        0x0 c:/altera/11.1/nios2eds/bin/gnu/h-i686-mingw32/bin/../lib/gcc/nios2-elf/4.1.2/../../../../nios2-elf/lib\libc.a(lib_a-atexit.o)
 .data          0x00008b88        0x0 c:/altera/11.1/nios2eds/bin/gnu/h-i686-mingw32/bin/../lib/gcc/nios2-elf/4.1.2/../../../../nios2-elf/lib\libc.a(lib_a-exit.o)
 .data          0x00008b88      0x400 c:/altera/11.1/nios2eds/bin/gnu/h-i686-mingw32/bin/../lib/gcc/nios2-elf/4.1.2/../../../../nios2-elf/lib\libc.a(lib_a-impure.o)
 .data          0x00008f88        0x0 c:/altera/11.1/nios2eds/bin/gnu/h-i686-mingw32/bin/../lib/gcc/nios2-elf/4.1.2/../../../../nios2-elf/lib\libc.a(lib_a-int_errno.o)
 .data          0x00008f88        0x0 c:/altera/11.1/nios2eds/bin/gnu/h-i686-mingw32/bin/../lib/gcc/nios2-elf/4.1.2/../../../../nios2-elf/lib\libc.a(lib_a-memcmp.o)
 .data          0x00008f88        0x0 c:/altera/11.1/nios2eds/bin/gnu/h-i686-mingw32/bin/../lib/gcc/nios2-elf/4.1.2/../../../../nios2-elf/lib\libc.a(lib_a-memcpy.o)
 .data          0x00008f88        0x0 c:/altera/11.1/nios2eds/bin/gnu/h-i686-mingw32/bin/../lib/gcc/nios2-elf/4.1.2/../../../../nios2-elf/lib\libc.a(lib_a-strlen.o)
 .data          0x00008f88        0x0 c:/altera/11.1/nios2eds/bin/gnu/h-i686-mingw32/bin/../lib/gcc/nios2-elf/4.1.2/../../../../nios2-elf/lib\libc.a(lib_a-__atexit.o)
 .data          0x00008f88        0x0 c:/altera/11.1/nios2eds/bin/gnu/h-i686-mingw32/bin/../lib/gcc/nios2-elf/4.1.2/../../../../nios2-elf/lib\libc.a(lib_a-__call_atexit.o)
 .data          0x00008f88        0x0 c:/altera/11.1/nios2eds/bin/gnu/h-i686-mingw32/bin/../lib/gcc/nios2-elf/4.1.2\libgcc.a(lib2-divmod.o)
 .data          0x00008f88        0x0 ../DE1_SD_Card_Audio_bsp/\libhal_bsp.a(alt_exit.o)
                0x00010f88                _gp = ABSOLUTE ((. + 0x8000))
                0x00010f88                PROVIDE (gp, _gp)
 *(.rwdata .rwdata.*)
 *(.sdata .sdata.* .gnu.linkonce.s.*)
 .sdata         0x00008f88       0x41 obj/default/hello_led.o
                0x00008f88                cmd0
                0x00008f8d                cmd55
                0x00008f92                cmd2
                0x00008f97                cmd3
                0x00008f9c                cmd7
                0x00008fa1                cmd9
                0x00008fa6                cmd16
                0x00008fab                cmd17
                0x00008fb0                cmd18
                0x00008fb5                cmd12
                0x00008fba                acmd6
                0x00008fbf                acmd41
                0x00008fc4                acmd51
 *fill*         0x00008fc9        0x3 00
 .sdata         0x00008fcc       0x14 ../DE1_SD_Card_Audio_bsp/\libhal_bsp.a(alt_dev.o)
                0x00008fcc                alt_fs_list
                0x00008fd4                alt_dev_list
                0x00008fdc                alt_max_fd
 .sdata         0x00008fe0        0x4 ../DE1_SD_Card_Audio_bsp/\libhal_bsp.a(alt_errno.o)
                0x00008fe0                alt_errno
 .sdata         0x00008fe4        0x8 ../DE1_SD_Card_Audio_bsp/\libhal_bsp.a(alt_flash_dev.o)
                0x00008fe4                alt_flash_dev_list
 .sdata         0x00008fec        0x4 ../DE1_SD_Card_Audio_bsp/\libhal_bsp.a(alt_irq_vars.o)
                0x00008fec                alt_priority_mask
 .sdata         0x00008ff0        0x8 ../DE1_SD_Card_Audio_bsp/\libhal_bsp.a(alt_tick.o)
                0x00008ff0                alt_alarm_list
 .sdata         0x00008ff8        0x8 c:/altera/11.1/nios2eds/bin/gnu/h-i686-mingw32/bin/../lib/gcc/nios2-elf/4.1.2/../../../../nios2-elf/lib\libc.a(lib_a-impure.o)
                0x00008ff8                _impure_ptr
                0x00008ffc                _global_impure_ptr
 *(.sdata2 .sdata2.* .gnu.linkonce.s2.*)
                0x00009000                . = ALIGN (0x4)
                0x00009000                _edata = ABSOLUTE (.)
                0x00009000                PROVIDE (edata, ABSOLUTE (.))
                0x00009000                PROVIDE (__ram_rwdata_end, ABSOLUTE (.))
                0x00007720                PROVIDE (__flash_rwdata_start, LOADADDR (.rwdata))

.bss            0x00009000      0x2c8
                0x00009000                __bss_start = ABSOLUTE (.)
                0x00009000                PROVIDE (__sbss_start, ABSOLUTE (.))
                0x00009000                PROVIDE (___sbss_start, ABSOLUTE (.))
 *(.dynsbss)
 *(.sbss .sbss.* .gnu.linkonce.sb.*)
 .sbss          0x00009000        0x8 obj/default/hello_led.o
                0x00009000                cmd_buffer
                0x00009005                read_status
                0x00009006                RCA
 .sbss          0x00009008        0xc ../DE1_SD_Card_Audio_bsp/\libhal_bsp.a(alt_main.o)
                0x00009008                alt_argc
                0x0000900c                alt_argv
                0x00009010                alt_envp
 .sbss          0x00009014        0x4 ../DE1_SD_Card_Audio_bsp/\libhal_bsp.a(alt_irq_vars.o)
                0x00009014                alt_irq_active
 .sbss          0x00009018        0x8 ../DE1_SD_Card_Audio_bsp/\libhal_bsp.a(alt_tick.o)
                0x00009018                _alt_tick_rate
                0x0000901c                _alt_nticks
 .sbss          0x00009020        0x4 c:/altera/11.1/nios2eds/bin/gnu/h-i686-mingw32/bin/../lib/gcc/nios2-elf/4.1.2/../../../../nios2-elf/lib\libc.a(lib_a-int_errno.o)
                0x00009020                errno
 *(.sbss2 .sbss2.* .gnu.linkonce.sb2.*)
 *(.scommon)
                0x00009024                PROVIDE (__sbss_end, ABSOLUTE (.))
                0x00009024                PROVIDE (___sbss_end, ABSOLUTE (.))
 *(.dynbss)
 *(.bss .bss.* .gnu.linkonce.b.*)
 .bss           0x00009024        0x0 ../DE1_SD_Card_Audio_bsp//obj/HAL/src/crt0.o
 .bss           0x00009024        0x0 obj/default/hello_led.o
 .bss           0x00009024        0x0 c:/altera/11.1/nios2eds/bin/gnu/h-i686-mingw32/bin/../lib/gcc/nios2-elf/4.1.2/../../../../nios2-elf/lib\libc.a(lib_a-memset.o)
 .bss           0x00009024        0x0 ../DE1_SD_Card_Audio_bsp/\libhal_bsp.a(alt_main.o)
 .bss           0x00009024        0x0 ../DE1_SD_Card_Audio_bsp/\libhal_bsp.a(alt_usleep.o)
 .bss           0x00009024        0x0 ../DE1_SD_Card_Audio_bsp/\libhal_bsp.a(alt_sys_init.o)
 .bss           0x00009024        0x0 ../DE1_SD_Card_Audio_bsp/\libhal_bsp.a(altera_avalon_cfi_flash.o)
 .bss           0x00009024        0x0 ../DE1_SD_Card_Audio_bsp/\libhal_bsp.a(altera_avalon_cfi_flash_table.o)
 .bss           0x00009024        0x0 ../DE1_SD_Card_Audio_bsp/\libhal_bsp.a(altera_avalon_epcs_flash_controller.o)
 .bss           0x00009024        0x0 ../DE1_SD_Card_Audio_bsp/\libhal_bsp.a(altera_avalon_jtag_uart_fd.o)
 .bss           0x00009024        0x0 ../DE1_SD_Card_Audio_bsp/\libhal_bsp.a(altera_avalon_jtag_uart_init.o)
 .bss           0x00009024        0x0 ../DE1_SD_Card_Audio_bsp/\libhal_bsp.a(altera_avalon_jtag_uart_ioctl.o)
 .bss           0x00009024        0x0 ../DE1_SD_Card_Audio_bsp/\libhal_bsp.a(altera_avalon_jtag_uart_read.o)
 .bss           0x00009024        0x0 ../DE1_SD_Card_Audio_bsp/\libhal_bsp.a(altera_avalon_jtag_uart_write.o)
 .bss           0x00009024        0x0 ../DE1_SD_Card_Audio_bsp/\libhal_bsp.a(altera_avalon_timer_sc.o)
 .bss           0x00009024        0x0 ../DE1_SD_Card_Audio_bsp/\libhal_bsp.a(altera_avalon_uart_fd.o)
 .bss           0x00009024        0x0 ../DE1_SD_Card_Audio_bsp/\libhal_bsp.a(altera_avalon_uart_init.o)
 .bss           0x00009024        0x0 ../DE1_SD_Card_Audio_bsp/\libhal_bsp.a(altera_avalon_uart_read.o)
 .bss           0x00009024        0x0 ../DE1_SD_Card_Audio_bsp/\libhal_bsp.a(altera_avalon_uart_write.o)
 .bss           0x00009024        0x0 ../DE1_SD_Card_Audio_bsp/\libhal_bsp.a(epcs_commands.o)
 .bss           0x00009024        0x0 ../DE1_SD_Card_Audio_bsp/\libhal_bsp.a(alt_alarm_start.o)
 .bss           0x00009024        0x0 ../DE1_SD_Card_Audio_bsp/\libhal_bsp.a(alt_busy_sleep.o)
 .bss           0x00009024        0x0 ../DE1_SD_Card_Audio_bsp/\libhal_bsp.a(alt_close.o)
 .bss           0x00009024        0x0 ../DE1_SD_Card_Audio_bsp/\libhal_bsp.a(alt_dcache_flush.o)
 .bss           0x00009024        0x0 ../DE1_SD_Card_Audio_bsp/\libhal_bsp.a(alt_dev.o)
 .bss           0x00009024        0x0 ../DE1_SD_Card_Audio_bsp/\libhal_bsp.a(alt_dev_llist_insert.o)
 .bss           0x00009024        0x0 ../DE1_SD_Card_Audio_bsp/\libhal_bsp.a(alt_do_ctors.o)
 .bss           0x00009024        0x0 ../DE1_SD_Card_Audio_bsp/\libhal_bsp.a(alt_do_dtors.o)
 .bss           0x00009024        0x0 ../DE1_SD_Card_Audio_bsp/\libhal_bsp.a(alt_errno.o)
 .bss           0x00009024        0x0 ../DE1_SD_Card_Audio_bsp/\libhal_bsp.a(alt_flash_dev.o)
 .bss           0x00009024        0x0 ../DE1_SD_Card_Audio_bsp/\libhal_bsp.a(alt_iic.o)
 .bss           0x00009024        0x0 ../DE1_SD_Card_Audio_bsp/\libhal_bsp.a(alt_iic_isr_register.o)
 .bss           0x00009024        0x0 ../DE1_SD_Card_Audio_bsp/\libhal_bsp.a(alt_io_redirect.o)
 .bss           0x00009024        0x0 ../DE1_SD_Card_Audio_bsp/\libhal_bsp.a(alt_irq_entry.o)
 .bss           0x00009024        0x0 ../DE1_SD_Card_Audio_bsp/\libhal_bsp.a(alt_irq_handler.o)
 .bss           0x00009024        0x0 ../DE1_SD_Card_Audio_bsp/\libhal_bsp.a(alt_irq_vars.o)
 .bss           0x00009024        0x0 ../DE1_SD_Card_Audio_bsp/\libhal_bsp.a(alt_open.o)
 .bss           0x00009024        0x0 ../DE1_SD_Card_Audio_bsp/\libhal_bsp.a(alt_release_fd.o)
 .bss           0x00009024        0x0 ../DE1_SD_Card_Audio_bsp/\libhal_bsp.a(alt_tick.o)
 .bss           0x00009024        0x0 ../DE1_SD_Card_Audio_bsp/\libhal_bsp.a(altera_nios2_qsys_irq.o)
 .bss           0x00009024        0x0 ../DE1_SD_Card_Audio_bsp/\libhal_bsp.a(altera_avalon_cfi_flash_amd.o)
 .bss           0x00009024        0x0 ../DE1_SD_Card_Audio_bsp/\libhal_bsp.a(altera_avalon_cfi_flash_intel.o)
 .bss           0x00009024        0x0 ../DE1_SD_Card_Audio_bsp/\libhal_bsp.a(altera_avalon_spi.o)
 .bss           0x00009024        0x0 ../DE1_SD_Card_Audio_bsp/\libhal_bsp.a(alt_exception_entry.o)
 .bss           0x00009024        0x0 ../DE1_SD_Card_Audio_bsp/\libhal_bsp.a(alt_find_dev.o)
 .bss           0x00009024        0x0 ../DE1_SD_Card_Audio_bsp/\libhal_bsp.a(alt_find_file.o)
 .bss           0x00009024        0x0 ../DE1_SD_Card_Audio_bsp/\libhal_bsp.a(alt_get_fd.o)
 .bss           0x00009024        0x0 c:/altera/11.1/nios2eds/bin/gnu/h-i686-mingw32/bin/../lib/gcc/nios2-elf/4.1.2/../../../../nios2-elf/lib\libc.a(lib_a-atexit.o)
 .bss           0x00009024        0x0 c:/altera/11.1/nios2eds/bin/gnu/h-i686-mingw32/bin/../lib/gcc/nios2-elf/4.1.2/../../../../nios2-elf/lib\libc.a(lib_a-exit.o)
 .bss           0x00009024        0x0 c:/altera/11.1/nios2eds/bin/gnu/h-i686-mingw32/bin/../lib/gcc/nios2-elf/4.1.2/../../../../nios2-elf/lib\libc.a(lib_a-impure.o)
 .bss           0x00009024        0x0 c:/altera/11.1/nios2eds/bin/gnu/h-i686-mingw32/bin/../lib/gcc/nios2-elf/4.1.2/../../../../nios2-elf/lib\libc.a(lib_a-int_errno.o)
 .bss           0x00009024        0x0 c:/altera/11.1/nios2eds/bin/gnu/h-i686-mingw32/bin/../lib/gcc/nios2-elf/4.1.2/../../../../nios2-elf/lib\libc.a(lib_a-memcmp.o)
 .bss           0x00009024        0x0 c:/altera/11.1/nios2eds/bin/gnu/h-i686-mingw32/bin/../lib/gcc/nios2-elf/4.1.2/../../../../nios2-elf/lib\libc.a(lib_a-memcpy.o)
 .bss           0x00009024        0x0 c:/altera/11.1/nios2eds/bin/gnu/h-i686-mingw32/bin/../lib/gcc/nios2-elf/4.1.2/../../../../nios2-elf/lib\libc.a(lib_a-strlen.o)
 .bss           0x00009024        0x0 c:/altera/11.1/nios2eds/bin/gnu/h-i686-mingw32/bin/../lib/gcc/nios2-elf/4.1.2/../../../../nios2-elf/lib\libc.a(lib_a-__atexit.o)
 .bss           0x00009024        0x0 c:/altera/11.1/nios2eds/bin/gnu/h-i686-mingw32/bin/../lib/gcc/nios2-elf/4.1.2/../../../../nios2-elf/lib\libc.a(lib_a-__call_atexit.o)
 .bss           0x00009024        0x0 c:/altera/11.1/nios2eds/bin/gnu/h-i686-mingw32/bin/../lib/gcc/nios2-elf/4.1.2\libgcc.a(lib2-divmod.o)
 .bss           0x00009024        0x0 ../DE1_SD_Card_Audio_bsp/\libhal_bsp.a(alt_exit.o)
 *(COMMON)
 COMMON         0x00009024       0x14 obj/default/hello_led.o
                0x00009024                response_buffer
 COMMON         0x00009038      0x100 ../DE1_SD_Card_Audio_bsp/\libhal_bsp.a(alt_irq_handler.o)
                0x00009038                alt_irq
 COMMON         0x00009138      0x190 c:/altera/11.1/nios2eds/bin/gnu/h-i686-mingw32/bin/../lib/gcc/nios2-elf/4.1.2/../../../../nios2-elf/lib\libc.a(lib_a-atexit.o)
                0x00009138                _atexit0
                0x000092c8                . = ALIGN (0x4)
                0x000092c8                __bss_end = ABSOLUTE (.)

.sdram_0        0x000092c8        0x0
                0x000092c8                PROVIDE (_alt_partition_sdram_0_start, ABSOLUTE (.))
 *(.sdram_0. sdram_0.*)
                0x000092c8                . = ALIGN (0x4)
                0x000092c8                PROVIDE (_alt_partition_sdram_0_end, ABSOLUTE (.))
                0x000092c8                _end = ABSOLUTE (.)
                0x000092c8                end = ABSOLUTE (.)
                0x000092c8                __alt_stack_base = ABSOLUTE (.)
                0x000092c8                PROVIDE (_alt_partition_sdram_0_load_addr, LOADADDR (.sdram_0))

.cfi_flash_0    0x00c00020        0x0
                0x00c00020                PROVIDE (_alt_partition_cfi_flash_0_start, ABSOLUTE (.))
 *(.cfi_flash_0. cfi_flash_0.*)
                0x00c00020                . = ALIGN (0x4)
                0x00c00020                PROVIDE (_alt_partition_cfi_flash_0_end, ABSOLUTE (.))
                0x00c00020                PROVIDE (_alt_partition_cfi_flash_0_load_addr, LOADADDR (.cfi_flash_0))

.sram_16bit_512k_0
                0x01080000        0x0
                0x01080000                PROVIDE (_alt_partition_sram_16bit_512k_0_start, ABSOLUTE (.))
 *(.sram_16bit_512k_0. sram_16bit_512k_0.*)
                0x01080000                . = ALIGN (0x4)
                0x01080000                PROVIDE (_alt_partition_sram_16bit_512k_0_end, ABSOLUTE (.))
                0x01080000                PROVIDE (_alt_partition_sram_16bit_512k_0_load_addr, LOADADDR (.sram_16bit_512k_0))

.epcs_controller
                0x01101800        0x0
                0x01101800                PROVIDE (_alt_partition_epcs_controller_start, ABSOLUTE (.))
 *(.epcs_controller. epcs_controller.*)
                0x01101800                . = ALIGN (0x4)
                0x01101800                PROVIDE (_alt_partition_epcs_controller_end, ABSOLUTE (.))
                0x01101800                PROVIDE (_alt_partition_epcs_controller_load_addr, LOADADDR (.epcs_controller))

.stab
 *(.stab)

.stabstr
 *(.stabstr)

.stab.excl
 *(.stab.excl)

.stab.exclstr
 *(.stab.exclstr)

.stab.index
 *(.stab.index)

.stab.indexstr
 *(.stab.indexstr)

.comment        0x00000000       0x26
 *(.comment)
 .comment       0x00000000       0x26 obj/default/hello_led.o
                                 0x27 (size before relaxing)
 .comment       0x00000000       0x27 c:/altera/11.1/nios2eds/bin/gnu/h-i686-mingw32/bin/../lib/gcc/nios2-elf/4.1.2/../../../../nios2-elf/lib\libc.a(lib_a-memset.o)
 .comment       0x00000000       0x27 ../DE1_SD_Card_Audio_bsp/\libhal_bsp.a(alt_main.o)
 .comment       0x00000000       0x27 ../DE1_SD_Card_Audio_bsp/\libhal_bsp.a(alt_usleep.o)
 .comment       0x00000000       0x27 ../DE1_SD_Card_Audio_bsp/\libhal_bsp.a(alt_sys_init.o)
 .comment       0x00000000       0x27 ../DE1_SD_Card_Audio_bsp/\libhal_bsp.a(altera_avalon_cfi_flash.o)
 .comment       0x00000000       0x27 ../DE1_SD_Card_Audio_bsp/\libhal_bsp.a(altera_avalon_cfi_flash_table.o)
 .comment       0x00000000       0x27 ../DE1_SD_Card_Audio_bsp/\libhal_bsp.a(altera_avalon_epcs_flash_controller.o)
 .comment       0x00000000       0x27 ../DE1_SD_Card_Audio_bsp/\libhal_bsp.a(altera_avalon_jtag_uart_fd.o)
 .comment       0x00000000       0x27 ../DE1_SD_Card_Audio_bsp/\libhal_bsp.a(altera_avalon_jtag_uart_init.o)
 .comment       0x00000000       0x27 ../DE1_SD_Card_Audio_bsp/\libhal_bsp.a(altera_avalon_jtag_uart_ioctl.o)
 .comment       0x00000000       0x27 ../DE1_SD_Card_Audio_bsp/\libhal_bsp.a(altera_avalon_jtag_uart_read.o)
 .comment       0x00000000       0x27 ../DE1_SD_Card_Audio_bsp/\libhal_bsp.a(altera_avalon_jtag_uart_write.o)
 .comment       0x00000000       0x27 ../DE1_SD_Card_Audio_bsp/\libhal_bsp.a(altera_avalon_timer_sc.o)
 .comment       0x00000000       0x27 ../DE1_SD_Card_Audio_bsp/\libhal_bsp.a(altera_avalon_uart_fd.o)
 .comment       0x00000000       0x27 ../DE1_SD_Card_Audio_bsp/\libhal_bsp.a(altera_avalon_uart_init.o)
 .comment       0x00000000       0x27 ../DE1_SD_Card_Audio_bsp/\libhal_bsp.a(altera_avalon_uart_read.o)
 .comment       0x00000000       0x27 ../DE1_SD_Card_Audio_bsp/\libhal_bsp.a(altera_avalon_uart_write.o)
 .comment       0x00000000       0x27 ../DE1_SD_Card_Audio_bsp/\libhal_bsp.a(epcs_commands.o)
 .comment       0x00000000       0x27 ../DE1_SD_Card_Audio_bsp/\libhal_bsp.a(alt_alarm_start.o)
 .comment       0x00000000       0x27 ../DE1_SD_Card_Audio_bsp/\libhal_bsp.a(alt_busy_sleep.o)
 .comment       0x00000000       0x27 ../DE1_SD_Card_Audio_bsp/\libhal_bsp.a(alt_close.o)
 .comment       0x00000000       0x27 ../DE1_SD_Card_Audio_bsp/\libhal_bsp.a(alt_dcache_flush.o)
 .comment       0x00000000       0x27 ../DE1_SD_Card_Audio_bsp/\libhal_bsp.a(alt_dev.o)
 .comment       0x00000000       0x27 ../DE1_SD_Card_Audio_bsp/\libhal_bsp.a(alt_dev_llist_insert.o)
 .comment       0x00000000       0x27 ../DE1_SD_Card_Audio_bsp/\libhal_bsp.a(alt_do_ctors.o)
 .comment       0x00000000       0x27 ../DE1_SD_Card_Audio_bsp/\libhal_bsp.a(alt_do_dtors.o)
 .comment       0x00000000       0x27 ../DE1_SD_Card_Audio_bsp/\libhal_bsp.a(alt_errno.o)
 .comment       0x00000000       0x27 ../DE1_SD_Card_Audio_bsp/\libhal_bsp.a(alt_flash_dev.o)
 .comment       0x00000000       0x27 ../DE1_SD_Card_Audio_bsp/\libhal_bsp.a(alt_iic.o)
 .comment       0x00000000       0x27 ../DE1_SD_Card_Audio_bsp/\libhal_bsp.a(alt_iic_isr_register.o)
 .comment       0x00000000       0x27 ../DE1_SD_Card_Audio_bsp/\libhal_bsp.a(alt_io_redirect.o)
 .comment       0x00000000       0x27 ../DE1_SD_Card_Audio_bsp/\libhal_bsp.a(alt_irq_handler.o)
 .comment       0x00000000       0x27 ../DE1_SD_Card_Audio_bsp/\libhal_bsp.a(alt_irq_vars.o)
 .comment       0x00000000       0x27 ../DE1_SD_Card_Audio_bsp/\libhal_bsp.a(alt_open.o)
 .comment       0x00000000       0x27 ../DE1_SD_Card_Audio_bsp/\libhal_bsp.a(alt_release_fd.o)
 .comment       0x00000000       0x27 ../DE1_SD_Card_Audio_bsp/\libhal_bsp.a(alt_tick.o)
 .comment       0x00000000       0x27 ../DE1_SD_Card_Audio_bsp/\libhal_bsp.a(altera_nios2_qsys_irq.o)
 .comment       0x00000000       0x27 ../DE1_SD_Card_Audio_bsp/\libhal_bsp.a(altera_avalon_cfi_flash_amd.o)
 .comment       0x00000000       0x27 ../DE1_SD_Card_Audio_bsp/\libhal_bsp.a(altera_avalon_cfi_flash_intel.o)
 .comment       0x00000000       0x27 ../DE1_SD_Card_Audio_bsp/\libhal_bsp.a(altera_avalon_spi.o)
 .comment       0x00000000       0x27 ../DE1_SD_Card_Audio_bsp/\libhal_bsp.a(alt_find_dev.o)
 .comment       0x00000000       0x27 ../DE1_SD_Card_Audio_bsp/\libhal_bsp.a(alt_find_file.o)
 .comment       0x00000000       0x27 ../DE1_SD_Card_Audio_bsp/\libhal_bsp.a(alt_get_fd.o)
 .comment       0x00000000       0x27 c:/altera/11.1/nios2eds/bin/gnu/h-i686-mingw32/bin/../lib/gcc/nios2-elf/4.1.2/../../../../nios2-elf/lib\libc.a(lib_a-atexit.o)
 .comment       0x00000000       0x27 c:/altera/11.1/nios2eds/bin/gnu/h-i686-mingw32/bin/../lib/gcc/nios2-elf/4.1.2/../../../../nios2-elf/lib\libc.a(lib_a-exit.o)
 .comment       0x00000000       0x27 c:/altera/11.1/nios2eds/bin/gnu/h-i686-mingw32/bin/../lib/gcc/nios2-elf/4.1.2/../../../../nios2-elf/lib\libc.a(lib_a-impure.o)
 .comment       0x00000000       0x27 c:/altera/11.1/nios2eds/bin/gnu/h-i686-mingw32/bin/../lib/gcc/nios2-elf/4.1.2/../../../../nios2-elf/lib\libc.a(lib_a-int_errno.o)
 .comment       0x00000000       0x27 c:/altera/11.1/nios2eds/bin/gnu/h-i686-mingw32/bin/../lib/gcc/nios2-elf/4.1.2/../../../../nios2-elf/lib\libc.a(lib_a-memcmp.o)
 .comment       0x00000000       0x27 c:/altera/11.1/nios2eds/bin/gnu/h-i686-mingw32/bin/../lib/gcc/nios2-elf/4.1.2/../../../../nios2-elf/lib\libc.a(lib_a-memcpy.o)
 .comment       0x00000000       0x27 c:/altera/11.1/nios2eds/bin/gnu/h-i686-mingw32/bin/../lib/gcc/nios2-elf/4.1.2/../../../../nios2-elf/lib\libc.a(lib_a-strlen.o)
 .comment       0x00000000       0x27 c:/altera/11.1/nios2eds/bin/gnu/h-i686-mingw32/bin/../lib/gcc/nios2-elf/4.1.2/../../../../nios2-elf/lib\libc.a(lib_a-__atexit.o)
 .comment       0x00000000       0x27 c:/altera/11.1/nios2eds/bin/gnu/h-i686-mingw32/bin/../lib/gcc/nios2-elf/4.1.2/../../../../nios2-elf/lib\libc.a(lib_a-__call_atexit.o)
 .comment       0x00000000       0x27 c:/altera/11.1/nios2eds/bin/gnu/h-i686-mingw32/bin/../lib/gcc/nios2-elf/4.1.2\libgcc.a(lib2-divmod.o)
 .comment       0x00000000       0x27 ../DE1_SD_Card_Audio_bsp/\libhal_bsp.a(alt_exit.o)

.debug
 *(.debug)

.line
 *(.line)

.debug_srcinfo
 *(.debug_srcinfo)

.debug_sfnames
 *(.debug_sfnames)

.debug_aranges  0x00000000      0x6f0
 *(.debug_aranges)
 .debug_aranges
                0x00000000       0x20 ../DE1_SD_Card_Audio_bsp//obj/HAL/src/crt0.o
 .debug_aranges
                0x00000020       0x20 obj/default/hello_led.o
 .debug_aranges
                0x00000040       0x20 c:/altera/11.1/nios2eds/bin/gnu/h-i686-mingw32/bin/../lib/gcc/nios2-elf/4.1.2/../../../../nios2-elf/lib\libc.a(lib_a-memset.o)
 .debug_aranges
                0x00000060       0x20 ../DE1_SD_Card_Audio_bsp/\libhal_bsp.a(alt_main.o)
 .debug_aranges
                0x00000080       0x20 ../DE1_SD_Card_Audio_bsp/\libhal_bsp.a(alt_usleep.o)
 .debug_aranges
                0x000000a0       0x20 ../DE1_SD_Card_Audio_bsp/\libhal_bsp.a(alt_sys_init.o)
 .debug_aranges
                0x000000c0       0x20 ../DE1_SD_Card_Audio_bsp/\libhal_bsp.a(altera_avalon_cfi_flash.o)
 .debug_aranges
                0x000000e0       0x20 ../DE1_SD_Card_Audio_bsp/\libhal_bsp.a(altera_avalon_cfi_flash_table.o)
 .debug_aranges
                0x00000100       0x20 ../DE1_SD_Card_Audio_bsp/\libhal_bsp.a(altera_avalon_epcs_flash_controller.o)
 .debug_aranges
                0x00000120       0x20 ../DE1_SD_Card_Audio_bsp/\libhal_bsp.a(altera_avalon_jtag_uart_fd.o)
 .debug_aranges
                0x00000140       0x20 ../DE1_SD_Card_Audio_bsp/\libhal_bsp.a(altera_avalon_jtag_uart_init.o)
 .debug_aranges
                0x00000160       0x20 ../DE1_SD_Card_Audio_bsp/\libhal_bsp.a(altera_avalon_jtag_uart_ioctl.o)
 .debug_aranges
                0x00000180       0x20 ../DE1_SD_Card_Audio_bsp/\libhal_bsp.a(altera_avalon_jtag_uart_read.o)
 .debug_aranges
                0x000001a0       0x20 ../DE1_SD_Card_Audio_bsp/\libhal_bsp.a(altera_avalon_jtag_uart_write.o)
 .debug_aranges
                0x000001c0       0x20 ../DE1_SD_Card_Audio_bsp/\libhal_bsp.a(altera_avalon_timer_sc.o)
 .debug_aranges
                0x000001e0       0x20 ../DE1_SD_Card_Audio_bsp/\libhal_bsp.a(altera_avalon_uart_fd.o)
 .debug_aranges
                0x00000200       0x20 ../DE1_SD_Card_Audio_bsp/\libhal_bsp.a(altera_avalon_uart_init.o)
 .debug_aranges
                0x00000220       0x20 ../DE1_SD_Card_Audio_bsp/\libhal_bsp.a(altera_avalon_uart_read.o)
 .debug_aranges
                0x00000240       0x20 ../DE1_SD_Card_Audio_bsp/\libhal_bsp.a(altera_avalon_uart_write.o)
 .debug_aranges
                0x00000260       0x20 ../DE1_SD_Card_Audio_bsp/\libhal_bsp.a(epcs_commands.o)
 .debug_aranges
                0x00000280       0x20 ../DE1_SD_Card_Audio_bsp/\libhal_bsp.a(alt_alarm_start.o)
 .debug_aranges
                0x000002a0       0x20 ../DE1_SD_Card_Audio_bsp/\libhal_bsp.a(alt_busy_sleep.o)
 .debug_aranges
                0x000002c0       0x20 ../DE1_SD_Card_Audio_bsp/\libhal_bsp.a(alt_close.o)
 .debug_aranges
                0x000002e0       0x20 ../DE1_SD_Card_Audio_bsp/\libhal_bsp.a(alt_dcache_flush.o)
 .debug_aranges
                0x00000300       0x20 ../DE1_SD_Card_Audio_bsp/\libhal_bsp.a(alt_dev.o)
 .debug_aranges
                0x00000320       0x20 ../DE1_SD_Card_Audio_bsp/\libhal_bsp.a(alt_dev_llist_insert.o)
 .debug_aranges
                0x00000340       0x20 ../DE1_SD_Card_Audio_bsp/\libhal_bsp.a(alt_do_ctors.o)
 .debug_aranges
                0x00000360       0x20 ../DE1_SD_Card_Audio_bsp/\libhal_bsp.a(alt_do_dtors.o)
 .debug_aranges
                0x00000380       0x20 ../DE1_SD_Card_Audio_bsp/\libhal_bsp.a(alt_flash_dev.o)
 .debug_aranges
                0x000003a0       0x20 ../DE1_SD_Card_Audio_bsp/\libhal_bsp.a(alt_iic.o)
 .debug_aranges
                0x000003c0       0x20 ../DE1_SD_Card_Audio_bsp/\libhal_bsp.a(alt_iic_isr_register.o)
 .debug_aranges
                0x000003e0       0x20 ../DE1_SD_Card_Audio_bsp/\libhal_bsp.a(alt_io_redirect.o)
 .debug_aranges
                0x00000400       0x30 ../DE1_SD_Card_Audio_bsp/\libhal_bsp.a(alt_irq_entry.o)
 .debug_aranges
                0x00000430       0x28 ../DE1_SD_Card_Audio_bsp/\libhal_bsp.a(alt_irq_handler.o)
 .debug_aranges
                0x00000458       0x20 ../DE1_SD_Card_Audio_bsp/\libhal_bsp.a(alt_open.o)
 .debug_aranges
                0x00000478       0x20 ../DE1_SD_Card_Audio_bsp/\libhal_bsp.a(alt_release_fd.o)
 .debug_aranges
                0x00000498       0x20 ../DE1_SD_Card_Audio_bsp/\libhal_bsp.a(alt_tick.o)
 .debug_aranges
                0x000004b8       0x20 ../DE1_SD_Card_Audio_bsp/\libhal_bsp.a(altera_nios2_qsys_irq.o)
 .debug_aranges
                0x000004d8       0x20 ../DE1_SD_Card_Audio_bsp/\libhal_bsp.a(altera_avalon_cfi_flash_amd.o)
 .debug_aranges
                0x000004f8       0x20 ../DE1_SD_Card_Audio_bsp/\libhal_bsp.a(altera_avalon_cfi_flash_intel.o)
 .debug_aranges
                0x00000518       0x20 ../DE1_SD_Card_Audio_bsp/\libhal_bsp.a(altera_avalon_spi.o)
 .debug_aranges
                0x00000538       0x38 ../DE1_SD_Card_Audio_bsp/\libhal_bsp.a(alt_exception_entry.o)
 .debug_aranges
                0x00000570       0x20 ../DE1_SD_Card_Audio_bsp/\libhal_bsp.a(alt_find_dev.o)
 .debug_aranges
                0x00000590       0x20 ../DE1_SD_Card_Audio_bsp/\libhal_bsp.a(alt_find_file.o)
 .debug_aranges
                0x000005b0       0x20 ../DE1_SD_Card_Audio_bsp/\libhal_bsp.a(alt_get_fd.o)
 .debug_aranges
                0x000005d0       0x20 c:/altera/11.1/nios2eds/bin/gnu/h-i686-mingw32/bin/../lib/gcc/nios2-elf/4.1.2/../../../../nios2-elf/lib\libc.a(lib_a-atexit.o)
 .debug_aranges
                0x000005f0       0x20 c:/altera/11.1/nios2eds/bin/gnu/h-i686-mingw32/bin/../lib/gcc/nios2-elf/4.1.2/../../../../nios2-elf/lib\libc.a(lib_a-exit.o)
 .debug_aranges
                0x00000610       0x20 c:/altera/11.1/nios2eds/bin/gnu/h-i686-mingw32/bin/../lib/gcc/nios2-elf/4.1.2/../../../../nios2-elf/lib\libc.a(lib_a-memcmp.o)
 .debug_aranges
                0x00000630       0x20 c:/altera/11.1/nios2eds/bin/gnu/h-i686-mingw32/bin/../lib/gcc/nios2-elf/4.1.2/../../../../nios2-elf/lib\libc.a(lib_a-memcpy.o)
 .debug_aranges
                0x00000650       0x20 c:/altera/11.1/nios2eds/bin/gnu/h-i686-mingw32/bin/../lib/gcc/nios2-elf/4.1.2/../../../../nios2-elf/lib\libc.a(lib_a-strlen.o)
 .debug_aranges
                0x00000670       0x20 c:/altera/11.1/nios2eds/bin/gnu/h-i686-mingw32/bin/../lib/gcc/nios2-elf/4.1.2/../../../../nios2-elf/lib\libc.a(lib_a-__atexit.o)
 .debug_aranges
                0x00000690       0x20 c:/altera/11.1/nios2eds/bin/gnu/h-i686-mingw32/bin/../lib/gcc/nios2-elf/4.1.2/../../../../nios2-elf/lib\libc.a(lib_a-__call_atexit.o)
 .debug_aranges
                0x000006b0       0x20 c:/altera/11.1/nios2eds/bin/gnu/h-i686-mingw32/bin/../lib/gcc/nios2-elf/4.1.2\libgcc.a(lib2-divmod.o)
 .debug_aranges
                0x000006d0       0x20 ../DE1_SD_Card_Audio_bsp/\libhal_bsp.a(alt_exit.o)

.debug_pubnames
                0x00000000     0x1027
 *(.debug_pubnames)
 .debug_pubnames
                0x00000000      0x146 obj/default/hello_led.o
 .debug_pubnames
                0x00000146       0x1d c:/altera/11.1/nios2eds/bin/gnu/h-i686-mingw32/bin/../lib/gcc/nios2-elf/4.1.2/../../../../nios2-elf/lib\libc.a(lib_a-memset.o)
 .debug_pubnames
                0x00000163       0x46 ../DE1_SD_Card_Audio_bsp/\libhal_bsp.a(alt_main.o)
 .debug_pubnames
                0x000001a9       0x1d ../DE1_SD_Card_Audio_bsp/\libhal_bsp.a(alt_usleep.o)
 .debug_pubnames
                0x000001c6       0x34 ../DE1_SD_Card_Audio_bsp/\libhal_bsp.a(alt_sys_init.o)
 .debug_pubnames
                0x000001fa       0xac ../DE1_SD_Card_Audio_bsp/\libhal_bsp.a(altera_avalon_cfi_flash.o)
 .debug_pubnames
                0x000002a6      0x27a ../DE1_SD_Card_Audio_bsp/\libhal_bsp.a(altera_avalon_cfi_flash_table.o)
 .debug_pubnames
                0x00000520       0xb5 ../DE1_SD_Card_Audio_bsp/\libhal_bsp.a(altera_avalon_epcs_flash_controller.o)
 .debug_pubnames
                0x000005d5       0xa5 ../DE1_SD_Card_Audio_bsp/\libhal_bsp.a(altera_avalon_jtag_uart_fd.o)
 .debug_pubnames
                0x0000067a       0x55 ../DE1_SD_Card_Audio_bsp/\libhal_bsp.a(altera_avalon_jtag_uart_init.o)
 .debug_pubnames
                0x000006cf       0x34 ../DE1_SD_Card_Audio_bsp/\libhal_bsp.a(altera_avalon_jtag_uart_ioctl.o)
 .debug_pubnames
                0x00000703       0x33 ../DE1_SD_Card_Audio_bsp/\libhal_bsp.a(altera_avalon_jtag_uart_read.o)
 .debug_pubnames
                0x00000736       0x34 ../DE1_SD_Card_Audio_bsp/\libhal_bsp.a(altera_avalon_jtag_uart_write.o)
 .debug_pubnames
                0x0000076a       0x2f ../DE1_SD_Card_Audio_bsp/\libhal_bsp.a(altera_avalon_timer_sc.o)
 .debug_pubnames
                0x00000799       0x71 ../DE1_SD_Card_Audio_bsp/\libhal_bsp.a(altera_avalon_uart_fd.o)
 .debug_pubnames
                0x0000080a       0x4b ../DE1_SD_Card_Audio_bsp/\libhal_bsp.a(altera_avalon_uart_init.o)
 .debug_pubnames
                0x00000855       0x2e ../DE1_SD_Card_Audio_bsp/\libhal_bsp.a(altera_avalon_uart_read.o)
 .debug_pubnames
                0x00000883       0x2f ../DE1_SD_Card_Audio_bsp/\libhal_bsp.a(altera_avalon_uart_write.o)
 .debug_pubnames
                0x000008b2       0xe1 ../DE1_SD_Card_Audio_bsp/\libhal_bsp.a(epcs_commands.o)
 .debug_pubnames
                0x00000993       0x26 ../DE1_SD_Card_Audio_bsp/\libhal_bsp.a(alt_alarm_start.o)
 .debug_pubnames
                0x000009b9       0x25 ../DE1_SD_Card_Audio_bsp/\libhal_bsp.a(alt_busy_sleep.o)
 .debug_pubnames
                0x000009de       0x1c ../DE1_SD_Card_Audio_bsp/\libhal_bsp.a(alt_close.o)
 .debug_pubnames
                0x000009fa       0x27 ../DE1_SD_Card_Audio_bsp/\libhal_bsp.a(alt_dcache_flush.o)
 .debug_pubnames
                0x00000a21       0x63 ../DE1_SD_Card_Audio_bsp/\libhal_bsp.a(alt_dev.o)
 .debug_pubnames
                0x00000a84       0x2b ../DE1_SD_Card_Audio_bsp/\libhal_bsp.a(alt_dev_llist_insert.o)
 .debug_pubnames
                0x00000aaf       0x20 ../DE1_SD_Card_Audio_bsp/\libhal_bsp.a(alt_do_ctors.o)
 .debug_pubnames
                0x00000acf       0x20 ../DE1_SD_Card_Audio_bsp/\libhal_bsp.a(alt_do_dtors.o)
 .debug_pubnames
                0x00000aef       0x20 ../DE1_SD_Card_Audio_bsp/\libhal_bsp.a(alt_errno.o)
 .debug_pubnames
                0x00000b0f       0x58 ../DE1_SD_Card_Audio_bsp/\libhal_bsp.a(alt_flash_dev.o)
 .debug_pubnames
                0x00000b67       0x6e ../DE1_SD_Card_Audio_bsp/\libhal_bsp.a(alt_iic.o)
 .debug_pubnames
                0x00000bd5       0x2b ../DE1_SD_Card_Audio_bsp/\libhal_bsp.a(alt_iic_isr_register.o)
 .debug_pubnames
                0x00000c00       0x26 ../DE1_SD_Card_Audio_bsp/\libhal_bsp.a(alt_io_redirect.o)
 .debug_pubnames
                0x00000c26       0x32 ../DE1_SD_Card_Audio_bsp/\libhal_bsp.a(alt_irq_handler.o)
 .debug_pubnames
                0x00000c58       0x3b ../DE1_SD_Card_Audio_bsp/\libhal_bsp.a(alt_irq_vars.o)
 .debug_pubnames
                0x00000c93       0x1b ../DE1_SD_Card_Audio_bsp/\libhal_bsp.a(alt_open.o)
 .debug_pubnames
                0x00000cae       0x25 ../DE1_SD_Card_Audio_bsp/\libhal_bsp.a(alt_release_fd.o)
 .debug_pubnames
                0x00000cd3       0x68 ../DE1_SD_Card_Audio_bsp/\libhal_bsp.a(alt_tick.o)
 .debug_pubnames
                0x00000d3b       0x31 ../DE1_SD_Card_Audio_bsp/\libhal_bsp.a(altera_nios2_qsys_irq.o)
 .debug_pubnames
                0x00000d6c       0x3e ../DE1_SD_Card_Audio_bsp/\libhal_bsp.a(altera_avalon_cfi_flash_amd.o)
 .debug_pubnames
                0x00000daa       0x42 ../DE1_SD_Card_Audio_bsp/\libhal_bsp.a(altera_avalon_cfi_flash_intel.o)
 .debug_pubnames
                0x00000dec       0x2d ../DE1_SD_Card_Audio_bsp/\libhal_bsp.a(altera_avalon_spi.o)
 .debug_pubnames
                0x00000e19       0x23 ../DE1_SD_Card_Audio_bsp/\libhal_bsp.a(alt_find_dev.o)
 .debug_pubnames
                0x00000e3c       0x24 ../DE1_SD_Card_Audio_bsp/\libhal_bsp.a(alt_find_file.o)
 .debug_pubnames
                0x00000e60       0x21 ../DE1_SD_Card_Audio_bsp/\libhal_bsp.a(alt_get_fd.o)
 .debug_pubnames
                0x00000e81       0x2a c:/altera/11.1/nios2eds/bin/gnu/h-i686-mingw32/bin/../lib/gcc/nios2-elf/4.1.2/../../../../nios2-elf/lib\libc.a(lib_a-atexit.o)
 .debug_pubnames
                0x00000eab       0x1b c:/altera/11.1/nios2eds/bin/gnu/h-i686-mingw32/bin/../lib/gcc/nios2-elf/4.1.2/../../../../nios2-elf/lib\libc.a(lib_a-exit.o)
 .debug_pubnames
                0x00000ec6       0x39 c:/altera/11.1/nios2eds/bin/gnu/h-i686-mingw32/bin/../lib/gcc/nios2-elf/4.1.2/../../../../nios2-elf/lib\libc.a(lib_a-impure.o)
 .debug_pubnames
                0x00000eff       0x1c c:/altera/11.1/nios2eds/bin/gnu/h-i686-mingw32/bin/../lib/gcc/nios2-elf/4.1.2/../../../../nios2-elf/lib\libc.a(lib_a-int_errno.o)
 .debug_pubnames
                0x00000f1b       0x1d c:/altera/11.1/nios2eds/bin/gnu/h-i686-mingw32/bin/../lib/gcc/nios2-elf/4.1.2/../../../../nios2-elf/lib\libc.a(lib_a-memcmp.o)
 .debug_pubnames
                0x00000f38       0x1d c:/altera/11.1/nios2eds/bin/gnu/h-i686-mingw32/bin/../lib/gcc/nios2-elf/4.1.2/../../../../nios2-elf/lib\libc.a(lib_a-memcpy.o)
 .debug_pubnames
                0x00000f55       0x1d c:/altera/11.1/nios2eds/bin/gnu/h-i686-mingw32/bin/../lib/gcc/nios2-elf/4.1.2/../../../../nios2-elf/lib\libc.a(lib_a-strlen.o)
 .debug_pubnames
                0x00000f72       0x2a c:/altera/11.1/nios2eds/bin/gnu/h-i686-mingw32/bin/../lib/gcc/nios2-elf/4.1.2/../../../../nios2-elf/lib\libc.a(lib_a-__atexit.o)
 .debug_pubnames
                0x00000f9c       0x27 c:/altera/11.1/nios2eds/bin/gnu/h-i686-mingw32/bin/../lib/gcc/nios2-elf/4.1.2/../../../../nios2-elf/lib\libc.a(lib_a-__call_atexit.o)
 .debug_pubnames
                0x00000fc3       0x48 c:/altera/11.1/nios2eds/bin/gnu/h-i686-mingw32/bin/../lib/gcc/nios2-elf/4.1.2\libgcc.a(lib2-divmod.o)
 .debug_pubnames
                0x0000100b       0x1c ../DE1_SD_Card_Audio_bsp/\libhal_bsp.a(alt_exit.o)

.debug_info     0x00000000    0x107fb
 *(.debug_info .gnu.linkonce.wi.*)
 .debug_info    0x00000000       0x7f ../DE1_SD_Card_Audio_bsp//obj/HAL/src/crt0.o
 .debug_info    0x0000007f      0x5fa obj/default/hello_led.o
 .debug_info    0x00000679      0x113 c:/altera/11.1/nios2eds/bin/gnu/h-i686-mingw32/bin/../lib/gcc/nios2-elf/4.1.2/../../../../nios2-elf/lib\libc.a(lib_a-memset.o)
 .debug_info    0x0000078c      0x225 ../DE1_SD_Card_Audio_bsp/\libhal_bsp.a(alt_main.o)
 .debug_info    0x000009b1      0x168 ../DE1_SD_Card_Audio_bsp/\libhal_bsp.a(alt_usleep.o)
 .debug_info    0x00000b19      0xe2c ../DE1_SD_Card_Audio_bsp/\libhal_bsp.a(alt_sys_init.o)
 .debug_info    0x00001945      0xb49 ../DE1_SD_Card_Audio_bsp/\libhal_bsp.a(altera_avalon_cfi_flash.o)
 .debug_info    0x0000248e      0xe35 ../DE1_SD_Card_Audio_bsp/\libhal_bsp.a(altera_avalon_cfi_flash_table.o)
 .debug_info    0x000032c3      0xb84 ../DE1_SD_Card_Audio_bsp/\libhal_bsp.a(altera_avalon_epcs_flash_controller.o)
 .debug_info    0x00003e47      0x7d9 ../DE1_SD_Card_Audio_bsp/\libhal_bsp.a(altera_avalon_jtag_uart_fd.o)
 .debug_info    0x00004620      0x601 ../DE1_SD_Card_Audio_bsp/\libhal_bsp.a(altera_avalon_jtag_uart_init.o)
 .debug_info    0x00004c21      0x443 ../DE1_SD_Card_Audio_bsp/\libhal_bsp.a(altera_avalon_jtag_uart_ioctl.o)
 .debug_info    0x00005064      0x546 ../DE1_SD_Card_Audio_bsp/\libhal_bsp.a(altera_avalon_jtag_uart_read.o)
 .debug_info    0x000055aa      0x53e ../DE1_SD_Card_Audio_bsp/\libhal_bsp.a(altera_avalon_jtag_uart_write.o)
 .debug_info    0x00005ae8      0x38b ../DE1_SD_Card_Audio_bsp/\libhal_bsp.a(altera_avalon_timer_sc.o)
 .debug_info    0x00005e73      0x63c ../DE1_SD_Card_Audio_bsp/\libhal_bsp.a(altera_avalon_uart_fd.o)
 .debug_info    0x000064af      0x50e ../DE1_SD_Card_Audio_bsp/\libhal_bsp.a(altera_avalon_uart_init.o)
 .debug_info    0x000069bd      0x4c2 ../DE1_SD_Card_Audio_bsp/\libhal_bsp.a(altera_avalon_uart_read.o)
 .debug_info    0x00006e7f      0x4c0 ../DE1_SD_Card_Audio_bsp/\libhal_bsp.a(altera_avalon_uart_write.o)
 .debug_info    0x0000733f      0x528 ../DE1_SD_Card_Audio_bsp/\libhal_bsp.a(epcs_commands.o)
 .debug_info    0x00007867      0x442 ../DE1_SD_Card_Audio_bsp/\libhal_bsp.a(alt_alarm_start.o)
 .debug_info    0x00007ca9      0x1ab ../DE1_SD_Card_Audio_bsp/\libhal_bsp.a(alt_busy_sleep.o)
 .debug_info    0x00007e54      0x467 ../DE1_SD_Card_Audio_bsp/\libhal_bsp.a(alt_close.o)
 .debug_info    0x000082bb      0x1a4 ../DE1_SD_Card_Audio_bsp/\libhal_bsp.a(alt_dcache_flush.o)
 .debug_info    0x0000845f      0x67f ../DE1_SD_Card_Audio_bsp/\libhal_bsp.a(alt_dev.o)
 .debug_info    0x00008ade      0x2b7 ../DE1_SD_Card_Audio_bsp/\libhal_bsp.a(alt_dev_llist_insert.o)
 .debug_info    0x00008d95      0x10f ../DE1_SD_Card_Audio_bsp/\libhal_bsp.a(alt_do_ctors.o)
 .debug_info    0x00008ea4      0x10e ../DE1_SD_Card_Audio_bsp/\libhal_bsp.a(alt_do_dtors.o)
 .debug_info    0x00008fb2      0x164 ../DE1_SD_Card_Audio_bsp/\libhal_bsp.a(alt_errno.o)
 .debug_info    0x00009116      0x599 ../DE1_SD_Card_Audio_bsp/\libhal_bsp.a(alt_flash_dev.o)
 .debug_info    0x000096af      0x493 ../DE1_SD_Card_Audio_bsp/\libhal_bsp.a(alt_iic.o)
 .debug_info    0x00009b42      0x314 ../DE1_SD_Card_Audio_bsp/\libhal_bsp.a(alt_iic_isr_register.o)
 .debug_info    0x00009e56      0x695 ../DE1_SD_Card_Audio_bsp/\libhal_bsp.a(alt_io_redirect.o)
 .debug_info    0x0000a4eb       0x84 ../DE1_SD_Card_Audio_bsp/\libhal_bsp.a(alt_irq_entry.o)
 .debug_info    0x0000a56f      0x275 ../DE1_SD_Card_Audio_bsp/\libhal_bsp.a(alt_irq_handler.o)
 .debug_info    0x0000a7e4      0x167 ../DE1_SD_Card_Audio_bsp/\libhal_bsp.a(alt_irq_vars.o)
 .debug_info    0x0000a94b      0x525 ../DE1_SD_Card_Audio_bsp/\libhal_bsp.a(alt_open.o)
 .debug_info    0x0000ae70      0x3f2 ../DE1_SD_Card_Audio_bsp/\libhal_bsp.a(alt_release_fd.o)
 .debug_info    0x0000b262      0x3fe ../DE1_SD_Card_Audio_bsp/\libhal_bsp.a(alt_tick.o)
 .debug_info    0x0000b660      0x163 ../DE1_SD_Card_Audio_bsp/\libhal_bsp.a(altera_nios2_qsys_irq.o)
 .debug_info    0x0000b7c3      0x8e9 ../DE1_SD_Card_Audio_bsp/\libhal_bsp.a(altera_avalon_cfi_flash_amd.o)
 .debug_info    0x0000c0ac      0x8df ../DE1_SD_Card_Audio_bsp/\libhal_bsp.a(altera_avalon_cfi_flash_intel.o)
 .debug_info    0x0000c98b      0x2a9 ../DE1_SD_Card_Audio_bsp/\libhal_bsp.a(altera_avalon_spi.o)
 .debug_info    0x0000cc34       0x8a ../DE1_SD_Card_Audio_bsp/\libhal_bsp.a(alt_exception_entry.o)
 .debug_info    0x0000ccbe      0x418 ../DE1_SD_Card_Audio_bsp/\libhal_bsp.a(alt_find_dev.o)
 .debug_info    0x0000d0d6      0x41f ../DE1_SD_Card_Audio_bsp/\libhal_bsp.a(alt_find_file.o)
 .debug_info    0x0000d4f5      0x460 ../DE1_SD_Card_Audio_bsp/\libhal_bsp.a(alt_get_fd.o)
 .debug_info    0x0000d955      0x181 c:/altera/11.1/nios2eds/bin/gnu/h-i686-mingw32/bin/../lib/gcc/nios2-elf/4.1.2/../../../../nios2-elf/lib\libc.a(lib_a-atexit.o)
 .debug_info    0x0000dad6      0x93f c:/altera/11.1/nios2eds/bin/gnu/h-i686-mingw32/bin/../lib/gcc/nios2-elf/4.1.2/../../../../nios2-elf/lib\libc.a(lib_a-exit.o)
 .debug_info    0x0000e415      0x93d c:/altera/11.1/nios2eds/bin/gnu/h-i686-mingw32/bin/../lib/gcc/nios2-elf/4.1.2/../../../../nios2-elf/lib\libc.a(lib_a-impure.o)
 .debug_info    0x0000ed52       0x8c c:/altera/11.1/nios2eds/bin/gnu/h-i686-mingw32/bin/../lib/gcc/nios2-elf/4.1.2/../../../../nios2-elf/lib\libc.a(lib_a-int_errno.o)
 .debug_info    0x0000edde      0x115 c:/altera/11.1/nios2eds/bin/gnu/h-i686-mingw32/bin/../lib/gcc/nios2-elf/4.1.2/../../../../nios2-elf/lib\libc.a(lib_a-memcmp.o)
 .debug_info    0x0000eef3      0x106 c:/altera/11.1/nios2eds/bin/gnu/h-i686-mingw32/bin/../lib/gcc/nios2-elf/4.1.2/../../../../nios2-elf/lib\libc.a(lib_a-memcpy.o)
 .debug_info    0x0000eff9       0xdb c:/altera/11.1/nios2eds/bin/gnu/h-i686-mingw32/bin/../lib/gcc/nios2-elf/4.1.2/../../../../nios2-elf/lib\libc.a(lib_a-strlen.o)
 .debug_info    0x0000f0d4      0x99c c:/altera/11.1/nios2eds/bin/gnu/h-i686-mingw32/bin/../lib/gcc/nios2-elf/4.1.2/../../../../nios2-elf/lib\libc.a(lib_a-__atexit.o)
 .debug_info    0x0000fa70      0x9e2 c:/altera/11.1/nios2eds/bin/gnu/h-i686-mingw32/bin/../lib/gcc/nios2-elf/4.1.2/../../../../nios2-elf/lib\libc.a(lib_a-__call_atexit.o)
 .debug_info    0x00010452      0x21c c:/altera/11.1/nios2eds/bin/gnu/h-i686-mingw32/bin/../lib/gcc/nios2-elf/4.1.2\libgcc.a(lib2-divmod.o)
 .debug_info    0x0001066e      0x18d ../DE1_SD_Card_Audio_bsp/\libhal_bsp.a(alt_exit.o)

.debug_abbrev   0x00000000     0x36e2
 *(.debug_abbrev)
 .debug_abbrev  0x00000000       0x14 ../DE1_SD_Card_Audio_bsp//obj/HAL/src/crt0.o
 .debug_abbrev  0x00000014      0x113 obj/default/hello_led.o
 .debug_abbrev  0x00000127       0xb8 c:/altera/11.1/nios2eds/bin/gnu/h-i686-mingw32/bin/../lib/gcc/nios2-elf/4.1.2/../../../../nios2-elf/lib\libc.a(lib_a-memset.o)
 .debug_abbrev  0x000001df       0xb7 ../DE1_SD_Card_Audio_bsp/\libhal_bsp.a(alt_main.o)
 .debug_abbrev  0x00000296       0x5d ../DE1_SD_Card_Audio_bsp/\libhal_bsp.a(alt_usleep.o)
 .debug_abbrev  0x000002f3      0x170 ../DE1_SD_Card_Audio_bsp/\libhal_bsp.a(alt_sys_init.o)
 .debug_abbrev  0x00000463      0x1bf ../DE1_SD_Card_Audio_bsp/\libhal_bsp.a(altera_avalon_cfi_flash.o)
 .debug_abbrev  0x00000622      0x185 ../DE1_SD_Card_Audio_bsp/\libhal_bsp.a(altera_avalon_cfi_flash_table.o)
 .debug_abbrev  0x000007a7      0x1bf ../DE1_SD_Card_Audio_bsp/\libhal_bsp.a(altera_avalon_epcs_flash_controller.o)
 .debug_abbrev  0x00000966       0xf7 ../DE1_SD_Card_Audio_bsp/\libhal_bsp.a(altera_avalon_jtag_uart_fd.o)
 .debug_abbrev  0x00000a5d      0x17c ../DE1_SD_Card_Audio_bsp/\libhal_bsp.a(altera_avalon_jtag_uart_init.o)
 .debug_abbrev  0x00000bd9       0xf0 ../DE1_SD_Card_Audio_bsp/\libhal_bsp.a(altera_avalon_jtag_uart_ioctl.o)
 .debug_abbrev  0x00000cc9      0x191 ../DE1_SD_Card_Audio_bsp/\libhal_bsp.a(altera_avalon_jtag_uart_read.o)
 .debug_abbrev  0x00000e5a      0x18d ../DE1_SD_Card_Audio_bsp/\libhal_bsp.a(altera_avalon_jtag_uart_write.o)
 .debug_abbrev  0x00000fe7      0x137 ../DE1_SD_Card_Audio_bsp/\libhal_bsp.a(altera_avalon_timer_sc.o)
 .debug_abbrev  0x0000111e       0xe8 ../DE1_SD_Card_Audio_bsp/\libhal_bsp.a(altera_avalon_uart_fd.o)
 .debug_abbrev  0x00001206      0x148 ../DE1_SD_Card_Audio_bsp/\libhal_bsp.a(altera_avalon_uart_init.o)
 .debug_abbrev  0x0000134e      0x174 ../DE1_SD_Card_Audio_bsp/\libhal_bsp.a(altera_avalon_uart_read.o)
 .debug_abbrev  0x000014c2      0x17b ../DE1_SD_Card_Audio_bsp/\libhal_bsp.a(altera_avalon_uart_write.o)
 .debug_abbrev  0x0000163d       0xe2 ../DE1_SD_Card_Audio_bsp/\libhal_bsp.a(epcs_commands.o)
 .debug_abbrev  0x0000171f      0x172 ../DE1_SD_Card_Audio_bsp/\libhal_bsp.a(alt_alarm_start.o)
 .debug_abbrev  0x00001891       0x6c ../DE1_SD_Card_Audio_bsp/\libhal_bsp.a(alt_busy_sleep.o)
 .debug_abbrev  0x000018fd       0xfb ../DE1_SD_Card_Audio_bsp/\libhal_bsp.a(alt_close.o)
 .debug_abbrev  0x000019f8       0x7a ../DE1_SD_Card_Audio_bsp/\libhal_bsp.a(alt_dcache_flush.o)
 .debug_abbrev  0x00001a72       0xc7 ../DE1_SD_Card_Audio_bsp/\libhal_bsp.a(alt_dev.o)
 .debug_abbrev  0x00001b39       0xf6 ../DE1_SD_Card_Audio_bsp/\libhal_bsp.a(alt_dev_llist_insert.o)
 .debug_abbrev  0x00001c2f       0x76 ../DE1_SD_Card_Audio_bsp/\libhal_bsp.a(alt_do_ctors.o)
 .debug_abbrev  0x00001ca5       0x76 ../DE1_SD_Card_Audio_bsp/\libhal_bsp.a(alt_do_dtors.o)
 .debug_abbrev  0x00001d1b       0x5e ../DE1_SD_Card_Audio_bsp/\libhal_bsp.a(alt_errno.o)
 .debug_abbrev  0x00001d79      0x121 ../DE1_SD_Card_Audio_bsp/\libhal_bsp.a(alt_flash_dev.o)
 .debug_abbrev  0x00001e9a      0x134 ../DE1_SD_Card_Audio_bsp/\libhal_bsp.a(alt_iic.o)
 .debug_abbrev  0x00001fce      0x14e ../DE1_SD_Card_Audio_bsp/\libhal_bsp.a(alt_iic_isr_register.o)
 .debug_abbrev  0x0000211c       0xf0 ../DE1_SD_Card_Audio_bsp/\libhal_bsp.a(alt_io_redirect.o)
 .debug_abbrev  0x0000220c       0x12 ../DE1_SD_Card_Audio_bsp/\libhal_bsp.a(alt_irq_entry.o)
 .debug_abbrev  0x0000221e      0x10c ../DE1_SD_Card_Audio_bsp/\libhal_bsp.a(alt_irq_handler.o)
 .debug_abbrev  0x0000232a       0x44 ../DE1_SD_Card_Audio_bsp/\libhal_bsp.a(alt_irq_vars.o)
 .debug_abbrev  0x0000236e      0x112 ../DE1_SD_Card_Audio_bsp/\libhal_bsp.a(alt_open.o)
 .debug_abbrev  0x00002480       0xc1 ../DE1_SD_Card_Audio_bsp/\libhal_bsp.a(alt_release_fd.o)
 .debug_abbrev  0x00002541      0x150 ../DE1_SD_Card_Audio_bsp/\libhal_bsp.a(alt_tick.o)
 .debug_abbrev  0x00002691       0x3f ../DE1_SD_Card_Audio_bsp/\libhal_bsp.a(altera_nios2_qsys_irq.o)
 .debug_abbrev  0x000026d0      0x14d ../DE1_SD_Card_Audio_bsp/\libhal_bsp.a(altera_avalon_cfi_flash_amd.o)
 .debug_abbrev  0x0000281d      0x14d ../DE1_SD_Card_Audio_bsp/\libhal_bsp.a(altera_avalon_cfi_flash_intel.o)
 .debug_abbrev  0x0000296a       0x7c ../DE1_SD_Card_Audio_bsp/\libhal_bsp.a(altera_avalon_spi.o)
 .debug_abbrev  0x000029e6       0x12 ../DE1_SD_Card_Audio_bsp/\libhal_bsp.a(alt_exception_entry.o)
 .debug_abbrev  0x000029f8       0xcf ../DE1_SD_Card_Audio_bsp/\libhal_bsp.a(alt_find_dev.o)
 .debug_abbrev  0x00002ac7       0xcf ../DE1_SD_Card_Audio_bsp/\libhal_bsp.a(alt_find_file.o)
 .debug_abbrev  0x00002b96       0xfb ../DE1_SD_Card_Audio_bsp/\libhal_bsp.a(alt_get_fd.o)
 .debug_abbrev  0x00002c91       0xb7 c:/altera/11.1/nios2eds/bin/gnu/h-i686-mingw32/bin/../lib/gcc/nios2-elf/4.1.2/../../../../nios2-elf/lib\libc.a(lib_a-atexit.o)
 .debug_abbrev  0x00002d48      0x16e c:/altera/11.1/nios2eds/bin/gnu/h-i686-mingw32/bin/../lib/gcc/nios2-elf/4.1.2/../../../../nios2-elf/lib\libc.a(lib_a-exit.o)
 .debug_abbrev  0x00002eb6      0x157 c:/altera/11.1/nios2eds/bin/gnu/h-i686-mingw32/bin/../lib/gcc/nios2-elf/4.1.2/../../../../nios2-elf/lib\libc.a(lib_a-impure.o)
 .debug_abbrev  0x0000300d       0x3b c:/altera/11.1/nios2eds/bin/gnu/h-i686-mingw32/bin/../lib/gcc/nios2-elf/4.1.2/../../../../nios2-elf/lib\libc.a(lib_a-int_errno.o)
 .debug_abbrev  0x00003048       0x7c c:/altera/11.1/nios2eds/bin/gnu/h-i686-mingw32/bin/../lib/gcc/nios2-elf/4.1.2/../../../../nios2-elf/lib\libc.a(lib_a-memcmp.o)
 .debug_abbrev  0x000030c4       0xb5 c:/altera/11.1/nios2eds/bin/gnu/h-i686-mingw32/bin/../lib/gcc/nios2-elf/4.1.2/../../../../nios2-elf/lib\libc.a(lib_a-memcpy.o)
 .debug_abbrev  0x00003179       0x8b c:/altera/11.1/nios2eds/bin/gnu/h-i686-mingw32/bin/../lib/gcc/nios2-elf/4.1.2/../../../../nios2-elf/lib\libc.a(lib_a-strlen.o)
 .debug_abbrev  0x00003204      0x1ae c:/altera/11.1/nios2eds/bin/gnu/h-i686-mingw32/bin/../lib/gcc/nios2-elf/4.1.2/../../../../nios2-elf/lib\libc.a(lib_a-__atexit.o)
 .debug_abbrev  0x000033b2      0x1de c:/altera/11.1/nios2eds/bin/gnu/h-i686-mingw32/bin/../lib/gcc/nios2-elf/4.1.2/../../../../nios2-elf/lib\libc.a(lib_a-__call_atexit.o)
 .debug_abbrev  0x00003590       0xe0 c:/altera/11.1/nios2eds/bin/gnu/h-i686-mingw32/bin/../lib/gcc/nios2-elf/4.1.2\libgcc.a(lib2-divmod.o)
 .debug_abbrev  0x00003670       0x72 ../DE1_SD_Card_Audio_bsp/\libhal_bsp.a(alt_exit.o)

.debug_line     0x00000000     0xa320
 *(.debug_line)
 .debug_line    0x00000000       0x57 ../DE1_SD_Card_Audio_bsp//obj/HAL/src/crt0.o
 .debug_line    0x00000057      0xa01 obj/default/hello_led.o
 .debug_line    0x00000a58      0x301 c:/altera/11.1/nios2eds/bin/gnu/h-i686-mingw32/bin/../lib/gcc/nios2-elf/4.1.2/../../../../nios2-elf/lib\libc.a(lib_a-memset.o)
 .debug_line    0x00000d59      0x2c4 ../DE1_SD_Card_Audio_bsp/\libhal_bsp.a(alt_main.o)
 .debug_line    0x0000101d      0x1f9 ../DE1_SD_Card_Audio_bsp/\libhal_bsp.a(alt_usleep.o)
 .debug_line    0x00001216      0x387 ../DE1_SD_Card_Audio_bsp/\libhal_bsp.a(alt_sys_init.o)
 .debug_line    0x0000159d      0x56d ../DE1_SD_Card_Audio_bsp/\libhal_bsp.a(altera_avalon_cfi_flash.o)
 .debug_line    0x00001b0a      0x94b ../DE1_SD_Card_Audio_bsp/\libhal_bsp.a(altera_avalon_cfi_flash_table.o)
 .debug_line    0x00002455      0x6a1 ../DE1_SD_Card_Audio_bsp/\libhal_bsp.a(altera_avalon_epcs_flash_controller.o)
 .debug_line    0x00002af6      0x214 ../DE1_SD_Card_Audio_bsp/\libhal_bsp.a(altera_avalon_jtag_uart_fd.o)
 .debug_line    0x00002d0a      0x4a5 ../DE1_SD_Card_Audio_bsp/\libhal_bsp.a(altera_avalon_jtag_uart_init.o)
 .debug_line    0x000031af      0x311 ../DE1_SD_Card_Audio_bsp/\libhal_bsp.a(altera_avalon_jtag_uart_ioctl.o)
 .debug_line    0x000034c0      0x3f1 ../DE1_SD_Card_Audio_bsp/\libhal_bsp.a(altera_avalon_jtag_uart_read.o)
 .debug_line    0x000038b1      0x3ff ../DE1_SD_Card_Audio_bsp/\libhal_bsp.a(altera_avalon_jtag_uart_write.o)
 .debug_line    0x00003cb0      0x2ad ../DE1_SD_Card_Audio_bsp/\libhal_bsp.a(altera_avalon_timer_sc.o)
 .debug_line    0x00003f5d      0x1cf ../DE1_SD_Card_Audio_bsp/\libhal_bsp.a(altera_avalon_uart_fd.o)
 .debug_line    0x0000412c      0x48c ../DE1_SD_Card_Audio_bsp/\libhal_bsp.a(altera_avalon_uart_init.o)
 .debug_line    0x000045b8      0x3fe ../DE1_SD_Card_Audio_bsp/\libhal_bsp.a(altera_avalon_uart_read.o)
 .debug_line    0x000049b6      0x3df ../DE1_SD_Card_Audio_bsp/\libhal_bsp.a(altera_avalon_uart_write.o)
 .debug_line    0x00004d95      0x2b5 ../DE1_SD_Card_Audio_bsp/\libhal_bsp.a(epcs_commands.o)
 .debug_line    0x0000504a      0x2d6 ../DE1_SD_Card_Audio_bsp/\libhal_bsp.a(alt_alarm_start.o)
 .debug_line    0x00005320      0x253 ../DE1_SD_Card_Audio_bsp/\libhal_bsp.a(alt_busy_sleep.o)
 .debug_line    0x00005573      0x293 ../DE1_SD_Card_Audio_bsp/\libhal_bsp.a(alt_close.o)
 .debug_line    0x00005806      0x1db ../DE1_SD_Card_Audio_bsp/\libhal_bsp.a(alt_dcache_flush.o)
 .debug_line    0x000059e1      0x24e ../DE1_SD_Card_Audio_bsp/\libhal_bsp.a(alt_dev.o)
 .debug_line    0x00005c2f      0x254 ../DE1_SD_Card_Audio_bsp/\libhal_bsp.a(alt_dev_llist_insert.o)
 .debug_line    0x00005e83       0x83 ../DE1_SD_Card_Audio_bsp/\libhal_bsp.a(alt_do_ctors.o)
 .debug_line    0x00005f06       0x83 ../DE1_SD_Card_Audio_bsp/\libhal_bsp.a(alt_do_dtors.o)
 .debug_line    0x00005f89      0x1a4 ../DE1_SD_Card_Audio_bsp/\libhal_bsp.a(alt_errno.o)
 .debug_line    0x0000612d      0x262 ../DE1_SD_Card_Audio_bsp/\libhal_bsp.a(alt_flash_dev.o)
 .debug_line    0x0000638f      0x2c2 ../DE1_SD_Card_Audio_bsp/\libhal_bsp.a(alt_iic.o)
 .debug_line    0x00006651      0x243 ../DE1_SD_Card_Audio_bsp/\libhal_bsp.a(alt_iic_isr_register.o)
 .debug_line    0x00006894      0x2ae ../DE1_SD_Card_Audio_bsp/\libhal_bsp.a(alt_io_redirect.o)
 .debug_line    0x00006b42       0x6b ../DE1_SD_Card_Audio_bsp/\libhal_bsp.a(alt_irq_entry.o)
 .debug_line    0x00006bad      0x242 ../DE1_SD_Card_Audio_bsp/\libhal_bsp.a(alt_irq_handler.o)
 .debug_line    0x00006def       0x72 ../DE1_SD_Card_Audio_bsp/\libhal_bsp.a(alt_irq_vars.o)
 .debug_line    0x00006e61      0x2f9 ../DE1_SD_Card_Audio_bsp/\libhal_bsp.a(alt_open.o)
 .debug_line    0x0000715a       0xed ../DE1_SD_Card_Audio_bsp/\libhal_bsp.a(alt_release_fd.o)
 .debug_line    0x00007247      0x2d6 ../DE1_SD_Card_Audio_bsp/\libhal_bsp.a(alt_tick.o)
 .debug_line    0x0000751d      0x1c8 ../DE1_SD_Card_Audio_bsp/\libhal_bsp.a(altera_nios2_qsys_irq.o)
 .debug_line    0x000076e5      0x43f ../DE1_SD_Card_Audio_bsp/\libhal_bsp.a(altera_avalon_cfi_flash_amd.o)
 .debug_line    0x00007b24      0x431 ../DE1_SD_Card_Audio_bsp/\libhal_bsp.a(altera_avalon_cfi_flash_intel.o)
 .debug_line    0x00007f55      0x1ef ../DE1_SD_Card_Audio_bsp/\libhal_bsp.a(altera_avalon_spi.o)
 .debug_line    0x00008144       0xab ../DE1_SD_Card_Audio_bsp/\libhal_bsp.a(alt_exception_entry.o)
 .debug_line    0x000081ef      0x265 ../DE1_SD_Card_Audio_bsp/\libhal_bsp.a(alt_find_dev.o)
 .debug_line    0x00008454      0x276 ../DE1_SD_Card_Audio_bsp/\libhal_bsp.a(alt_find_file.o)
 .debug_line    0x000086ca      0x291 ../DE1_SD_Card_Audio_bsp/\libhal_bsp.a(alt_get_fd.o)
 .debug_line    0x0000895b      0x200 c:/altera/11.1/nios2eds/bin/gnu/h-i686-mingw32/bin/../lib/gcc/nios2-elf/4.1.2/../../../../nios2-elf/lib\libc.a(lib_a-atexit.o)
 .debug_line    0x00008b5b      0x238 c:/altera/11.1/nios2eds/bin/gnu/h-i686-mingw32/bin/../lib/gcc/nios2-elf/4.1.2/../../../../nios2-elf/lib\libc.a(lib_a-exit.o)
 .debug_line    0x00008d93      0x22d c:/altera/11.1/nios2eds/bin/gnu/h-i686-mingw32/bin/../lib/gcc/nios2-elf/4.1.2/../../../../nios2-elf/lib\libc.a(lib_a-impure.o)
 .debug_line    0x00008fc0      0x1df c:/altera/11.1/nios2eds/bin/gnu/h-i686-mingw32/bin/../lib/gcc/nios2-elf/4.1.2/../../../../nios2-elf/lib\libc.a(lib_a-int_errno.o)
 .debug_line    0x0000919f      0x29f c:/altera/11.1/nios2eds/bin/gnu/h-i686-mingw32/bin/../lib/gcc/nios2-elf/4.1.2/../../../../nios2-elf/lib\libc.a(lib_a-memcmp.o)
 .debug_line    0x0000943e      0x1ac c:/altera/11.1/nios2eds/bin/gnu/h-i686-mingw32/bin/../lib/gcc/nios2-elf/4.1.2/../../../../nios2-elf/lib\libc.a(lib_a-memcpy.o)
 .debug_line    0x000095ea      0x26d c:/altera/11.1/nios2eds/bin/gnu/h-i686-mingw32/bin/../lib/gcc/nios2-elf/4.1.2/../../../../nios2-elf/lib\libc.a(lib_a-strlen.o)
 .debug_line    0x00009857      0x313 c:/altera/11.1/nios2eds/bin/gnu/h-i686-mingw32/bin/../lib/gcc/nios2-elf/4.1.2/../../../../nios2-elf/lib\libc.a(lib_a-__atexit.o)
 .debug_line    0x00009b6a      0x367 c:/altera/11.1/nios2eds/bin/gnu/h-i686-mingw32/bin/../lib/gcc/nios2-elf/4.1.2/../../../../nios2-elf/lib\libc.a(lib_a-__call_atexit.o)
 .debug_line    0x00009ed1      0x24f c:/altera/11.1/nios2eds/bin/gnu/h-i686-mingw32/bin/../lib/gcc/nios2-elf/4.1.2\libgcc.a(lib2-divmod.o)
 .debug_line    0x0000a120      0x200 ../DE1_SD_Card_Audio_bsp/\libhal_bsp.a(alt_exit.o)

.debug_frame    0x00000000     0x1210
 *(.debug_frame)
 .debug_frame   0x00000000      0x110 obj/default/hello_led.o
 .debug_frame   0x00000110       0x20 c:/altera/11.1/nios2eds/bin/gnu/h-i686-mingw32/bin/../lib/gcc/nios2-elf/4.1.2/../../../../nios2-elf/lib\libc.a(lib_a-memset.o)
 .debug_frame   0x00000130       0x2c ../DE1_SD_Card_Audio_bsp/\libhal_bsp.a(alt_main.o)
 .debug_frame   0x0000015c       0x2c ../DE1_SD_Card_Audio_bsp/\libhal_bsp.a(alt_usleep.o)
 .debug_frame   0x00000188       0x64 ../DE1_SD_Card_Audio_bsp/\libhal_bsp.a(alt_sys_init.o)
 .debug_frame   0x000001ec       0xd4 ../DE1_SD_Card_Audio_bsp/\libhal_bsp.a(altera_avalon_cfi_flash.o)
 .debug_frame   0x000002c0      0x210 ../DE1_SD_Card_Audio_bsp/\libhal_bsp.a(altera_avalon_cfi_flash_table.o)
 .debug_frame   0x000004d0      0x128 ../DE1_SD_Card_Audio_bsp/\libhal_bsp.a(altera_avalon_epcs_flash_controller.o)
 .debug_frame   0x000005f8       0x80 ../DE1_SD_Card_Audio_bsp/\libhal_bsp.a(altera_avalon_jtag_uart_fd.o)
 .debug_frame   0x00000678       0x80 ../DE1_SD_Card_Audio_bsp/\libhal_bsp.a(altera_avalon_jtag_uart_init.o)
 .debug_frame   0x000006f8       0x2c ../DE1_SD_Card_Audio_bsp/\libhal_bsp.a(altera_avalon_jtag_uart_ioctl.o)
 .debug_frame   0x00000724       0x2c ../DE1_SD_Card_Audio_bsp/\libhal_bsp.a(altera_avalon_jtag_uart_read.o)
 .debug_frame   0x00000750       0x2c ../DE1_SD_Card_Audio_bsp/\libhal_bsp.a(altera_avalon_jtag_uart_write.o)
 .debug_frame   0x0000077c       0x48 ../DE1_SD_Card_Audio_bsp/\libhal_bsp.a(altera_avalon_timer_sc.o)
 .debug_frame   0x000007c4       0x64 ../DE1_SD_Card_Audio_bsp/\libhal_bsp.a(altera_avalon_uart_fd.o)
 .debug_frame   0x00000828       0x9c ../DE1_SD_Card_Audio_bsp/\libhal_bsp.a(altera_avalon_uart_init.o)
 .debug_frame   0x000008c4       0x48 ../DE1_SD_Card_Audio_bsp/\libhal_bsp.a(altera_avalon_uart_read.o)
 .debug_frame   0x0000090c       0x48 ../DE1_SD_Card_Audio_bsp/\libhal_bsp.a(altera_avalon_uart_write.o)
 .debug_frame   0x00000954      0x128 ../DE1_SD_Card_Audio_bsp/\libhal_bsp.a(epcs_commands.o)
 .debug_frame   0x00000a7c       0x2c ../DE1_SD_Card_Audio_bsp/\libhal_bsp.a(alt_alarm_start.o)
 .debug_frame   0x00000aa8       0x2c ../DE1_SD_Card_Audio_bsp/\libhal_bsp.a(alt_busy_sleep.o)
 .debug_frame   0x00000ad4       0x48 ../DE1_SD_Card_Audio_bsp/\libhal_bsp.a(alt_close.o)
 .debug_frame   0x00000b1c       0x2c ../DE1_SD_Card_Audio_bsp/\libhal_bsp.a(alt_dcache_flush.o)
 .debug_frame   0x00000b48       0x2c ../DE1_SD_Card_Audio_bsp/\libhal_bsp.a(alt_dev.o)
 .debug_frame   0x00000b74       0x48 ../DE1_SD_Card_Audio_bsp/\libhal_bsp.a(alt_dev_llist_insert.o)
 .debug_frame   0x00000bbc       0x2c ../DE1_SD_Card_Audio_bsp/\libhal_bsp.a(alt_do_ctors.o)
 .debug_frame   0x00000be8       0x2c ../DE1_SD_Card_Audio_bsp/\libhal_bsp.a(alt_do_dtors.o)
 .debug_frame   0x00000c14       0x48 ../DE1_SD_Card_Audio_bsp/\libhal_bsp.a(alt_flash_dev.o)
 .debug_frame   0x00000c5c       0x80 ../DE1_SD_Card_Audio_bsp/\libhal_bsp.a(alt_iic.o)
 .debug_frame   0x00000cdc       0x2c ../DE1_SD_Card_Audio_bsp/\libhal_bsp.a(alt_iic_isr_register.o)
 .debug_frame   0x00000d08       0x48 ../DE1_SD_Card_Audio_bsp/\libhal_bsp.a(alt_io_redirect.o)
 .debug_frame   0x00000d50       0x2c ../DE1_SD_Card_Audio_bsp/\libhal_bsp.a(alt_irq_handler.o)
 .debug_frame   0x00000d7c       0x64 ../DE1_SD_Card_Audio_bsp/\libhal_bsp.a(alt_open.o)
 .debug_frame   0x00000de0       0x2c ../DE1_SD_Card_Audio_bsp/\libhal_bsp.a(alt_release_fd.o)
 .debug_frame   0x00000e0c       0x48 ../DE1_SD_Card_Audio_bsp/\libhal_bsp.a(alt_tick.o)
 .debug_frame   0x00000e54       0x2c ../DE1_SD_Card_Audio_bsp/\libhal_bsp.a(altera_nios2_qsys_irq.o)
 .debug_frame   0x00000e80       0x80 ../DE1_SD_Card_Audio_bsp/\libhal_bsp.a(altera_avalon_cfi_flash_amd.o)
 .debug_frame   0x00000f00       0x80 ../DE1_SD_Card_Audio_bsp/\libhal_bsp.a(altera_avalon_cfi_flash_intel.o)
 .debug_frame   0x00000f80       0x2c ../DE1_SD_Card_Audio_bsp/\libhal_bsp.a(altera_avalon_spi.o)
 .debug_frame   0x00000fac       0x2c ../DE1_SD_Card_Audio_bsp/\libhal_bsp.a(alt_find_dev.o)
 .debug_frame   0x00000fd8       0x2c ../DE1_SD_Card_Audio_bsp/\libhal_bsp.a(alt_find_file.o)
 .debug_frame   0x00001004       0x2c ../DE1_SD_Card_Audio_bsp/\libhal_bsp.a(alt_get_fd.o)
 .debug_frame   0x00001030       0x20 c:/altera/11.1/nios2eds/bin/gnu/h-i686-mingw32/bin/../lib/gcc/nios2-elf/4.1.2/../../../../nios2-elf/lib\libc.a(lib_a-atexit.o)
 .debug_frame   0x00001050       0x28 c:/altera/11.1/nios2eds/bin/gnu/h-i686-mingw32/bin/../lib/gcc/nios2-elf/4.1.2/../../../../nios2-elf/lib\libc.a(lib_a-exit.o)
 .debug_frame   0x00001078       0x20 c:/altera/11.1/nios2eds/bin/gnu/h-i686-mingw32/bin/../lib/gcc/nios2-elf/4.1.2/../../../../nios2-elf/lib\libc.a(lib_a-memcmp.o)
 .debug_frame   0x00001098       0x20 c:/altera/11.1/nios2eds/bin/gnu/h-i686-mingw32/bin/../lib/gcc/nios2-elf/4.1.2/../../../../nios2-elf/lib\libc.a(lib_a-memcpy.o)
 .debug_frame   0x000010b8       0x20 c:/altera/11.1/nios2eds/bin/gnu/h-i686-mingw32/bin/../lib/gcc/nios2-elf/4.1.2/../../../../nios2-elf/lib\libc.a(lib_a-strlen.o)
 .debug_frame   0x000010d8       0x34 c:/altera/11.1/nios2eds/bin/gnu/h-i686-mingw32/bin/../lib/gcc/nios2-elf/4.1.2/../../../../nios2-elf/lib\libc.a(lib_a-__atexit.o)
 .debug_frame   0x0000110c       0x4c c:/altera/11.1/nios2eds/bin/gnu/h-i686-mingw32/bin/../lib/gcc/nios2-elf/4.1.2/../../../../nios2-elf/lib\libc.a(lib_a-__call_atexit.o)
 .debug_frame   0x00001158       0x70 c:/altera/11.1/nios2eds/bin/gnu/h-i686-mingw32/bin/../lib/gcc/nios2-elf/4.1.2\libgcc.a(lib2-divmod.o)
 .debug_frame   0x000011c8       0x48 ../DE1_SD_Card_Audio_bsp/\libhal_bsp.a(alt_exit.o)

.debug_str      0x00000000      0xf55
 *(.debug_str)
 .debug_str     0x00000000       0x12 obj/default/hello_led.o
 .debug_str     0x00000012      0x145 c:/altera/11.1/nios2eds/bin/gnu/h-i686-mingw32/bin/../lib/gcc/nios2-elf/4.1.2/../../../../nios2-elf/lib\libc.a(lib_a-memset.o)
                                0x17e (size before relaxing)
 .debug_str     0x00000157       0x12 ../DE1_SD_Card_Audio_bsp/\libhal_bsp.a(alt_main.o)
 .debug_str     0x00000169       0x12 ../DE1_SD_Card_Audio_bsp/\libhal_bsp.a(alt_usleep.o)
 .debug_str     0x0000017b       0x52 ../DE1_SD_Card_Audio_bsp/\libhal_bsp.a(alt_sys_init.o)
 .debug_str     0x000001cd       0x82 ../DE1_SD_Card_Audio_bsp/\libhal_bsp.a(altera_avalon_cfi_flash.o)
 .debug_str     0x0000024f       0x6d ../DE1_SD_Card_Audio_bsp/\libhal_bsp.a(altera_avalon_cfi_flash_table.o)
 .debug_str     0x000002bc       0x90 ../DE1_SD_Card_Audio_bsp/\libhal_bsp.a(altera_avalon_epcs_flash_controller.o)
 .debug_str     0x0000034c       0x12 ../DE1_SD_Card_Audio_bsp/\libhal_bsp.a(altera_avalon_jtag_uart_fd.o)
 .debug_str     0x0000035e       0x1a ../DE1_SD_Card_Audio_bsp/\libhal_bsp.a(altera_avalon_jtag_uart_init.o)
 .debug_str     0x00000378       0x12 ../DE1_SD_Card_Audio_bsp/\libhal_bsp.a(altera_avalon_jtag_uart_ioctl.o)
 .debug_str     0x0000038a       0x1a ../DE1_SD_Card_Audio_bsp/\libhal_bsp.a(altera_avalon_jtag_uart_read.o)
 .debug_str     0x000003a4       0x1a ../DE1_SD_Card_Audio_bsp/\libhal_bsp.a(altera_avalon_jtag_uart_write.o)
 .debug_str     0x000003be       0x12 ../DE1_SD_Card_Audio_bsp/\libhal_bsp.a(altera_avalon_timer_sc.o)
 .debug_str     0x000003d0       0x12 ../DE1_SD_Card_Audio_bsp/\libhal_bsp.a(altera_avalon_uart_fd.o)
 .debug_str     0x000003e2       0x19 ../DE1_SD_Card_Audio_bsp/\libhal_bsp.a(altera_avalon_uart_init.o)
 .debug_str     0x000003fb       0x1a ../DE1_SD_Card_Audio_bsp/\libhal_bsp.a(altera_avalon_uart_read.o)
 .debug_str     0x00000415       0x1a ../DE1_SD_Card_Audio_bsp/\libhal_bsp.a(altera_avalon_uart_write.o)
 .debug_str     0x0000042f       0x1e ../DE1_SD_Card_Audio_bsp/\libhal_bsp.a(epcs_commands.o)
 .debug_str     0x0000044d       0x23 ../DE1_SD_Card_Audio_bsp/\libhal_bsp.a(alt_alarm_start.o)
 .debug_str     0x00000470       0x12 ../DE1_SD_Card_Audio_bsp/\libhal_bsp.a(alt_busy_sleep.o)
 .debug_str     0x00000482       0x12 ../DE1_SD_Card_Audio_bsp/\libhal_bsp.a(alt_close.o)
 .debug_str     0x00000494       0x12 ../DE1_SD_Card_Audio_bsp/\libhal_bsp.a(alt_dcache_flush.o)
 .debug_str     0x000004a6       0x12 ../DE1_SD_Card_Audio_bsp/\libhal_bsp.a(alt_dev.o)
 .debug_str     0x000004b8       0x12 ../DE1_SD_Card_Audio_bsp/\libhal_bsp.a(alt_dev_llist_insert.o)
 .debug_str     0x000004ca       0x12 ../DE1_SD_Card_Audio_bsp/\libhal_bsp.a(alt_errno.o)
 .debug_str     0x000004dc       0x2d ../DE1_SD_Card_Audio_bsp/\libhal_bsp.a(alt_flash_dev.o)
 .debug_str     0x00000509       0x18 ../DE1_SD_Card_Audio_bsp/\libhal_bsp.a(alt_iic.o)
 .debug_str     0x00000521       0x1a ../DE1_SD_Card_Audio_bsp/\libhal_bsp.a(alt_iic_isr_register.o)
 .debug_str     0x0000053b       0x12 ../DE1_SD_Card_Audio_bsp/\libhal_bsp.a(alt_io_redirect.o)
 .debug_str     0x0000054d       0x12 ../DE1_SD_Card_Audio_bsp/\libhal_bsp.a(alt_irq_handler.o)
 .debug_str     0x0000055f       0x12 ../DE1_SD_Card_Audio_bsp/\libhal_bsp.a(alt_open.o)
 .debug_str     0x00000571       0x1a ../DE1_SD_Card_Audio_bsp/\libhal_bsp.a(alt_tick.o)
 .debug_str     0x0000058b       0x12 ../DE1_SD_Card_Audio_bsp/\libhal_bsp.a(altera_nios2_qsys_irq.o)
 .debug_str     0x0000059d       0x76 ../DE1_SD_Card_Audio_bsp/\libhal_bsp.a(altera_avalon_cfi_flash_amd.o)
 .debug_str     0x00000613       0x7d ../DE1_SD_Card_Audio_bsp/\libhal_bsp.a(altera_avalon_cfi_flash_intel.o)
 .debug_str     0x00000690       0x12 ../DE1_SD_Card_Audio_bsp/\libhal_bsp.a(alt_find_dev.o)
 .debug_str     0x000006a2       0x12 ../DE1_SD_Card_Audio_bsp/\libhal_bsp.a(alt_find_file.o)
 .debug_str     0x000006b4       0x12 ../DE1_SD_Card_Audio_bsp/\libhal_bsp.a(alt_get_fd.o)
 .debug_str     0x000006c6      0x11d c:/altera/11.1/nios2eds/bin/gnu/h-i686-mingw32/bin/../lib/gcc/nios2-elf/4.1.2/../../../../nios2-elf/lib\libc.a(lib_a-atexit.o)
                                0x1bf (size before relaxing)
 .debug_str     0x000007e3      0x384 c:/altera/11.1/nios2eds/bin/gnu/h-i686-mingw32/bin/../lib/gcc/nios2-elf/4.1.2/../../../../nios2-elf/lib\libc.a(lib_a-exit.o)
                                0x50c (size before relaxing)
 .debug_str     0x00000b67       0xd1 c:/altera/11.1/nios2eds/bin/gnu/h-i686-mingw32/bin/../lib/gcc/nios2-elf/4.1.2/../../../../nios2-elf/lib\libc.a(lib_a-impure.o)
                                0x51a (size before relaxing)
 .debug_str     0x00000c38       0x3d c:/altera/11.1/nios2eds/bin/gnu/h-i686-mingw32/bin/../lib/gcc/nios2-elf/4.1.2/../../../../nios2-elf/lib\libc.a(lib_a-int_errno.o)
                                0x163 (size before relaxing)
 .debug_str     0x00000c75       0x42 c:/altera/11.1/nios2eds/bin/gnu/h-i686-mingw32/bin/../lib/gcc/nios2-elf/4.1.2/../../../../nios2-elf/lib\libc.a(lib_a-memcmp.o)
                                0x16a (size before relaxing)
 .debug_str     0x00000cb7       0x69 c:/altera/11.1/nios2eds/bin/gnu/h-i686-mingw32/bin/../lib/gcc/nios2-elf/4.1.2/../../../../nios2-elf/lib\libc.a(lib_a-memcpy.o)
                                0x128 (size before relaxing)
 .debug_str     0x00000d20       0x42 c:/altera/11.1/nios2eds/bin/gnu/h-i686-mingw32/bin/../lib/gcc/nios2-elf/4.1.2/../../../../nios2-elf/lib\libc.a(lib_a-strlen.o)
                                0x17d (size before relaxing)
 .debug_str     0x00000d62       0x51 c:/altera/11.1/nios2eds/bin/gnu/h-i686-mingw32/bin/../lib/gcc/nios2-elf/4.1.2/../../../../nios2-elf/lib\libc.a(lib_a-__atexit.o)
                                0x524 (size before relaxing)
 .debug_str     0x00000db3       0x7b c:/altera/11.1/nios2eds/bin/gnu/h-i686-mingw32/bin/../lib/gcc/nios2-elf/4.1.2/../../../../nios2-elf/lib\libc.a(lib_a-__call_atexit.o)
                                0x54e (size before relaxing)
 .debug_str     0x00000e2e      0x10b c:/altera/11.1/nios2eds/bin/gnu/h-i686-mingw32/bin/../lib/gcc/nios2-elf/4.1.2\libgcc.a(lib2-divmod.o)
                                0x1b4 (size before relaxing)
 .debug_str     0x00000f39       0x1c ../DE1_SD_Card_Audio_bsp/\libhal_bsp.a(alt_exit.o)

.debug_loc      0x00000000     0x1cd6
 *(.debug_loc)
 .debug_loc     0x00000000      0x184 obj/default/hello_led.o
 .debug_loc     0x00000184       0xa1 c:/altera/11.1/nios2eds/bin/gnu/h-i686-mingw32/bin/../lib/gcc/nios2-elf/4.1.2/../../../../nios2-elf/lib\libc.a(lib_a-memset.o)
 .debug_loc     0x00000225       0x2b ../DE1_SD_Card_Audio_bsp/\libhal_bsp.a(alt_main.o)
 .debug_loc     0x00000250       0x2b ../DE1_SD_Card_Audio_bsp/\libhal_bsp.a(alt_usleep.o)
 .debug_loc     0x0000027b       0x81 ../DE1_SD_Card_Audio_bsp/\libhal_bsp.a(alt_sys_init.o)
 .debug_loc     0x000002fc      0x12e ../DE1_SD_Card_Audio_bsp/\libhal_bsp.a(altera_avalon_cfi_flash.o)
 .debug_loc     0x0000042a      0x306 ../DE1_SD_Card_Audio_bsp/\libhal_bsp.a(altera_avalon_cfi_flash_table.o)
 .debug_loc     0x00000730      0x1af ../DE1_SD_Card_Audio_bsp/\libhal_bsp.a(altera_avalon_epcs_flash_controller.o)
 .debug_loc     0x000008df       0xac ../DE1_SD_Card_Audio_bsp/\libhal_bsp.a(altera_avalon_jtag_uart_fd.o)
 .debug_loc     0x0000098b       0xac ../DE1_SD_Card_Audio_bsp/\libhal_bsp.a(altera_avalon_jtag_uart_init.o)
 .debug_loc     0x00000a37       0x2b ../DE1_SD_Card_Audio_bsp/\libhal_bsp.a(altera_avalon_jtag_uart_ioctl.o)
 .debug_loc     0x00000a62       0x2b ../DE1_SD_Card_Audio_bsp/\libhal_bsp.a(altera_avalon_jtag_uart_read.o)
 .debug_loc     0x00000a8d       0x2b ../DE1_SD_Card_Audio_bsp/\libhal_bsp.a(altera_avalon_jtag_uart_write.o)
 .debug_loc     0x00000ab8       0x56 ../DE1_SD_Card_Audio_bsp/\libhal_bsp.a(altera_avalon_timer_sc.o)
 .debug_loc     0x00000b0e       0x81 ../DE1_SD_Card_Audio_bsp/\libhal_bsp.a(altera_avalon_uart_fd.o)
 .debug_loc     0x00000b8f       0xd7 ../DE1_SD_Card_Audio_bsp/\libhal_bsp.a(altera_avalon_uart_init.o)
 .debug_loc     0x00000c66       0x57 ../DE1_SD_Card_Audio_bsp/\libhal_bsp.a(altera_avalon_uart_read.o)
 .debug_loc     0x00000cbd       0x56 ../DE1_SD_Card_Audio_bsp/\libhal_bsp.a(altera_avalon_uart_write.o)
 .debug_loc     0x00000d13      0x1ae ../DE1_SD_Card_Audio_bsp/\libhal_bsp.a(epcs_commands.o)
 .debug_loc     0x00000ec1       0x2b ../DE1_SD_Card_Audio_bsp/\libhal_bsp.a(alt_alarm_start.o)